E/Qmage   (30279): decoding stream->hasLength()
E/Qmage   (30279): onDecode : QmageDecParseHeader call : QM
E/Qmage   (30279): Qmage parsing for decoding ok
E/Qmage   (30279): onDecode :  QmageHeader.NinePatched 0
E/Qmage   (30279): onDecode : QmageHeader Height() 32 Width() : 32 sampleSize : 1
E/Qmage   (30279): Qmage Make Color table
E/Qmage   (30279): SkBitmap::kIndex8_Config == config && 1 == sampleSize
E/Qmage   (30279): onDecode : return true QM
E/Qmage   (30279): onDecode : QmageDecodeFrame 20140421 Rev.6376 
E/Qmage   (30279): This is decoding
E/Qmage   (30279): decoding stream->hasLength()
E/Qmage   (30279): onDecode : QmageDecParseHeader call : QM
E/Qmage   (30279): Qmage parsing for decoding ok
E/Qmage   (30279): onDecode :  QmageHeader.NinePatched 0
E/Qmage   (30279): onDecode : QmageHeader Height() 32 Width() : 32 sampleSize : 1
E/Qmage   (30279): Qmage Make Color table
E/Qmage   (30279): SkBitmap::kIndex8_Config == config && 1 == sampleSize
E/Qmage   (30279): onDecode : return true QM
E/Qmage   (30279): onDecode : QmageDecodeFrame 20140421 Rev.6376 
E/Qmage   (30279): This is decoding
E/Qmage   (30279): decoding stream->hasLength()
E/Qmage   (30279): onDecode : QmageDecParseHeader call : QM
E/Qmage   (30279): Qmage parsing for decoding ok
E/Qmage   (30279): onDecode :  QmageHeader.NinePatched 0
E/Qmage   (30279): onDecode : QmageHeader Height() 32 Width() : 32 sampleSize : 1
E/Qmage   (30279): Qmage Make Color table
E/Qmage   (30279): SkBitmap::kIndex8_Config == config && 1 == sampleSize
E/Qmage   (30279): onDecode : return true QM
E/Qmage   (30279): onDecode : QmageDecodeFrame 20140421 Rev.6376 
E/Qmage   (30279): This is decoding
E/Qmage   (30279): decoding stream->hasLength()
E/Qmage   (30279): onDecode : QmageDecParseHeader call : QM
E/Qmage   (30279): Qmage parsing for decoding ok
E/Qmage   (30279): onDecode :  QmageHeader.NinePatched 0
E/Qmage   (30279): onDecode : QmageHeader Height() 32 Width() : 32 sampleSize : 1
E/Qmage   (30279): Qmage Make Color table
E/Qmage   (30279): SkBitmap::kIndex8_Config == config && 1 == sampleSize
E/Qmage   (30279): onDecode : return true QM
E/Qmage   (30279): onDecode : QmageDecodeFrame 20140421 Rev.6376 
E/Qmage   (30279): This is decoding
E/Qmage   (30279): decoding stream->hasLength()
E/Qmage   (30279): onDecode : QmageDecParseHeader call : QM
E/Qmage   (30279): Qmage parsing for decoding ok
E/Qmage   (30279): onDecode :  QmageHeader.NinePatched 0
E/Qmage   (30279): onDecode : QmageHeader Height() 32 Width() : 32 sampleSize : 1
E/Qmage   (30279): Qmage Make Color table
E/Qmage   (30279): SkBitmap::kIndex8_Config == config && 1 == sampleSize
E/Qmage   (30279): onDecode : return true QM
E/Qmage   (30279): onDecode : QmageDecodeFrame 20140421 Rev.6376 
E/Qmage   (30279): This is decoding
E/Qmage   (30279): decoding stream->hasLength()
E/Qmage   (30279): onDecode : QmageDecParseHeader call : QM
E/Qmage   (30279): Qmage parsing for decoding ok
E/Qmage   (30279): onDecode :  QmageHeader.NinePatched 0
E/Qmage   (30279): onDecode : QmageHeader Height() 32 Width() : 32 sampleSize : 1
E/Qmage   (30279): Qmage Make Color table
E/Qmage   (30279): SkBitmap::kIndex8_Config == config && 1 == sampleSize
E/Qmage   (30279): onDecode : return true QM
E/Qmage   (30279): onDecode : QmageDecodeFrame 20140421 Rev.6376 
E/Qmage   (30279): This is decoding
E/Qmage   (30279): decoding stream->hasLength()
E/Qmage   (30279): onDecode : QmageDecodeFrame 20140421 Rev.6376 
E/Qmage   (30279): This is decoding
E/Qmage   (30279): decoding stream->hasLength()
E/Qmage   (30279): onDecode : QmageDecParseHeader call : QM
E/Qmage   (30279): Qmage parsing for decoding ok
E/Qmage   (30279): onDecode :  QmageHeader.NinePatched 0
E/Qmage   (30279): onDecode : QmageHeader Height() 60 Width() : 60 sampleSize : 1
E/Qmage   (30279): Qmage Make Color table
E/Qmage   (30279): SkBitmap::kIndex8_Config == config && 1 == sampleSize
E/Qmage   (30279): onDecode : return true QM
E/Qmage   (30279): onDecode : QmageDecodeFrame 20140421 Rev.6376 
E/Qmage   (30279): This is decoding
E/Qmage   (30279): decoding stream->hasLength()
E/Qmage   (30279): onDecode : QmageDecParseHeader call : QM
E/Qmage   (30279): Qmage parsing for decoding ok
E/Qmage   (30279): onDecode :  QmageHeader.NinePatched 0
E/Qmage   (30279): onDecode : QmageHeader Height() 60 Width() : 60 sampleSize : 1
E/Qmage   (30279): Qmage Make Color table
E/Qmage   (30279): SkBitmap::kIndex8_Config == config && 1 == sampleSize
E/Qmage   (30279): onDecode : return true QM
E/Qmage   (30279): onDecode : QmageDecParseHeader call : QM
E/Qmage   (30279): Qmage parsing for decoding ok
E/Qmage   (30279): onDecode :  QmageHeader.NinePatched 0
E/Qmage   (30279): onDecode : QmageHeader Height() 32 Width() : 32 sampleSize : 1
E/Qmage   (30279): Qmage Make Color table
E/Qmage   (30279): SkBitmap::kIndex8_Config == config && 1 == sampleSize
E/Qmage   (30279): onDecode : return true QM
E/Qmage   (30279): onDecode : QmageDecodeFrame 20140421 Rev.6376 
E/Qmage   (30279): This is decoding
E/Qmage   (30279): decoding stream->hasLength()
E/Qmage   (30279): onDecode : QmageDecParseHeader call : QM
E/Qmage   (30279): Qmage parsing for decoding ok
E/Qmage   (30279): onDecode :  QmageHeader.NinePatched 0
E/Qmage   (30279): onDecode : QmageHeader Height() 32 Width() : 32 sampleSize : 1
E/Qmage   (30279): Qmage Make Color table
E/Qmage   (30279): SkBitmap::kIndex8_Config == config && 1 == sampleSize
E/Qmage   (30279): onDecode : return true QM
E/Qmage   (30279): onDecode : QmageDecodeFrame 20140421 Rev.6376 
E/Qmage   (30279): This is decoding
E/Qmage   (30279): decoding stream->hasLength()
E/Qmage   (30279): onDecode : QmageDecParseHeader call : QM
E/Qmage   (30279): Qmage parsing for decoding ok
E/Qmage   (30279): onDecode :  QmageHeader.NinePatched 0
E/Qmage   (30279): onDecode : QmageHeader Height() 32 Width() : 32 sampleSize : 1
E/Qmage   (30279): Qmage Make Color table
E/Qmage   (30279): SkBitmap::kIndex8_Config == config && 1 == sampleSize
E/Qmage   (30279): onDecode : return true QM
E/Qmage   (30279): onDecode : QmageDecodeFrame 20140421 Rev.6376 
E/Qmage   (30279): This is decoding
E/Qmage   (30279): decoding stream->hasLength()
E/Qmage   (30279): onDecode : QmageDecParseHeader call : QM
E/Qmage   (30279): Qmage parsing for decoding ok
E/Qmage   (30279): onDecode :  QmageHeader.NinePatched 0
E/Qmage   (30279): onDecode : QmageHeader Height() 32 Width() : 32 sampleSize : 1
E/Qmage   (30279): Qmage Make Color table
E/Qmage   (30279): SkBitmap::kIndex8_Config == config && 1 == sampleSize
E/Qmage   (30279): onDecode : return true QM
E/Qmage   (30279): onDecode : QmageDecodeFrame 20140421 Rev.6376 
E/Qmage   (30279): This is decoding
E/Qmage   (30279): decoding stream->hasLength()
E/Qmage   (30279): onDecode : QmageDecParseHeader call : QM
E/Qmage   (30279): Qmage parsing for decoding ok
E/Qmage   (30279): onDecode :  QmageHeader.NinePatched 0
E/Qmage   (30279): onDecode : QmageHeader Height() 32 Width() : 32 sampleSize : 1
E/Qmage   (30279): Qmage Make Color table
E/Qmage   (30279): SkBitmap::kIndex8_Config == config && 1 == sampleSize
E/Qmage   (30279): onDecode : return true QM
E/Qmage   (30279): onDecode : QmageDecodeFrame 20140421 Rev.6376 
E/Qmage   (30279): This is decoding
E/Qmage   (30279): decoding stream->hasLength()
E/Qmage   (30279): onDecode : QmageDecParseHeader call : QM
E/Qmage   (30279): Qmage parsing for decoding ok
E/Qmage   (30279): onDecode :  QmageHeader.NinePatched 0
E/Qmage   (30279): onDecode : QmageHeader Height() 32 Width() : 32 sampleSize : 1
E/Qmage   (30279): Qmage Make Color table
E/Qmage   (30279): SkBitmap::kIndex8_Config == config && 1 == sampleSize
E/Qmage   (30279): onDecode : return true QM
E/Qmage   (30279): onDecode : QmageDecodeFrame 20140421 Rev.6376 
E/Qmage   (30279): This is decoding
E/Qmage   (30279): decoding stream->hasLength()
E/Qmage   (30279): onDecode : QmageDecParseHeader call : QM
E/Qmage   (30279): Qmage parsing for decoding ok
E/Qmage   (30279): onDecode :  QmageHeader.NinePatched 0
E/Qmage   (30279): onDecode : QmageHeader Height() 32 Width() : 32 sampleSize : 1
E/Qmage   (30279): Qmage Make Color table
E/Qmage   (30279): SkBitmap::kIndex8_Config == config && 1 == sampleSize
E/Qmage   (30279): onDecode : return true QM
E/Qmage   (30279): onDecode : QmageDecodeFrame 20140421 Rev.6376 
E/Qmage   (30279): This is decoding
E/Qmage   (30279): decoding stream->hasLength()
E/Qmage   (30279): onDecode : QmageDecParseHeader call : QM
E/Qmage   (30279): Qmage parsing for decoding ok
E/Qmage   (30279): onDecode :  QmageHeader.NinePatched 0
E/Qmage   (30279): onDecode : QmageHeader Height() 32 Width() : 32 sampleSize : 1
E/Qmage   (30279): Qmage Make Color table
E/Qmage   (30279): SkBitmap::kIndex8_Config == config && 1 == sampleSize
E/Qmage   (30279): onDecode : return true QM
E/Qmage   (30279): onDecode : QmageDecodeFrame 20140421 Rev.6376 
E/Qmage   (30279): This is decoding
E/Qmage   (30279): decoding stream->hasLength()
E/Qmage   (30279): onDecode : QmageDecParseHeader call : QM
E/Qmage   (30279): Qmage parsing for decoding ok
E/Qmage   (30279): onDecode :  QmageHeader.NinePatched 0
E/Qmage   (30279): onDecode : QmageHeader Height() 60 Width() : 60 sampleSize : 1
E/Qmage   (30279): Qmage Make Color table
E/Qmage   (30279): SkBitmap::kIndex8_Config == config && 1 == sampleSize
E/Qmage   (30279): onDecode : return true QM
E/Qmage   (30279): onDecode : QmageDecodeFrame 20140421 Rev.6376 
E/Qmage   (30279): This is decoding
E/Qmage   (30279): decoding stream->hasLength()
E/Qmage   (30279): onDecode : QmageDecParseHeader call : QM
E/Qmage   (30279): Qmage parsing for decoding ok
E/Qmage   (30279): onDecode :  QmageHeader.NinePatched 0
E/Qmage   (30279): onDecode : QmageHeader Height() 60 Width() : 60 sampleSize : 1
E/Qmage   (30279): Qmage Make Color table
E/Qmage   (30279): SkBitmap::kIndex8_Config == config && 1 == sampleSize
E/Qmage   (30279): onDecode : return true QM
E/Qmage   (30279): onDecode : QmageDecodeFrame 20140421 Rev.6376 
E/Qmage   (30279): This is decoding
E/Qmage   (30279): decoding stream->hasLength()
E/Qmage   (30279): onDecode : QmageDecParseHeader call : QM
E/Qmage   (30279): Qmage parsing for decoding ok
E/Qmage   (30279): onDecode :  QmageHeader.NinePatched 0
E/Qmage   (30279): onDecode : QmageHeader Height() 32 Width() : 32 sampleSize : 1
E/Qmage   (30279): Qmage Make Color table
E/Qmage   (30279): SkBitmap::kIndex8_Config == config && 1 == sampleSize
E/Qmage   (30279): onDecode : return true QM
I/TwGLCameraBaseIndicators(30279): setWifiDirectStatus
D/Camera  (30279): checkWifiConnection
E/Qmage   (30279): onDecode : QmageDecodeFrame 20140421 Rev.6376 
E/Qmage   (30279): This is decoding
E/Qmage   (30279): decoding stream->hasLength()
E/Qmage   (30279): onDecode : QmageDecParseHeader call : QM
E/Qmage   (30279): Qmage parsing for decoding ok
E/Qmage   (30279): onDecode :  QmageHeader.NinePatched 0
E/Qmage   (30279): onDecode : QmageHeader Height() 60 Width() : 60 sampleSize : 1
E/Qmage   (30279): Qmage Make Color table
E/Qmage   (30279): SkBitmap::kIndex8_Config == config && 1 == sampleSize
E/Qmage   (30279): onDecode : return true QM
E/Qmage   (30279): onDecode : QmageDecodeFrame 20140421 Rev.6376 
E/Qmage   (30279): This is decoding
E/Qmage   (30279): decoding stream->hasLength()
E/Qmage   (30279): onDecode : QmageDecParseHeader call : QM
E/Qmage   (30279): Qmage parsing for decoding ok
E/Qmage   (30279): onDecode :  QmageHeader.NinePatched 0
E/Qmage   (30279): onDecode : QmageHeader Height() 60 Width() : 60 sampleSize : 1
E/Qmage   (30279): Qmage Make Color table
E/Qmage   (30279): SkBitmap::kIndex8_Config == config && 1 == sampleSize
E/Qmage   (30279): onDecode : return true QM
D/dalvikvm(30279): GC_CONCURRENT freed 1401K, 43% free 4390K/7636K, paused 2ms+2ms, total 53ms
D/dalvikvm(30279): WAIT_FOR_CONCURRENT_GC blocked 13ms
D/dalvikvm(30279): WAIT_FOR_CONCURRENT_GC blocked 20ms
E/Qmage   (30279): onDecode : QmageDecodeFrame 20140421 Rev.6376 
E/Qmage   (30279): This is decoding
E/Qmage   (30279): decoding stream->hasLength()
E/Qmage   (30279): onDecode : QmageDecParseHeader call : QM
E/Qmage   (30279): Qmage parsing for decoding ok
E/Qmage   (30279): onDecode :  QmageHeader.NinePatched 0
E/Qmage   (30279): onDecode : QmageHeader Height() 600 Width() : 112 sampleSize : 1
E/Qmage   (30279): Qmage Make Color table
E/Qmage   (30279): SkBitmap::kIndex8_Config == config && 1 == sampleSize
E/Qmage   (30279): onDecode : return true QM
E/Qmage   (30279): onDecode : QmageDecodeFrame 20140421 Rev.6376 
E/Qmage   (30279): This is decoding
E/Qmage   (30279): decoding stream->hasLength()
E/Qmage   (30279): onDecode : QmageDecParseHeader call : QM
E/Qmage   (30279): Qmage parsing for decoding ok
E/Qmage   (30279): onDecode :  QmageHeader.NinePatched 0
E/Qmage   (30279): onDecode : QmageHeader Height() 34 Width() : 34 sampleSize : 1
E/Qmage   (30279): Qmage Make Color table
E/Qmage   (30279): SkBitmap::kIndex8_Config == config && 1 == sampleSize
E/Qmage   (30279): onDecode : return true QM
E/Qmage   (30279): onDecode : QmageDecodeFrame 20140421 Rev.6376 
E/Qmage   (30279): This is decoding
E/Qmage   (30279): decoding stream->hasLength()
E/Qmage   (30279): onDecode : QmageDecParseHeader call : QM
E/Qmage   (30279): Qmage parsing for decoding ok
E/Qmage   (30279): onDecode :  QmageHeader.NinePatched 0
E/Qmage   (30279): onDecode : QmageHeader Height() 158 Width() : 75 sampleSize : 1
E/Qmage   (30279): normal image decoding
E/Qmage   (30279): onDecode : QmageDecodeFrame call : QM
E/Qmage   (30279): onDecode : return true QM
E/Qmage   (30279): onDecode : QmageDecodeFrame 20140421 Rev.6376 
E/Qmage   (30279): This is decoding
E/Qmage   (30279): decoding stream->hasLength()
E/Qmage   (30279): onDecode : QmageDecParseHeader call : QM
E/Qmage   (30279): Qmage parsing for decoding ok
E/Qmage   (30279): onDecode :  QmageHeader.NinePatched 0
E/Qmage   (30279): onDecode : QmageHeader Height() 158 Width() : 75 sampleSize : 1
E/Qmage   (30279): normal image decoding
E/Qmage   (30279): onDecode : QmageDecodeFrame call : QM
E/Qmage   (30279): onDecode : return true QM
E/Qmage   (30279): onDecode : QmageDecodeFrame 20140421 Rev.6376 
E/Qmage   (30279): This is decoding
E/Qmage   (30279): decoding stream->hasLength()
E/Qmage   (30279): onDecode : QmageDecParseHeader call : QM
E/Qmage   (30279): Qmage parsing for decoding ok
E/Qmage   (30279): onDecode :  QmageHeader.NinePatched 0
E/Qmage   (30279): onDecode : QmageHeader Height() 64 Width() : 64 sampleSize : 1
E/Qmage   (30279): Qmage Make Color table
E/Qmage   (30279): SkBitmap::kIndex8_Config == config && 1 == sampleSize
E/Qmage   (30279): onDecode : return true QM
E/Qmage   (30279): onDecode : QmageDecodeFrame 20140421 Rev.6376 
E/Qmage   (30279): This is decoding
E/Qmage   (30279): decoding stream->hasLength()
E/Qmage   (30279): onDecode : QmageDecParseHeader call : QM
E/Qmage   (30279): Qmage parsing for decoding ok
E/Qmage   (30279): onDecode :  QmageHeader.NinePatched 0
E/Qmage   (30279): onDecode : QmageHeader Height() 40 Width() : 40 sampleSize : 1
E/Qmage   (30279): Qmage Make Color table
E/Qmage   (30279): SkBitmap::kIndex8_Config == config && 1 == sampleSize
E/Qmage   (30279): onDecode : return true QM
E/Qmage   (30279): onDecode : QmageDecodeFrame 20140421 Rev.6376 
E/Qmage   (30279): This is decoding
E/Qmage   (30279): decoding stream->hasLength()
E/Qmage   (30279): onDecode : QmageDecParseHeader call : QM
E/Qmage   (30279): Qmage parsing for decoding ok
E/Qmage   (30279): onDecode :  QmageHeader.NinePatched 0
E/Qmage   (30279): onDecode : QmageHeader Height() 88 Width() : 88 sampleSize : 1
E/Qmage   (30279): Qmage Make Color table
E/Qmage   (30279): SkBitmap::kIndex8_Config == config && 1 == sampleSize
E/Qmage   (30279): onDecode : return true QM
E/Qmage   (30279): onDecode : QmageDecodeFrame 20140421 Rev.6376 
E/Qmage   (30279): This is decoding
E/Qmage   (30279): decoding stream->hasLength()
E/Qmage   (30279): onDecode : QmageDecParseHeader call : QM
E/Qmage   (30279): Qmage parsing for decoding ok
E/Qmage   (30279): onDecode :  QmageHeader.NinePatched 0
E/Qmage   (30279): onDecode : QmageHeader Height() 88 Width() : 88 sampleSize : 1
E/Qmage   (30279): Qmage Make Color table
E/Qmage   (30279): SkBitmap::kIndex8_Config == config && 1 == sampleSize
E/Qmage   (30279): onDecode : return true QM
E/Qmage   (30279): onDecode : QmageDecodeFrame 20140421 Rev.6376 
E/Qmage   (30279): This is decoding
E/Qmage   (30279): decoding stream->hasLength()
E/Qmage   (30279): onDecode : QmageDecParseHeader call : QM
E/Qmage   (30279): Qmage parsing for decoding ok
E/Qmage   (30279): onDecode :  QmageHeader.NinePatched 0
E/Qmage   (30279): onDecode : QmageHeader Height() 22 Width() : 14 sampleSize : 1
E/Qmage   (30279): Qmage Make Color table
E/Qmage   (30279): SkBitmap::kIndex8_Config == config && 1 == sampleSize
E/Qmage   (30279): onDecode : return true QM
E/Qmage   (30279): onDecode : QmageDecodeFrame 20140421 Rev.6376 
E/Qmage   (30279): This is decoding
E/Qmage   (30279): decoding stream->hasLength()
E/Qmage   (30279): onDecode : QmageDecParseHeader call : QM
E/Qmage   (30279): Qmage parsing for decoding ok
E/Qmage   (30279): onDecode :  QmageHeader.NinePatched 0
E/Qmage   (30279): onDecode : QmageHeader Height() 22 Width() : 14 sampleSize : 1
E/Qmage   (30279): Qmage Make Color table
E/Qmage   (30279): SkBitmap::kIndex8_Config == config && 1 == sampleSize
E/Qmage   (30279): onDecode : return true QM
E/Qmage   (30279): onDecode : QmageDecodeFrame 20140421 Rev.6376 
E/Qmage   (30279): This is decoding
E/Qmage   (30279): decoding stream->hasLength()
E/Qmage   (30279): onDecode : QmageDecParseHeader call : QM
E/Qmage   (30279): Qmage parsing for decoding ok
E/Qmage   (30279): onDecode :  QmageHeader.NinePatched 0
E/Qmage   (30279): onDecode : QmageHeader Height() 22 Width() : 14 sampleSize : 1
E/Qmage   (30279): Qmage Make Color table
E/Qmage   (30279): SkBitmap::kIndex8_Config == config && 1 == sampleSize
E/Qmage   (30279): onDecode : return true QM
E/Qmage   (30279): onDecode : QmageDecodeFrame 20140421 Rev.6376 
E/Qmage   (30279): This is decoding
E/Qmage   (30279): decoding stream->hasLength()
E/Qmage   (30279): onDecode : QmageDecParseHeader call : QM
E/Qmage   (30279): Qmage parsing for decoding ok
E/Qmage   (30279): onDecode :  QmageHeader.NinePatched 0
E/Qmage   (30279): onDecode : QmageHeader Height() 22 Width() : 14 sampleSize : 1
E/Qmage   (30279): Qmage Make Color table
E/Qmage   (30279): SkBitmap::kIndex8_Config == config && 1 == sampleSize
E/Qmage   (30279): onDecode : return true QM
E/Qmage   (30279): onDecode : QmageDecodeFrame 20140421 Rev.6376 
E/Qmage   (30279): This is decoding
E/Qmage   (30279): decoding stream->hasLength()
E/Qmage   (30279): onDecode : QmageDecParseHeader call : QM
E/Qmage   (30279): Qmage parsing for decoding ok
E/Qmage   (30279): onDecode :  QmageHeader.NinePatched 0
E/Qmage   (30279): onDecode : QmageHeader Height() 22 Width() : 14 sampleSize : 1
E/Qmage   (30279): Qmage Make Color table
E/Qmage   (30279): SkBitmap::kIndex8_Config == config && 1 == sampleSize
E/Qmage   (30279): onDecode : return true QM
E/Qmage   (30279): onDecode : QmageDecodeFrame 20140421 Rev.6376 
E/Qmage   (30279): This is decoding
E/Qmage   (30279): decoding stream->hasLength()
E/Qmage   (30279): onDecode : QmageDecParseHeader call : QM
E/Qmage   (30279): Qmage parsing for decoding ok
E/Qmage   (30279): onDecode :  QmageHeader.NinePatched 0
E/Qmage   (30279): onDecode : QmageHeader Height() 22 Width() : 14 sampleSize : 1
E/Qmage   (30279): Qmage Make Color table
E/Qmage   (30279): SkBitmap::kIndex8_Config == config && 1 == sampleSize
E/Qmage   (30279): onDecode : return true QM
D/MrvlCameraEngine(  120): V4L2S_GetSensorFD: start to s info(0)
D/MrvlCameraEngine(  120): V4L2S_GetSensorFD: done to open camera
D/MrvlCameraEngine(  120): CAM_SCMD_GET_CAMERA_FD: open-true, fd-67
D/MrvlCameraEngine(  120): CAM_CMD_OPEN_CAMERA: camera fd-67
D/CameraMrvl(  120): Sync(3) Signal: disabled
D/CameraHardwareBase(  120): HAL_CMD_OPEN_CAMERA x
D/CameraHardwareBase(  120): getCommand: getCommand 0x40
D/CameraHardwareBase(  120): Enter processSetPreviewWindow( vendor/marvell/generic/camera-hal/samsung/camerahardware/CameraHardwareBase.cpp, 2131 )
D/CameraDisplay(  120): -ANativeWindowDisplay
D/CameraDisplay(  120): -_clearAllQueues
D/CameraDisplay(  120): -showQueueInfo
D/CameraDisplay(  120): setPreviewWindow:mANativeWindow=0x0, window=0x4a171a98
D/CameraDisplay(  120): -showQueueInfo
D/CameraHardwareBase(  120): Enter RegisterPreviewBuffers( vendor/marvell/generic/camera-hal/samsung/camerahardware/CameraHardwareBase.cpp, 463 )
D/CameraHardwareBase(  120): RegisterPreviewBuffers:mANativeWindow is valid
D/CameraHardwareBase(  120): RegisterPreviewBuffers:ANW path: preview size/format changed, switch to idle then preview, re-alloc buffers!
D/CameraHardwareBase(  120): Enter createANWPreviewBuffers( vendor/marvell/generic/camera-hal/samsung/camerahardware/CameraHardwareBase.cpp, 324 )
D/CameraHardwareBase(  120): Enter ClearPreviewBuffers( vendor/marvell/generic/camera-hal/samsung/camerahardware/CameraHardwareBase.cpp, 383 )
D/CameraDisplay(  120): -stop
D/CameraDisplay(  120): -showQueueInfo
D/CameraDisplay(  120): stop: display thread already stopped
D/CameraDisplay(  120): -~ANativeWindowDisplay
D/CameraDisplay(  120): -stop
D/CameraDisplay(  120): -showQueueInfo
D/CameraDisplay(  120): stop: display thread already stopped
D/CameraDisplay(  120): ~ANativeWindowDisplay:clean mANativeWindow
D/CameraDisplay(  120): -_clearCurrentWindow
D/CameraDisplay(  120): -showQueueInfo
D/CameraDisplay(  120): -_clearAllQueues
D/CameraDisplay(  120): -showQueueInfo
D/CameraHardwareBase(  120): Exit  ClearPreviewBuffers( vendor/marvell/generic/camera-hal/samsung/camerahardware/CameraHardwareBase.cpp, 420 )
D/CameraDisplay(  120): -ANativeWindowDisplay
D/CameraDisplay(  120): -_clearAllQueues
D/CameraDisplay(  120): -showQueueInfo
D/CameraDisplay(  120): setPreviewWindow:mANativeWindow=0x0, window=0x4a171a98
D/CameraDisplay(  120): -showQueueInfo
D/CameraDisplay(  120): -allocateBuffers
D/CameraDisplay(  120): allocateBuffers: mNativeBufCnt=9
D/CameraDisplay(  120): set_buffer_count = 9
D/CameraDisplay(  120): allocateBuffers:native window use format 0x13
D/CameraDisplay(  120): allocateBuffers:get_min_undequeued_buffer_count = 1
D/v_gal   (30279): [tid=30305] glmERROR: result=0x0501 @ glTexSubImage2D(8518)
D/TwGLTexture(30279): onLoad glGenTextures width : 85  height : 63
D/v_gal   (30279): [tid=30305] glmERROR: result=0x0501 @ glTexSubImage2D(8518)
D/TwGLTexture(30279): onLoad glGenTextures width : 85  height : 63
D/v_gal   (30279): [tid=30305] glmERROR: result=0x0501 @ glTexSubImage2D(8518)
D/TwGLTexture(30279): onLoad glGenTextures width : 170  height : 126
D/CameraHardwareBase(  120): Exit  createANWPreviewBuffers( vendor/marvell/generic/camera-hal/samsung/camerahardware/CameraHardwareBase.cpp, 351 )
D/CameraMrvl(  120): initPreviewParameters:using internal format:3008
D/MrvlCameraEngine(  120): CAM_CMD_SET_TRANS_BUF_COUNT: set max trans buffer count(8).
D/CameraMrvl(  120): initPreviewParameters: cur (640x480,3008), driver param (0x0,0)
D/MrvlCameraEngine(  120): _PortSetConfig: driver param (0x0, 0)
D/MrvlCameraEngine(  120): _set_port_size: 640x480, 0x0
D/MrvlCameraEngine(  120): ppu_try_module: do not need post process.
D/MrvlCameraEngine(  120): _set_port_format: 3008, 0
D/MrvlCameraEngine(  120): ppu_try_module: do not need post process.
D/MrvlCameraEngine(  120): ppu_try_module: do not need post process.
D/CameraBufferHolder(  120): *****buf state*****
D/CameraBufferHolder(  120): -->displayRef=1, engineRef=0, videoRef=0, processRef=0, msgRef=0
D/CameraBufferHolder(  120): -->displayRef=1, engineRef=0, videoRef=0, processRef=0, msgRef=0
D/CameraBufferHolder(  120): -->displayRef=1, engineRef=0, videoRef=0, processRef=0, msgRef=0
D/CameraBufferHolder(  120): -->displayRef=1, engineRef=0, videoRef=0, processRef=0, msgRef=0
D/CameraBufferHolder(  120): -->displayRef=1, engineRef=0, videoRef=0, processRef=0, msgRef=0
D/CameraBufferHolder(  120): -->displayRef=1, engineRef=0, videoRef=0, processRef=0, msgRef=0
D/CameraBufferHolder(  120): -->displayRef=1, engineRef=0, videoRef=0, processRef=0, msgRef=0
D/CameraBufferHolder(  120): -->displayRef=1, engineRef=0, videoRef=0, processRef=0, msgRef=0
D/CameraBufferHolder(  120): -->displayRef=1, engineRef=0, videoRef=0, processRef=0, msgRef=0
D/CameraHardwareBase(  120): Exit  RegisterPreviewBuffers( vendor/marvell/generic/camera-hal/samsung/camerahardware/CameraHardwareBase.cpp, 563 )
D/CameraDisplay(  120): start:start displaythread
D/CameraHardwareBase(  120): Exit  processSetPreviewWindow( vendor/marvell/generic/camera-hal/samsung/camerahardware/CameraHardwareBase.cpp, 2176 )
D/CameraMrvl(  120): Sync(2) Signal: signal
D/CameraMrvl(  120): Sync(2) Wait: end
D/CameraHardwareBase(  120): addCommandWait x 1 (0x40)
D/CameraHardwareBase(  120): Exit  setPreviewWindow( vendor/marvell/generic/camera-hal/samsung/camerahardware/CameraHardwareBase.cpp, 281 )
D/SecCameraCoreManager(  120): startPreview
D/ShotSingle(  120): startPreview
D/CameraHardwareBase(  120): Enter getParameters( vendor/marvell/generic/camera-hal/samsung/camerahardware/CameraHardwareBase.cpp, 2533 )
D/CameraHardwareBase(  120): Exit  getParameters( vendor/marvell/generic/camera-hal/samsung/camerahardware/CameraHardwareBase.cpp, 2548 )
V/ShotSingle(  120): startPreview(1)
D/CameraHardwareBase(  120): addCommand e (0x2)
D/CameraHardwareBase(  120): addCommand x (0x2)
D/CameraHardwareBase(  120): enqueueOnePreviewBuffer: engine preview buffer is diabled. skip this buffer.
D/CameraHardwareBase(  120): enqueueOnePreviewBuffer: engine preview buffer is diabled. skip this buffer.
D/CameraHardwareBase(  120): getCommand: getCommand 0x2
D/CameraHardwareBase(  120): Enter processPreviewMode( vendor/marvell/generic/camera-hal/samsung/camerahardware/CameraHardwareBase.cpp, 1315 )
D/CameraHardwareBase(  120): processPreviewMode:preview buffer has been registered
D/CameraHardwareBase(  120): Enter flushPreviewBuffersInEngine( vendor/marvell/generic/camera-hal/samsung/camerahardware/CameraHardwareBase.cpp, 362 )
D/CameraHardwareBase(  120): Exit  flushPreviewBuffersInEngine( vendor/marvell/generic/camera-hal/samsung/camerahardware/CameraHardwareBase.cpp, 378 )
D/CameraHardwareBase(  120): Enter enqueuePreviewBuffers( vendor/marvell/generic/camera-hal/samsung/camerahardware/CameraHardwareBase.cpp, 640 )
D/CameraHardwareBase(  120): enqueuePreviewBuffers: cnt=9, kPreviewBufCnt=9, release_cnt=0
D/MrvlCameraEngine(  120): enqueuePreviewQueue: got new preview buffer(0/0x45014000)
D/MrvlCameraEngine(  120): enqueuePreviewQueue: got new preview buffer(1/0x44cf0000)
D/CameraBufferHolder(  120): *****buf state*****
D/CameraBufferHolder(  120): -->displayRef=1, engineRef=0, videoRef=0, processRef=0, msgRef=0
D/CameraBufferHolder(  120): -->displayRef=0, engineRef=1, videoRef=0, processRef=0, msgRef=0
D/CameraBufferHolder(  120): -->displayRef=1, engineRef=0, videoRef=0, processRef=0, msgRef=0
D/CameraBufferHolder(  120): -->displayRef=1, engineRef=0, videoRef=0, processRef=0, msgRef=0
D/CameraBufferHolder(  120): -->displayRef=0, engineRef=1, videoRef=0, processRef=0, msgRef=0
D/CameraBufferHolder(  120): -->displayRef=1, engineRef=0, videoRef=0, processRef=0, msgRef=0
D/CameraBufferHolder(  120): -->displayRef=1, engineRef=0, videoRef=0, processRef=0, msgRef=0
D/CameraBufferHolder(  120): -->displayRef=1, engineRef=0, videoRef=0, processRef=0, msgRef=0
D/CameraBufferHolder(  120): -->displayRef=1, engineRef=0, videoRef=0, processRef=0, msgRef=0
D/CameraHardwareBase(  120): Exit  enqueuePreviewBuffers( vendor/marvell/generic/camera-hal/samsung/camerahardware/CameraHardwareBase.cpp, 694 )
D/v_gal   (30279): [tid=30305] glmERROR: result=0x0501 @ glTexSubImage2D(8518)
D/CameraMrvl(  120): initPreviewParameters:using internal format:3008
D/MrvlCameraEngine(  120): CAM_CMD_SET_TRANS_BUF_COUNT: set max trans buffer count(8).
D/CameraMrvl(  120): initPreviewParameters: cur (640x480,3008), driver param (0x0,0)
D/MrvlCameraEngine(  120): _PortSetConfig: driver param (0x0, 0)
D/MrvlCameraEngine(  120): _set_port_size: 640x480, 0x0
D/MrvlCameraEngine(  120): ppu_try_module: do not need post process.
D/MrvlCameraEngine(  120): _set_port_format: 3008, 0
D/MrvlCameraEngine(  120): ppu_try_module: do not need post process.
D/MrvlCameraEngine(  120): -_SetState e
D/MrvlCameraEngine(  120): _set_camera_state: Idle --> Preview
D/MrvlCameraEngine(  120): sr130pc10_Config: preview mode (0)
D/TwGLTexture(30279): onLoad glGenTextures width : 32  height : 32
D/MrvlCameraEngine(  120): _V4L2_SetFormat: S_FMT (type:1, w:640, h:480, format:842093913/3008)
D/SecCameraCoreManager(  120): enableMsgType: 0x10
D/CameraHardwareBase(  120): -enableMsgType:0x10
E/AXLOG   (30279): StartPreview**EndU[1419817846956]**
D/v_gal   (30279): [tid=30305] glmERROR: result=0x0501 @ glTexSubImage2D(8518)
E/AXLOG   (30279): Total-CameraPreviewLoading**EndU[1419817846956]**
E/AXLOG   (30279): Total-Shot2Shot**EndU[1419817846957]**
D/TwGLTexture(30279): onLoad glGenTextures width : 32  height : 32
E/Qmage   (30279): onDecode : QmageDecodeFrame 20140421 Rev.6376 
E/Qmage   (30279): This is decoding
E/Qmage   (30279): decoding stream->hasLength()
E/Qmage   (30279): onDecode : QmageDecParseHeader call : QM
E/Qmage   (30279): Qmage parsing for decoding ok
E/Qmage   (30279): onDecode :  QmageHeader.NinePatched 0
E/Qmage   (30279): onDecode : QmageHeader Height() 32 Width() : 32 sampleSize : 1
E/Qmage   (30279): Qmage Make Color table
E/Qmage   (30279): SkBitmap::kIndex8_Config == config && 1 == sampleSize
E/Qmage   (30279): onDecode : return true QM
E/Qmage   (30279): onDecode : QmageDecodeFrame 20140421 Rev.6376 
E/Qmage   (30279): This is decoding
E/Qmage   (30279): decoding stream->hasLength()
E/Qmage   (30279): onDecode : QmageDecParseHeader call : QM
E/Qmage   (30279): Qmage parsing for decoding ok
E/Qmage   (30279): onDecode :  QmageHeader.NinePatched 0
E/Qmage   (30279): onDecode : QmageHeader Height() 54 Width() : 167 sampleSize : 1
E/Qmage   (30279): Qmage Make Color table
E/Qmage   (30279): SkBitmap::kIndex8_Config == config && 1 == sampleSize
E/Qmage   (30279): onDecode : return true QM
E/Qmage   (30279): onDecode : QmageDecodeFrame 20140421 Rev.6376 
E/Qmage   (30279): This is decoding
E/Qmage   (30279): decoding stream->hasLength()
E/Qmage   (30279): onDecode : QmageDecParseHeader call : QM
E/Qmage   (30279): Qmage parsing for decoding ok
E/Qmage   (30279): onDecode :  QmageHeader.NinePatched 0
E/Qmage   (30279): onDecode : QmageHeader Height() 44 Width() : 32 sampleSize : 1
E/Qmage   (30279): normal image decoding
E/Qmage   (30279): onDecode : QmageDecodeFrame call : QM
E/Qmage   (30279): onDecode : return true QM
D/v_gal   (30279): [tid=30305] glmERROR: result=0x0501 @ glTexSubImage2D(8518)
E/Qmage   (30279): onDecode : QmageDecodeFrame 20140421 Rev.6376 
E/Qmage   (30279): This is decoding
E/Qmage   (30279): decoding stream->hasLength()
E/Qmage   (30279): onDecode : QmageDecParseHeader call : QM
E/Qmage   (30279): Qmage parsing for decoding ok
E/Qmage   (30279): onDecode :  QmageHeader.NinePatched 0
E/Qmage   (30279): onDecode : QmageHeader Height() 38 Width() : 12 sampleSize : 1
E/Qmage   (30279): Qmage Make Color table
E/Qmage   (30279): SkBitmap::kIndex8_Config == config && 1 == sampleSize
E/Qmage   (30279): onDecode : return true QM
D/TwGLTexture(30279): onLoad glGenTextures width : 12  height : 38
E/Qmage   (30279): onDecode : QmageDecodeFrame 20140421 Rev.6376 
E/Qmage   (30279): This is decoding
E/Qmage   (30279): decoding stream->hasLength()
E/Qmage   (30279): onDecode : QmageDecParseHeader call : QM
E/Qmage   (30279): Qmage parsing for decoding ok
E/Qmage   (30279): onDecode :  QmageHeader.NinePatched 0
E/Qmage   (30279): onDecode : QmageHeader Height() 38 Width() : 12 sampleSize : 1
E/Qmage   (30279): Qmage Make Color table
E/Qmage   (30279): SkBitmap::kIndex8_Config == config && 1 == sampleSize
E/Qmage   (30279): onDecode : return true QM
E/Qmage   (30279): onDecode : QmageDecodeFrame 20140421 Rev.6376 
E/Qmage   (30279): This is decoding
E/Qmage   (30279): decoding stream->hasLength()
E/Qmage   (30279): onDecode : QmageDecParseHeader call : QM
E/Qmage   (30279): Qmage parsing for decoding ok
E/Qmage   (30279): onDecode :  QmageHeader.NinePatched 0
E/Qmage   (30279): onDecode : QmageHeader Height() 38 Width() : 12 sampleSize : 1
E/Qmage   (30279): Qmage Make Color table
E/Qmage   (30279): SkBitmap::kIndex8_Config == config && 1 == sampleSize
E/Qmage   (30279): onDecode : return true QM
E/Qmage   (30279): onDecode : QmageDecodeFrame 20140421 Rev.6376 
E/Qmage   (30279): This is decoding
E/Qmage   (30279): decoding stream->hasLength()
E/Qmage   (30279): onDecode : QmageDecParseHeader call : QM
E/Qmage   (30279): Qmage parsing for decoding ok
E/Qmage   (30279): onDecode :  QmageHeader.NinePatched 0
E/Qmage   (30279): onDecode : QmageHeader Height() 38 Width() : 12 sampleSize : 1
E/Qmage   (30279): Qmage Make Color table
E/Qmage   (30279): SkBitmap::kIndex8_Config == config && 1 == sampleSize
E/Qmage   (30279): onDecode : return true QM
E/Qmage   (30279): onDecode : QmageDecodeFrame 20140421 Rev.6376 
E/Qmage   (30279): This is decoding
E/Qmage   (30279): decoding stream->hasLength()
E/Qmage   (30279): onDecode : QmageDecParseHeader call : QM
E/Qmage   (30279): Qmage parsing for decoding ok
E/Qmage   (30279): onDecode :  QmageHeader.NinePatched 0
E/Qmage   (30279): onDecode : QmageHeader Height() 38 Width() : 12 sampleSize : 1
E/Qmage   (30279): Qmage Make Color table
E/Qmage   (30279): SkBitmap::kIndex8_Config == config && 1 == sampleSize
E/Qmage   (30279): onDecode : return true QM
E/Qmage   (30279): onDecode : QmageDecodeFrame 20140421 Rev.6376 
E/Qmage   (30279): This is decoding
E/Qmage   (30279): decoding stream->hasLength()
E/Qmage   (30279): onDecode : QmageDecParseHeader call : QM
E/Qmage   (30279): Qmage parsing for decoding ok
E/Qmage   (30279): onDecode :  QmageHeader.NinePatched 0
E/Qmage   (30279): onDecode : QmageHeader Height() 38 Width() : 12 sampleSize : 1
E/Qmage   (30279): Qmage Make Color table
E/Qmage   (30279): SkBitmap::kIndex8_Config == config && 1 == sampleSize
E/Qmage   (30279): onDecode : return true QM
E/Qmage   (30279): onDecode : QmageDecodeFrame 20140421 Rev.6376 
E/Qmage   (30279): This is decoding
E/Qmage   (30279): decoding stream->hasLength()
E/Qmage   (30279): onDecode : QmageDecParseHeader call : QM
E/Qmage   (30279): Qmage parsing for decoding ok
E/Qmage   (30279): onDecode :  QmageHeader.NinePatched 0
E/Qmage   (30279): onDecode : QmageHeader Height() 38 Width() : 12 sampleSize : 1
E/Qmage   (30279): Qmage Make Color table
E/Qmage   (30279): SkBitmap::kIndex8_Config == config && 1 == sampleSize
E/Qmage   (30279): onDecode : return true QM
E/Qmage   (30279): onDecode : QmageDecodeFrame 20140421 Rev.6376 
E/Qmage   (30279): This is decoding
E/Qmage   (30279): decoding stream->hasLength()
E/Qmage   (30279): onDecode : QmageDecParseHeader call : QM
E/Qmage   (30279): Qmage parsing for decoding ok
E/Qmage   (30279): onDecode :  QmageHeader.NinePatched 0
E/Qmage   (30279): onDecode : QmageHeader Height() 38 Width() : 12 sampleSize : 1
E/Qmage   (30279): Qmage Make Color table
E/Qmage   (30279): SkBitmap::kIndex8_Config == config && 1 == sampleSize
E/Qmage   (30279): onDecode : return true QM
D/MrvlCameraEngine(  120): ppu_try_module: do not need post process.
D/MrvlCameraEngine(  120): State Transition Done
D/MrvlCameraEngine(  120): _SetState: enable process thread.
D/MrvlCameraEngine(  120): enqueuePreviewQueue: got new preview buffer(2/0x472c8000)
D/MrvlCameraEngine(  120): enqueuePreviewQueue: got new preview buffer(3/0x47340000)
D/MrvlCameraEngine(  120): enqueuePreviewQueue: got new preview buffer(4/0x473b8000)
D/MrvlCameraEngine(  120): enqueuePreviewQueue: got new preview buffer(5/0x47430000)
D/MrvlCameraEngine(  120): enqueuePreviewQueue: got new preview buffer(6/0x478ca000)
D/MrvlCameraEngine(  120): -_SetState x
D/CameraMsg(  120): unblockMsgType: 0x30
D/CameraMrvl(  120): Sync(4) Enable: enabled
D/CameraHardwareBase(  120): Exit  processPreviewMode( vendor/marvell/generic/camera-hal/samsung/camerahardware/CameraHardwareBase.cpp, 1389 )
I/ServiceManager(  120): Waiting for service com.marvell.FileMonitorService...
D/MrvlCameraEngine(  120): sr130pc10_DequeueWithSkip: Skip 2 frames due to sensor stream off/on
E/Qmage   (30279): onDecode : QmageDecodeFrame 20140421 Rev.6376 
E/Qmage   (30279): This is decoding
E/Qmage   (30279): decoding stream->hasLength()
E/Qmage   (30279): onDecode : QmageDecParseHeader call : QM
E/Qmage   (30279): Qmage parsing for decoding ok
E/Qmage   (30279): onDecode :  QmageHeader.NinePatched 0
E/Qmage   (30279): onDecode : QmageHeader Height() 38 Width() : 38 sampleSize : 1
E/Qmage   (30279): normal image decoding
E/Qmage   (30279): onDecode : QmageDecodeFrame call : QM
E/Qmage   (30279): onDecode : return true QM
E/AXLOG   (30279): SideMenu-loading**EndU[1419817847181]**
E/AXLOG   (30279): Total-CameraUILoading(TSP)**EndU[1419817847182]**
V/CameraEngine(30279): got message...{ when=-226ms what=1 target=com.sec.android.app.camera.CameraEngine$StateMessageHandler }
V/CeStateStartingPreview(30279): HandleMessage - 1
V/CameraEngine(30279): changeEngineState => 4(CeStatePreviewing)
V/CeRequestQueue(30279): completeRequest
D/CeRequestQueue(30279): []
E/Qmage   (30279): onDecode : QmageDecodeFrame 20140421 Rev.6376 
E/Qmage   (30279): This is decoding
E/Qmage   (30279): decoding stream->hasLength()
E/Qmage   (30279): onDecode : QmageDecParseHeader call : QM
E/Qmage   (30279): Qmage parsing for decoding ok
E/Qmage   (30279): onDecode :  QmageHeader.NinePatched 0
E/Qmage   (30279): onDecode : QmageHeader Height() 34 Width() : 34 sampleSize : 1
E/Qmage   (30279): Qmage Make Color table
E/Qmage   (30279): SkBitmap::kIndex8_Config == config && 1 == sampleSize
E/Qmage   (30279): onDecode : return true QM
E/Qmage   (30279): onDecode : QmageDecodeFrame 20140421 Rev.6376 
E/Qmage   (30279): This is decoding
E/Qmage   (30279): decoding stream->hasLength()
E/Qmage   (30279): onDecode : QmageDecParseHeader call : QM
E/Qmage   (30279): Qmage parsing for decoding ok
E/Qmage   (30279): onDecode :  QmageHeader.NinePatched 0
E/Qmage   (30279): onDecode : QmageHeader Height() 34 Width() : 34 sampleSize : 1
E/Qmage   (30279): Qmage Make Color table
E/Qmage   (30279): SkBitmap::kIndex8_Config == config && 1 == sampleSize
E/Qmage   (30279): onDecode : return true QM
V/Camera  (30279): onReceive [android.intent.action.BATTERY_CHANGED]
V/Camera  (30279): handleBatteryChanged : Level = 100/100, Status = 3, battPlugged = 2, battTemp = 248
D/SensorService(  549):   -0.5 4.1 9.1
D/CameraHardwareBase(  120): CAM_EVENT_PREVIEW_FRAME_MAKEN: got first preview.
D/CameraMrvl(  120): Sync(4) Signal: disabled
D/CameraBufferHolder(  120): allocBuffer:alloc imagebuf from /dev/ion
D/CameraBufferHolder(  120): allocBuffer:alloc imagebuf from /dev/ion
D/CameraBufferHolder(  120): allocBuffer:alloc imagebuf from /dev/ion
D/ShotSingle(  120): CAMERA_MSG_PREVIEW_FRAME E
D/SecCameraCoreManager(  120): disableMsgType: 0x10
D/CameraHardwareBase(  120): -disableMsgType:0x10
D/MrvlCameraEngine(  120): enqueuePreviewQueue: got new preview buffer(7/0x47942000)
D/ShotSingle(  120): CAMERA_MSG_PREVIEW_FRAME X
D/CameraHardwareBase(  120): releasePreviewFrameFromClient: indelible buffer key #0x3f1 returned.
D/dalvikvm(30279): GC_FOR_ALLOC freed 1331K, 47% free 4287K/8064K, paused 19ms, total 19ms
I/dalvikvm-heap(30279): Grow heap (frag case) to 6.424MB for 460816-byte allocation
D/dalvikvm(30279): GC_FOR_ALLOC freed 4K, 45% free 4732K/8516K, paused 25ms, total 25ms
D/SecCamera-JNI-Java(30279): handleMessage: 16
D/MrvlCameraEngine(  120): enqueuePreviewQueue: got new preview buffer(8/0x479ba000)
I/InputReader(  549): Touch event's action is 0x0 (deviceType=0) [pCnt=1, s=0.61401 ] when=544330910949000
I/InputDispatcher(  549): Delivering touch to: action: 0x0, toolType: 1
I/PHService(  128): HintBase       : handleMessage MSG_HANDLE_NORMAL
I/PHService(  128): HintManager    : ========== Hint Update ===============
I/PHService(  128): HintManager    : ========== Hint Update [Done] ========
I/PHService(  128): PolicyManager  : ========== Policy Evaluate [beginning] =====
I/PHService(  128): PowerPolicy    : Policy [InputEventDefault] hit status: [0->1]
I/PHService(  128): PolicyManager  : Policy [InputEventDefault] status changed. Need to vote.
I/PHService(  128): PolicyManager  : ========== Policy Evaluate [end] ===========
I/PHService(  128): PolicyManager  : ========== Vote Result [beginning] =========
I/PHService(  128): PolicyManager  : Hit policy: [BootComplete]
I/PHService(  128): PolicyManager  : Hit policy: [CallIdle]
I/PHService(  128): PolicyManager  : Hit policy: [InputEventDefault]
I/PHService(  128): PolicyManager  : Hit policy: [VideoOff]
I/PHService(  128): PolicyManager  : ========== Vote Result [end] ===============
I/PHService(  128): OperatorManager: ========== Merge Result =================
I/PHService(  128): CpuOperator    :     [Dump Merged Operation]
I/PHService(  128): CpuOperator    :     CPU0: Operation (1205000-1205000-ondemand), online: ONLINE(1)
I/PHService(  128): CpuOperator    :     CPU0: Operation: sampling_rate(10000)
I/PHService(  128): CpuOperator    :     CPU1: No Operation. Online: AUTO(-1)
I/PHService(  128): CpuOperator    : 
I/PHService(  128): DdrOperator    :     [Dump Merged Operation]
I/PHService(  128): DdrOperator    :     DDR0: Operation: min: 533000, max: 533000, pollinInterval: 50
I/PHService(  128): DdrOperator    : 
I/PHService(  128): GpuOperator    :     [Dump Merged Operation]
I/PHService(  128): GpuOperator    :     GPU0: Operation (624000-624000-ondemand)
I/PHService(  128): GpuOperator    : 
I/PHService(  128): ShcmdOperator  :     [Dump Merged Operation]
I/PHService(  128): ShcmdOperator  :     Shcmd: Operation: echo disable > /sys/devices/platform/pxa27x-keypad/power/wakeup
I/PHService(  128): ShcmdOperator  : 
I/PHService(  128): VpuOperator    :     [Dump Merged Operation]
I/PHService(  128): VpuOperator    :     VPU0: Operation: 416000
I/PHService(  128): VpuOperator    : 
I/PHService(  128): OperatorManager: ========== Merge Result [Done] ==========
I/PHService(  128): OperatorBase   : Try to wake up Worker Operation-Worker_360 Done, Exit!!
I/PHService(  128): OperatorBase   : Worker Operation-Worker_360 wakes up and starts to do work!
I/PHService(  128): OperatorBase   : ========== Do Work ==============
I/PHService(  128): CpuOperator    : [WorkerTask]
I/PHService(  128): CpuOperator    :     CPU0: Operation (1205000-1205000-ondemand), online: ONLINE(1)
I/PHService(  128): CpuOperator    :     CPU0: Operation: sampling_rate(10000)
I/PHService(  128): CpuOperator    :     CPU1: No Operation. Online: AUTO(-1)
I/PHService(  128): CpuOperator    : [Apply]
I/PHService(  128): CpuOperator    :     Operation setting for CPU0 successfully!
E/PHService(  128): SysfsAccess    : writing's messed up: /sys/devices/system/cpu/cpu1/online, -1, Invalid argument
W/PHService(  128): CpuOperator    : failed to write data 4294967295 to /sys/devices/system/cpu/cpu1/online
E/PHService(  128): CpuOperator    : int android::CpuOperator::setCpuOnlineStatus(unsigned int, int*), check failed!!!!
W/PHService(  128): CpuOperator    :     NULL cpu frequency parameters---cpu unitId: 1
I/PHService(  128): CpuOperator    :     Op