D/STATUSBAR-NetworkController(  647): refreshSignalCluster - setNWBoosterIndicators(false)
D/STATUSBAR-NetworkController(  647): refreshSignalCluster: data=-1 bt=false
D/STATUSBAR-IconMerger(  647): checkOverflow(420), More:false, Req:false Child:11
D/STATUSBAR-NetworkController(  647): refreshSignalCluster - setNWBoosterIndicators(false)
D/STATUSBAR-NetworkController(  647): refreshSignalCluster: data=-1 bt=false
D/STATUSBAR-IconMerger(  647): checkOverflow(420), More:false, Req:false Child:11
D/SSRMv2:SIOP(  549): SIOP:: AP = -100, Delta = 0
D/STATUSBAR-NetworkController(  647): onReceive() - RSSI_CHANGED_ACTION, WIFI_STATE, NETWORK_STATE
D/STATUSBAR-NetworkController(  647): refreshSignalCluster - setNWBoosterIndicators(false)
D/STATUSBAR-NetworkController(  647): refreshSignalCluster: data=-1 bt=false
D/STATUSBAR-IconMerger(  647): checkOverflow(420), More:false, Req:false Child:11
W/ContextImpl(  861): Calling a method in the system process without a qualified user: android.app.ContextImpl.sendBroadcast:1496 android.content.ContextWrapper.sendBroadcast:377 com.diotek.ime.framework.common.InputManagerImpl.sendInputLanguage:9521 com.diotek.ime.framework.common.InputManagerImpl.initDefaultLanguage:4955 com.diotek.ime.framework.common.InputManagerImpl.initSelectedLanguage:5197 
W/ContextImpl(  861): Calling a method in the system process without a qualified user: android.app.ContextImpl.sendBroadcast:1496 android.content.ContextWrapper.sendBroadcast:377 com.diotek.ime.framework.common.InputManagerImpl.sendInputLanguage:9521 com.diotek.ime.framework.common.InputManagerImpl.setLanguage:5531 com.diotek.ime.framework.common.InputManagerImpl.startInputViewContinue:3386 
W/ContextImpl(  861): Calling a method in the system process without a qualified user: android.app.ContextImpl.sendBroadcast:1496 android.content.ContextWrapper.sendBroadcast:377 android.inputmethodservice.InputMethodService.sendInputViewShownState:546 android.inputmethodservice.InputMethodService.showWindow:2173 android.inputmethodservice.InputMethodService$InputMethodImpl.showSoftInput:723 
D/SSRMv2:TSP:AirViewOnOff(  549): SettingsAirViewInfo:: 000000000
W/ContextImpl(  549): Calling a method in the system process without a qualified user: android.app.ContextImpl.sendBroadcast:1510 com.android.server.StatusBarManagerService.sendNotification:986 com.android.server.StatusBarManagerService.updateNotification:695 com.android.server.NotificationManagerService$7.run:2140 android.os.Handler.handleCallback:733 
D/STATUSBAR-StatusBarManagerService(  549): sendNotification(2) - 17041275
W/ContextImpl(  861): Calling a method in the system process without a qualified user: android.app.ContextImpl.sendBroadcast:1496 android.content.ContextWrapper.sendBroadcast:377 android.inputmethodservice.InputMethodService.sendInputViewShownState:546 android.inputmethodservice.InputMethodService.showWindow:2173 android.inputmethodservice.InputMethodService$InputMethodImpl.showSoftInput:723 
D/SSRMv2:TSP:AirViewOnOff(  549): SettingsAirViewInfo:: 000000000
W/ContextImpl(  549): Calling a method in the system process without a qualified user: android.app.ContextImpl.sendBroadcast:1510 com.android.server.StatusBarManagerService.sendNotification:986 com.android.server.StatusBarManagerService.updateNotification:695 com.android.server.NotificationManagerService$7.run:2140 android.os.Handler.handleCallback:733 
D/STATUSBAR-StatusBarManagerService(  549): sendNotification(2) - 17041275
W/ContextImpl(  861): Calling a method in the system process without a qualified user: android.app.ContextImpl.sendBroadcast:1496 android.content.ContextWrapper.sendBroadcast:377 android.inputmethodservice.InputMethodService.sendInputViewShownState:546 android.inputmethodservice.InputMethodService.showWindow:2173 android.inputmethodservice.InputMethodService$InputMethodImpl.showSoftInput:723 
D/SSRMv2:TSP:AirViewOnOff(  549): SettingsAirViewInfo:: 000000000
W/ContextImpl(  549): Calling a method in the system process without a qualified user: android.app.ContextImpl.sendBroadcast:1510 com.android.server.StatusBarManagerService.sendNotification:986 com.android.server.StatusBarManagerService.updateNotification:695 com.android.server.NotificationManagerService$7.run:2140 android.os.Handler.handleCallback:733 
D/STATUSBAR-StatusBarManagerService(  549): sendNotification(2) - 17041275
D/STATUSBAR-NetworkController(  647): refreshSignalCluster - setNWBoosterIndicators(false)
D/STATUSBAR-NetworkController(  647): refreshSignalCluster: data=-1 bt=false
D/STATUSBAR-IconMerger(  647): checkOverflow(420), More:false, Req:false Child:11
D/STATUSBAR-NetworkController(  647): refreshSignalCluster - setNWBoosterIndicators(false)
D/STATUSBAR-NetworkController(  647): refreshSignalCluster: data=-1 bt=false
D/STATUSBAR-IconMerger(  647): checkOverflow(420), More:false, Req:false Child:11
D/STATUSBAR-NetworkController(  647): refreshSignalCluster - setNWBoosterIndicators(false)
D/STATUSBAR-NetworkController(  647): refreshSignalCluster: data=-1 bt=false
D/STATUSBAR-IconMerger(  647): checkOverflow(420), More:false, Req:false Child:11
D/STATUSBAR-NetworkController(  647): refreshSignalCluster - setNWBoosterIndicators(false)
D/STATUSBAR-NetworkController(  647): refreshSignalCluster: data=-1 bt=false
D/STATUSBAR-IconMerger(  647): checkOverflow(420), More:false, Req:false Child:11
D/BatteryService(  549): level:100, scale:100, status:3, health:2, present:true, voltage: 4121, temperature: 247, technology: Li-ion, AC powered:false, USB powered:true, Wireless powered:false, icon:17303538, invalid charger:0, online:4, current avg:-145, charge type:0, power sharing:false
D/BatteryService(  549): Sending ACTION_BATTERY_CHANGED.
D/STATUSBAR-PhoneStatusBar(  647):  mBrightnessEnablebySettings = true mBrightnessEnablebyBattery = true mBrightnessEnablebyDisableFlag = true mPmsBrightnessEnablebySettings = true
D/BatteryMeterView(  647): ACTION_BATTERY_CHANGED : level:100 status:3 health:2
D/PowerManagerService(  549): [api] userActivityFromNative : 50 (event: 2 flags: 0) eventTime = 544313965
W/ContextImpl(  549): Calling a method in the system process without a qualified user: android.app.ContextImpl.sendBroadcast:1510 com.android.server.StatusBarManagerService.sendNotification:986 com.android.server.StatusBarManagerService.removeNotification:711 com.android.server.NotificationManagerService.cancelNotificationLocked:2461 com.android.server.NotificationManagerService.access$5100:160 
D/STATUSBAR-StatusBarManagerService(  549): sendNotification(3) - 17041275
D/LightsService(  549): [api] [SvcLED] turnOff:: id = 4 (uid: 1000 pid: 549) 
D/LightsService(  549): [SvcLED] setSvcLedStateLocked:: SvcLEDState : 0x0 -> 0x0 | SvcLED(id=4) set Off
D/LightsService(  549): [SvcLED] Lux failed to be updated in 0ms. -> handleForcedSvcLEDTasK
D/LightsService(  549): [SvcLED]  setSvcLedLightLocked :: Current SvcLED(id=4) maintains its priority right
W/ContextImpl(  861): Calling a method in the system process without a qualified user: android.app.ContextImpl.sendBroadcast:1496 android.content.ContextWrapper.sendBroadcast:377 android.inputmethodservice.InputMethodService.sendInputViewShownState:546 android.inputmethodservice.InputMethodService.hideWindow:2312 android.inputmethodservice.InputMethodService.doHideWindow:2290 
W/ContextImpl(  932): Calling a method in the system process without a qualified user: android.app.ContextImpl.sendStickyBroadcast:1654 android.content.ContextWrapper.sendStickyBroadcast:439 com.samsung.android.app.gestureservice.GestureService.updateStatusBar:809 com.samsung.android.app.gestureservice.GestureService.enableService:950 com.samsung.android.app.gestureservice.GestureService.access$1800:40 
D/SSRMv2:TSP:AirViewOnOff(  549): SettingsAirViewInfo:: 000000000
D/STATUSBAR-IconMerger(  647): checkOverflow(420), More:false, Req:false Child:10
--------- beginning of /dev/log/main
I/PHService(  128): ShcmdOperator  :     Shcmd: Operation: echo disable > /sys/devices/platform/pxa27x-keypad/power/wakeup
I/PHService(  128): ShcmdOperator  : [Apply]
W/ContextImpl(  549): Calling a method in the system process without a qualified user: android.app.ContextImpl.sendBroadcast:1496 com.android.server.InputMethodManagerService$4.run:2690 java.lang.Thread.run:841 <bottom of call stack> <bottom of call stack> 
I/PHService(  128): ShcmdOperator  : "echo disable > /sys/devices/platform/pxa27x-keypad/power/wakeup" exited with status 1
I/PHService(  128): ShcmdOperator  : 
I/PHService(  128): VpuOperator    : [WorkerTask]
I/PHService(  128): VpuOperator    :     VPU0: Operation: 416000
I/PHService(  128): VpuOperator    : [Apply]
I/PHService(  128): VpuOperator    :     Operation setting for VPU0 successfully!
I/PHService(  128): VpuOperator    : 
I/PHService(  128): OperatorBase   : ========== Do Work [Done] ========
D/KeyguardUpdateMonitor(  647): sendKeyguardVisibilityChanged(true)
I/KeyguardUpdateMonitor(  647): visibility is same
D/KeyguardUpdateMonitor(  647): sendKeyguardVisibilityChanged(true)
I/KeyguardUpdateMonitor(  647): visibility is same
D/SoftKeyboardDetect(29953): Ignore this event
D/KeyguardUpdateMonitor(  647): sendKeyguardVisibilityChanged(true)
I/KeyguardUpdateMonitor(  647): visibility is same
D/KeyguardUpdateMonitor(  647): sendKeyguardVisibilityChanged(true)
I/KeyguardUpdateMonitor(  647): visibility is same
I/SurfaceFlinger(  117): id=2826 Removed JnputMethod (8/13)
I/SurfaceFlinger(  117): id=2826 Removed JnputMethod (-2/13)
W/        (  120): FileMonitorService not published, waiting...
D/SSRMv2:SIOP(  549): SIOP:: AP = -100, Delta = 0
I/InputReader(  549): Touch event's action is 0x0 (deviceType=0) [pCnt=1, s=0.61398 ] when=544315092956000
I/InputDispatcher(  549): Delivering touch to: action: 0x4, toolType: 1
I/InputDispatcher(  549): Delivering touch to: action: 0x0, toolType: 1
I/PHService(  128): HintBase       : handleMessage MSG_HANDLE_NORMAL
I/PHService(  128): HintManager    : ========== Hint Update ===============
I/PHService(  128): HintManager    : ========== Hint Update [Done] ========
I/PHService(  128): PolicyManager  : ========== Policy Evaluate [beginning] =====
I/PHService(  128): PowerPolicy    : Policy [InputEventDefault] hit status: [0->1]
I/PHService(  128): PolicyManager  : Policy [InputEventDefault] status changed. Need to vote.
I/PHService(  128): PolicyManager  : ========== Policy Evaluate [end] ===========
I/PHService(  128): PolicyManager  : ========== Vote Result [beginning] =========
I/PHService(  128): PolicyManager  : Hit policy: [BootComplete]
I/PHService(  128): PolicyManager  : Hit policy: [CallIdle]
I/PHService(  128): PolicyManager  : Hit policy: [InputEventDefault]
I/PHService(  128): PolicyManager  : Hit policy: [VideoOff]
I/PHService(  128): PolicyManager  : ========== Vote Result [end] ===============
I/PHService(  128): OperatorManager: ========== Merge Result =================
I/PHService(  128): CpuOperator    :     [Dump Merged Operation]
I/PHService(  128): CpuOperator    :     CPU0: Operation (1205000-1205000-ondemand), online: ONLINE(1)
I/PHService(  128): CpuOperator    :     CPU0: Operation: sampling_rate(10000)
I/PHService(  128): CpuOperator    :     CPU1: No Operation. Online: AUTO(-1)
I/PHService(  128): CpuOperator    : 
I/PHService(  128): DdrOperator    :     [Dump Merged Operation]
I/PHService(  128): DdrOperator    :     DDR0: Operation: min: 533000, max: 533000, pollinInterval: 50
I/PHService(  128): DdrOperator    : 
I/PHService(  128): GpuOperator    :     [Dump Merged Operation]
I/PHService(  128): GpuOperator    :     GPU0: Operation (624000-624000-ondemand)
I/PHService(  128): GpuOperator    : 
I/PHService(  128): ShcmdOperator  :     [Dump Merged Operation]
I/PHService(  128): ShcmdOperator  :     Shcmd: Operation: echo disable > /sys/devices/platform/pxa27x-keypad/power/wakeup
I/PHService(  128): ShcmdOperator  : 
I/PHService(  128): VpuOperator    :     [Dump Merged Operation]
I/PHService(  128): VpuOperator    :     VPU0: Operation: 416000
I/PHService(  128): VpuOperator    : 
I/PHService(  128): OperatorManager: ========== Merge Result [Done] ==========
I/PHService(  128): OperatorBase   : Try to wake up Worker Operation-Worker_360 Done, Exit!!
I/PHService(  128): OperatorBase   : Worker Operation-Worker_360 wakes up and starts to do work!
I/PHService(  128): OperatorBase   : ========== Do Work ==============
I/PHService(  128): CpuOperator    : [WorkerTask]
I/PHService(  128): CpuOperator    :     CPU0: Operation (1205000-1205000-ondemand), online: ONLINE(1)
I/PHService(  128): CpuOperator    :     CPU0: Operation: sampling_rate(10000)
I/PHService(  128): CpuOperator    :     CPU1: No Operation. Online: AUTO(-1)
I/PHService(  128): CpuOperator    : [Apply]
I/PHService(  128): CpuOperator    :     Operation setting for CPU0 successfully!
E/PHService(  128): SysfsAccess    : writing's messed up: /sys/devices/system/cpu/cpu1/online, -1, Invalid argument
W/PHService(  128): CpuOperator    : failed to write data 4294967295 to /sys/devices/system/cpu/cpu1/online
E/PHService(  128): CpuOperator    : int android::CpuOperator::setCpuOnlineStatus(unsigned int, int*), check failed!!!!
W/PHService(  128): CpuOperator    :     NULL cpu frequency parameters---cpu unitId: 1
I/PHService(  128): CpuOperator    :     Operation setting for CPU1 successfully!
I/PHService(  128): CpuOperator    : 
I/PHService(  128): DdrOperator    : [WorkerTask]
I/PHService(  128): DdrOperator    :     DDR0: Operation: min: 533000, max: 533000, pollinInterval: 50
I/PHService(  128): DdrOperator    : [Apply]
I/PHService(  128): DdrOperator    :     Operation setting for DDR successfully!
I/PHService(  128): DdrOperator    : 
I/PHService(  128): GpuOperator    : [WorkerTask]
I/PHService(  128): GpuOperator    :     GPU0: Operation (624000-624000-ondemand)
I/PHService(  128): GpuOperator    : [Apply]
E/PHService(  128): SysfsAccess    : opening's messed up, /sys/devices/platform/galcore/gpu/gpu0/gpufreq/scaling_governor Permission denied
E/PHService(  128): GpuOperator    : int android::GpuOperator::setScalingPolicy(android::sp<android::GpuUnitParam>&), check failed!!!!
W/PHService(  128): GpuOperator    :     Couldn't set constraint for GPU0 (624000-624000-ondemand)
I/PHService(  128): GpuOperator    : 
I/PHService(  128): ShcmdOperator  : [WorkerTask]
I/PHService(  128): ShcmdOperator  :     Shcmd: Operation: echo disable > /sys/devices/platform/pxa27x-keypad/power/wakeup
I/PHService(  128): ShcmdOperator  : [Apply]
I/PHService(  128): ShcmdOperator  : "echo disable > /sys/devices/platform/pxa27x-keypad/power/wakeup" exited with status 1
I/PHService(  128): ShcmdOperator  : 
I/PHService(  128): VpuOperator    : [WorkerTask]
I/PHService(  128): VpuOperator    :     VPU0: Operation: 416000
I/PHService(  128): VpuOperator    : [Apply]
I/PHService(  128): VpuOperator    :     Operation setting for VPU0 successfully!
I/PHService(  128): VpuOperator    : 
I/PHService(  128): OperatorBase   : ========== Do Work [Done] ========
I/PHService(  128): HintBase       : handleMessage MSG_HANDLE_NORMAL
I/PHService(  128): HintManager    : ========== Hint Update ===============
I/PHService(  128): HintManager    : ========== Hint Update [Done] ========
I/PHService(  128): PolicyManager  : ========== Policy Evaluate [beginning] =====
I/PHService(  128): PowerPolicy    : Policy [InputEventMotion] hit status: [0->1]
I/PHService(  128): PolicyManager  : Policy [InputEventMotion] status changed. Need to vote.
I/PHService(  128): PolicyManager  : ========== Policy Evaluate [end] ===========
I/PHService(  128): PolicyManager  : ========== Vote Result [beginning] =========
I/PHService(  128): PolicyManager  : Hit policy: [BootComplete]
I/PHService(  128): PolicyManager  : Hit policy: [CallIdle]
I/PHService(  128): PolicyManager  : Hit policy: [InputEventDefault]
I/PHService(  128): PolicyManager  : Hit policy: [InputEventMotion]
I/PHService(  128): PolicyManager  : Hit policy: [VideoOff]
I/PHService(  128): PolicyManager  : ========== Vote Result [end] ===============
I/PHService(  128): OperatorManager: ========== Merge Result =================
I/PHService(  128): CpuOperator    :     [Dump Merged Operation]
I/PHService(  128): CpuOperator    :     CPU0: Operation (1205000-1205000-ondemand), online: ONLINE(1)
I/PHService(  128): CpuOperator    :     CPU0: Operation: sampling_rate(10000)
I/PHService(  128): CpuOperator    :     CPU1: No Operation. Online: AUTO(-1)
I/PHService(  128): CpuOperator    : 
I/PHService(  128): DdrOperator    :     [Dump Merged Operation]
I/PHService(  128): DdrOperator    :     DDR0: Operation: min: 533000, max: 533000, pollinInterval: 50
I/PHService(  128): DdrOperator    : 
I/PHService(  128): GpuOperator    :     [Dump Merged Operation]
I/PHService(  128): GpuOperator    :     GPU0: Operation (624000-624000-ondemand)
I/PHService(  128): GpuOperator    : 
I/PHService(  128): ShcmdOperator  :     [Dump Merged Operation]
I/PHService(  128): ShcmdOperator  :     Shcmd: Operation: echo disable > /sys/devices/platform/pxa27x-keypad/power/wakeup
I/PHService(  128): ShcmdOperator  : 
I/PHService(  128): VpuOperator    :     [Dump Merged Operation]
I/PHService(  128): VpuOperator    :     VPU0: Operation: 416000
I/PHService(  128): VpuOperator    : 
I/PHService(  128): OperatorManager: ========== Merge Result [Done] ==========
I/PHService(  128): OperatorBase   : Try to wake up Worker Operation-Worker_360 Done, Exit!!
I/PHService(  128): OperatorBase   : Worker Operation-Worker_360 wakes up and starts to do work!
I/PHService(  128): OperatorBase   : ========== Do Work ==============
I/PHService(  128): CpuOperator    : [WorkerTask]
I/PHService(  128): CpuOperator    :     CPU0: Operation (1205000-1205000-ondemand), online: ONLINE(1)
I/PHService(  128): CpuOperator    :     CPU0: Operation: sampling_rate(10000)
I/PHService(  128): CpuOperator    :     CPU1: No Operation. Online: AUTO(-1)
I/PHService(  128): CpuOperator    : [Apply]
I/PHService(  128): CpuOperator    :     Operation setting for CPU0 successfully!
E/PHService(  128): SysfsAccess    : writing's messed up: /sys/devices/system/cpu/cpu1/online, -1, Invalid argument
W/PHService(  128): CpuOperator    : failed to write data 4294967295 to /sys/devices/system/cpu/cpu1/online
E/PHService(  128): CpuOperator    : int android::CpuOperator::setCpuOnlineStatus(unsigned int, int*), check failed!!!!
W/PHService(  128): CpuOperator    :     NULL cpu frequency parameters---cpu unitId: 1
I/PHService(  128): CpuOperator    :     Operation setting for CPU1 successfully!
I/PHService(  128): CpuOperator    : 
I/PHService(  128): DdrOperator    : [WorkerTask]
I/PHService(  128): DdrOperator    :     DDR0: Operation: min: 533000, max: 533000, pollinInterval: 50
I/PHService(  128): DdrOperator    : [Apply]
I/PHService(  128): DdrOperator    :     Operation setting for DDR successfully!
I/PHService(  128): DdrOperator    : 
I/PHService(  128): GpuOperator    : [WorkerTask]
I/PHService(  128): GpuOperator    :     GPU0: Operation (624000-624000-ondemand)
I/PHService(  128): GpuOperator    : [Apply]
E/PHService(  128): SysfsAccess    : opening's messed up, /sys/devices/platform/galcore/gpu/gpu0/gpufreq/scaling_governor Permission denied
E/PHService(  128): GpuOperator    : int android::GpuOperator::setScalingPolicy(android::sp<android::GpuUnitParam>&), check failed!!!!
W/PHService(  128): GpuOperator    :     Couldn't set constraint for GPU0 (624000-624000-ondemand)
I/PHService(  128): GpuOperator    : 
I/PHService(  128): ShcmdOperator  : [WorkerTask]
I/PHService(  128): ShcmdOperator  :     Shcmd: Operation: echo disable > /sys/devices/platform/pxa27x-keypad/power/wakeup
I/PHService(  128): ShcmdOperator  : [Apply]
I/PHService(  128): ShcmdOperator  : "echo disable > /sys/devices/platform/pxa27x-keypad/power/wakeup" exited with status 1
I/PHService(  128): ShcmdOperator  : 
I/PHService(  128): VpuOperator    : [WorkerTask]
I/PHService(  128): VpuOperator    :     VPU0: Operation: 416000
I/PHService(  128): VpuOperator    : [Apply]
I/PHService(  128): VpuOperator    :     Operation setting for VPU0 successfully!
I/PHService(  128): VpuOperator    : 
I/PHService(  128): OperatorBase   : ========== Do Work [Done] ========
I/InputReader(  549): Touch event's action is 0x1 (deviceType=0) [pCnt=1, s=] when=544315162963000
I/InputDispatcher(  549): Delivering touch to: action: 0x1, toolType: 1
E/DatabaseUtils(  549): Writing exception to parcel
E/DatabaseUtils(  549): java.lang.SecurityException: Permission Denial: get/set setting for user asks to run as user -2 but is calling from user 0; this requires android.permission.INTERACT_ACROSS_USERS_FULL
E/DatabaseUtils(  549): 	at com.android.server.am.ActivityManagerService.handleIncomingUser(ActivityManagerService.java:15168)
E/DatabaseUtils(  549): 	at android.app.ActivityManager.handleIncomingUser(ActivityManager.java:2498)
E/DatabaseUtils(  549): 	at com.android.providers.settings.SettingsProvider.call(SettingsProvider.java:688)
E/DatabaseUtils(  549): 	at android.content.ContentProvider$Transport.call(ContentProvider.java:325)
E/DatabaseUtils(  549): 	at android.content.ContentProviderNative.onTransact(ContentProviderNative.java:275)
E/DatabaseUtils(  549): 	at android.os.Binder.execTransact(Binder.java:404)
E/DatabaseUtils(  549): 	at dalvik.system.NativeStart.run(Native Method)
W/ActivityManager(  549): Permission Denial: get/set setting for user asks to run as user -2 but is calling from user 0; this requires android.permission.INTERACT_ACROSS_USERS_FULL
D/AbsListView(29953): onDetachedFromWindow
I/SpenGestureManager(  549): setFocusWindow21010
D/KeyguardUpdateMonitor(  647): sendKeyguardVisibilityChanged(true)
I/KeyguardUpdateMonitor(  647): visibility is same
D/PointerIcon(  549): setMouseIconStyle1 pointerType: 1001iconType:101 flag:0
D/PointerIcon(  549): setMouseCustomIcon IconType is same.101
E/ViewRootImpl(29953): sendUserActionEvent() mView == null
W/InputMethodManagerService(  549): Window already focused, ignoring focus gain of: com.android.internal.view.IInputMethodClient$Stub$Proxy@4289bc68 attribute=null, token = android.os.BinderProxy@42c01238
I/PHService(  128): HintBase       : handleMessage MSG_HANDLE_NORMAL
I/PHService(  128): HintManager    : ========== Hint Update ===============
I/PHService(  128): HintManager    : ========== Hint Update [Done] ========
I/PHService(  128): PolicyManager  : ========== Policy Evaluate [beginning] =====
I/PHService(  128): PowerPolicy    : Policy [InputEventMotion] hit status: [1->0]
I/PHService(  128): PolicyManager  : Policy [InputEventMotion] status changed. Need to vote.
I/PHService(  128): PolicyManager  : ========== Policy Evaluate [end] ===========
I/PHService(  128): PolicyManager  : ========== Vote Result [beginning] =========
I/PHService(  128): PolicyManager  : Hit policy: [BootComplete]
I/PHService(  128): PolicyManager  : Hit policy: [CallIdle]
I/PHService(  128): PolicyManager  : Hit policy: [InputEventDefault]
I/PHService(  128): PolicyManager  : Hit policy: [VideoOff]
I/PHService(  128): PolicyManager  : ========== Vote Result [end] ===============
I/PHService(  128): OperatorManager: ========== Merge Result =================
I/PHService(  128): CpuOperator    :     [Dump Merged Operation]
I/PHService(  128): CpuOperator    :     CPU0: Operation (1205000-1205000-ondemand), online: ONLINE(1)
I/PHService(  128): CpuOperator    :     CPU0: Operation: sampling_rate(10000)
I/PHService(  128): CpuOperator    :     CPU1: No Operation. Online: AUTO(-1)
I/PHService(  128): CpuOperator    : 
I/PHService(  128): DdrOperator    :     [Dump Merged Operation]
I/PHService(  128): DdrOperator    :     DDR0: Operation: min: 533000, max: 533000, pollinInterval: 50
I/PHService(  128): DdrOperator    : 
I/PHService(  128): GpuOperator    :     [Dump Merged Operation]
I/PHService(  128): GpuOperator    :     GPU0: Operation (624000-624000-ondemand)
I/PHService(  128): GpuOperator    : 
I/PHService(  128): ShcmdOperator  :     [Dump Merged Operation]
I/PHService(  128): ShcmdOperator  :     Shcmd: Operation: echo disable > /sys/devices/platform/pxa27x-keypad/power/wakeup
I/PHService(  128): ShcmdOperator  : 
I/PHService(  128): VpuOperator    :     [Dump Merged Operation]
I/PHService(  128): VpuOperator    :     VPU0: Operation: 416000
I/PHService(  128): VpuOperator    : 
I/PHService(  128): OperatorManager: ========== Merge Result [Done] ==========
I/PHService(  128): OperatorBase   : Try to wake up Worker Operation-Worker_360 Done, Exit!!
I/PHService(  128): OperatorBase   : Worker Operation-Worker_360 wakes up and starts to do work!
I/PHService(  128): OperatorBase   : ========== Do Work ==============
I/PHService(  128): CpuOperator    : [WorkerTask]
I/PHService(  128): CpuOperator    :     CPU0: Operation (1205000-1205000-ondemand), online: ONLINE(1)
I/PHService(  128): CpuOperator    :     CPU0: Operation: sampling_rate(10000)
I/PHService(  128): CpuOperator    :     CPU1: No Operation. Online: AUTO(-1)
I/PHService(  128): CpuOperator    : [Apply]
I/PHService(  128): CpuOperator    :     Operation setting for CPU0 successfully!
E/PHService(  128): SysfsAccess    : writing's messed up: /sys/devices/system/cpu/cpu1/online, -1, Invalid argument
W/PHService(  128): CpuOperator    : failed to write data 4294967295 to /sys/devices/system/cpu/cpu1/online
E/PHService(  128): CpuOperator    : int android::CpuOperator::setCpuOnlineStatus(unsigned int, int*), check failed!!!!
W/PHService(  128): CpuOperator    :     NULL cpu frequency parameters---cpu unitId: 1
I/PHService(  128): CpuOperator    :     Operation setting for CPU1 successfully!
I/PHService(  128): CpuOperator    : 
I/PHService(  128): DdrOperator    : [WorkerTask]
I/PHService(  128): DdrOperator    :     DDR0: Operation: min: 533000, max: 533000, pollinInterval: 50
I/PHService(  128): DdrOperator    : [Apply]
I/PHService(  128): DdrOperator    :     Operation setting for DDR successfully!
I/PHService(  128): DdrOperator    : 
I/PHService(  128): GpuOperator    : [WorkerTask]
I/PHService(  128): GpuOperator    :     GPU0: Operation (624000-624000-ondemand)
I/PHService(  128): GpuOperator    : [Apply]
E/PHService(  128): SysfsAccess    : opening's messed up, /sys/devices/platform/galcore/gpu/gpu0/gpufreq/scaling_governor Permission denied
E/PHService(  128): GpuOperator    : int android::GpuOperator::setScalingPolicy(android::sp<android::GpuUnitParam>&), check failed!!!!
W/PHService(  128): GpuOperator    :     Couldn't set constraint for GPU0 (624000-624000-ondemand)
I/PHService(  128): GpuOperator    : 
I/PHService(  128): ShcmdOperator  : [WorkerTask]
I/PHService(  128): ShcmdOperator  :     Shcmd: Operation: echo disable > /sys/devices/platform/pxa27x-keypad/power/wakeup
I/PHService(  128): ShcmdOperator  : [Apply]
I/PHService(  128): HintBase       : handleMessage MSG_HANDLE_NORMAL
I/PHService(  128): HintManager    : ========== Hint Update ===============
I/PHService(  128): HintManager    : ========== Hint Update [Done] ========
I/PHService(  128): PolicyManager  : ========== Policy Evaluate [beginning] =====
I/PHService(  128): PowerPolicy    : Policy [InputEventDefault] hit status: [1->0]
I/PHService(  128): PolicyManager  : Policy [InputEventDefault] status changed. Need to vote.
I/PHService(  128): PolicyManager  : ========== Policy Evaluate [end] ===========
I/PHService(  128): PolicyManager  : ========== Vote Result [beginning] =========
I/PHService(  128): PolicyManager  : Hit policy: [BootComplete]
I/PHService(  128): PolicyManager  : Hit policy: [CallIdle]
I/PHService(  128): PolicyManager  : Hit policy: [VideoOff]
I/PHService(  128): PolicyManager  : ========== Vote Result [end] ===============
I/PHService(  128): ShcmdOperator  : "echo disable > /sys/devices/platform/pxa27x-keypad/power/wakeup" exited with status 1
I/PHService(  128): ShcmdOperator  : 
I/PHService(  128): VpuOperator    : [WorkerTask]
I/PHService(  128): VpuOperator    :     VPU0: Operation: 416000
I/PHService(  128): VpuOperator    : [Apply]
I/PHService(  128): VpuOperator    :     Operation setting for VPU0 successfully!
I/PHService(  128): VpuOperator    : 
I/PHService(  128): OperatorBase   : ========== Do Work [Done] ========
I/PHService(  128): OperatorManager: ========== Merge Result =================
I/PHService(  128): CpuOperator    :     [Dump Merged Operation]
I/PHService(  128): CpuOperator    :     CPU0: Operation (312000-1205000-ondemand), online: AUTO(-1)
I/PHService(  128): CpuOperator    :     CPU0: Operation: sampling_rate(10000)
I/PHService(  128): CpuOperator    :     CPU1: No Operation. Online: AUTO(-1)
I/PHService(  128): CpuOperator    : 
I/PHService(  128): DdrOperator    :     [Dump Merged Operation]
I/PHService(  128): DdrOperator    :     DDR0: Operation: min: 156000, max: 533000, pollinInterval: 50
I/PHService(  128): DdrOperator    : 
I/PHService(  128): GpuOperator    :     [Dump Merged Operation]
I/PHService(  128): GpuOperator    :     GPU0: Operation (156000-624000-ondemand)
I/PHService(  128): GpuOperator    : 
I/PHService(  128): ShcmdOperator  :     [Dump Merged Operation]
I/PHService(  128): ShcmdOperator  :     Shcmd: Operation: echo disable > /sys/devices/platform/pxa27x-keypad/power/wakeup
I/PHService(  128): ShcmdOperator  : 
I/PHService(  128): VpuOperator    :     [Dump Merged Operation]
I/PHService(  128): VpuOperator    :     VPU0: Operation: 416000
I/PHService(  128): VpuOperator    : 
I/PHService(  128): OperatorManager: ========== Merge Result [Done] ==========
I/PHService(  128): OperatorBase   : Try to wake up Worker Operation-Worker_360 Done, Exit!!
I/PHService(  128): OperatorBase   : Worker Operation-Worker_360 wakes up and starts to do work!
I/PHService(  128): OperatorBase   : ========== Do Work ==============
I/PHService(  128): CpuOperator    : [WorkerTask]
I/PHService(  128): CpuOperator    :     CPU0: Operation (312000-1205000-ondemand), online: AUTO(-1)
I/PHService(  128): CpuOperator    :     CPU0: Operation: sampling_rate(10000)
I/PHService(  128): CpuOperator    :     CPU1: No Operation. Online: AUTO(-1)
I/PHService(  128): CpuOperator    : [Apply]
I/PHService(  128): CpuOperator    :     Operation setting for CPU0 successfully!
W/PHService(  128): CpuOperator    :     NULL cpu frequency parameters---cpu unitId: 1
I/PHService(  128): CpuOperator    :     Operation setting for CPU1 successfully!
I/PHService(  128): CpuOperator    : 
I/PHService(  128): DdrOperator    : [WorkerTask]
I/PHService(  128): DdrOperator    :     DDR0: Operation: min: 156000, max: 533000, pollinInterval: 50
I/PHService(  128): DdrOperator    : [Apply]
I/PHService(  128): DdrOperator    :     Operation setting for DDR successfully!
I/PHService(  128): DdrOperator    : 
I/PHService(  128): GpuOperator    : [WorkerTask]
I/PHService(  128): GpuOperator    :     GPU0: Operation (156000-624000-ondemand)
I/PHService(  128): GpuOperator    : [Apply]
E/PHService(  128): SysfsAccess    : opening's messed up, /sys/devices/platform/galcore/gpu/gpu0/gpufreq/scaling_governor Permission denied
E/PHService(  128): GpuOperator    : int android::GpuOperator::setScalingPolicy(android::sp<android::GpuUnitParam>&), check failed!!!!
W/PHService(  128): GpuOperator    :     Couldn't set constraint for GPU0 (156000-624000-ondemand)
I/PHService(  128): GpuOperator    : 
I/PHService(  128): ShcmdOperator  : [WorkerTask]
I/PHService(  128): ShcmdOperator  :     Shcmd: Operation: echo disable > /sys/devices/platform/pxa27x-keypad/power/wakeup
I/PHService(  128): ShcmdOperator  : [Apply]
I/PHService(  128): ShcmdOperator  : "echo disable > /sys/devices/platform/pxa27x-keypad/power/wakeup" exited with status 1
I/PHService(  128): ShcmdOperator  : 
I/PHService(  128): VpuOperator    : [WorkerTask]
I/PHService(  128): VpuOperator    :     VPU0: Operation: 416000
I/PHService(  128): VpuOperator    : [Apply]
I/PHService(  128): VpuOperator    :     Operation setting for VPU0 successfully!
I/PHService(  128): VpuOperator    : 
I/PHService(  128): OperatorBase   : ========== Do Work [Done] ========
I/ServiceManager(  120): Waiting for service com.marvell.FileMonitorService...
D/SensorService(  549):   -0.8 5.3 8.4
D/KeyguardUpdateMonitor(  647): sendKeyguardVisibilityChanged(true)
I/KeyguardUpdateMonitor(  647): visibility is same
I/SurfaceFlinger(  117): id=2827 Removed DordovaApp (9/12)
I/SurfaceFlinger(  117): id=2827 Removed DordovaApp (-2/12)
D/KeyguardUpdateMonitor(  647): sendKeyguardVisibilityChanged(true)
I/KeyguardUpdateMonitor(  647): visibility is same
I/ServiceManager(  120): Waiting for service com.marvell.FileMonitorService...
I/InputReader(  549): Touch event's action is 0x0 (deviceType=0) [pCnt=1, s=0.61399 ] when=544316838927000
I/InputDispatcher(  549): Delivering touch to: action: 0x4, toolType: 1
I/InputDispatcher(  549): Delivering touch to: action: 0x0, toolType: 1
I/PHService(  128): HintBase       : handleMessage MSG_HANDLE_NORMAL
I/PHService(  128): HintManager    : ========== Hint Update ===============
I/PHService(  128): HintManager    : ========== Hint Update [Done] ========
I/PHService(  128): PolicyManager  : ========== Policy Evaluate [beginning] =====
I/PHService(  128): PowerPolicy    : Policy [InputEventDefault] hit status: [0->1]
I/PHService(  128): PolicyManager  : Policy [InputEventDefault] status changed. Need to vote.
I/PHService(  128): PolicyManager  : ========== Policy Evaluate [end] ===========
I/PHService(  128): PolicyManager  : ========== Vote Result [beginning] =========
I/PHService(  128): PolicyManager  : Hit policy: [BootComplete]
I/PHService(  128): PolicyManager  : Hit policy: [CallIdle]
I/PHService(  128): PolicyManager  : Hit policy: [InputEventDefault]
I/PHService(  128): PolicyManager  : Hit policy: [VideoOff]
I/PHService(  128): PolicyManager  : ========== Vote Result [end] ===============
I/PHService(  128): OperatorManager: ========== Merge Result =================
I/PHService(  128): CpuOperator    :     [Dump Merged Operation]
I/PHService(  128): CpuOperator    :     CPU0: Operation (1205000-1205000-ondemand), online: ONLINE(1)
I/PHService(  128): CpuOperator    :     CPU0: Operation: sampling_rate(10000)
I/PHService(  128): CpuOperator    :     CPU1: No Operation. Online: AUTO(-1)
I/PHService(  128): CpuOperator    : 
I/PHService(  128): DdrOperator    :     [Dump Merged Operation]
I/PHService(  128): DdrOperator    :     DDR0: Operation: min: 533000, max: 533000, pollinInterval: 50
I/PHService(  128): DdrOperator    : 
I/PHService(  128): GpuOperator    :     [Dump Merged Operation]
I/PHService(  128): GpuOperator    :     GPU0: Operation (624000-624000-ondemand)
I/PHService(  128): GpuOperator    : 
I/PHService(  128): ShcmdOperator  :     [Dump Merged Operation]
I/PHService(  128): ShcmdOperator  :     Shcmd: Operation: echo disable > /sys/devices/platform/pxa27x-keypad/power/wakeup
I/PHService(  128): ShcmdOperator  : 
I/PHService(  128): VpuOperator    :     [Dump Merged Operation]
I/PHService(  128): VpuOperator    :     VPU0: Operation: 416000
I/PHService(  128): VpuOperator    : 
I/PHService(  128): OperatorManager: ========== Merge Result [Done] ==========
I/PHService(  128): OperatorBase   : Try to wake up Worker Operation-Worker_360 Done, Exit!!
I/PHService(  128): OperatorBase   : Worker Operation-Worker_360 wakes up and starts to do work!
I/PHService(  128): OperatorBase   : ========== Do Work ==============
I/PHService(  128): CpuOperator    : [WorkerTask]
I/PHService(  128): CpuOperator    :     CPU0: Operation (1205000-1205000-ondemand), online: ONLINE(1)
I/PHService(  128): CpuOperator    :     CPU0: Operation: sampling_rate(10000)
I/PHService(  128): CpuOperator    :     CPU1: No Operation. Online: AUTO(-1)
I/PHService(  128): CpuOperator    : [Apply]
I/PHService(  128): CpuOperator    :     Operation setting for CPU0 successfully!
E/PHService(  128): SysfsAccess    : writing's messed up: /sys/devices/system/cpu/cpu1/online, -1, Invalid argument
W/PHService(  128): CpuOperator    : failed to write data 4294967295 to /sys/devices/system/cpu/cpu1/online
E/PHService(  128): CpuOperator    : int android::CpuOperator::setCpuOnlineStatus(unsigned int, int*), check failed!!!!
W/PHService(  128): CpuOperator    :     NULL cpu frequency parameters---cpu unitId: 1
I/PHService(  128): CpuOperator    :     Operation setting for CPU1 successfully!
I/PHService(  128): CpuOperator    : 
I/PHService(  128): DdrOperator    : [WorkerTask]
I/PHService(  128): DdrOperator    :     DDR0: Operation: min: 533000, max: 533000, pollinInterval: 50
I/PHService(  128): DdrOperator    : [Apply]
I/PHService(  128): DdrOperator    :     Operation setting for DDR successfully!
I/PHService(  128): DdrOperator    : 
I/PHService(  128): GpuOperator    : [WorkerTask]
I/PHService(  128): GpuOperator    :     GPU0: Operation (624000-624000-ondemand)
I/PHService(  128): GpuOperator    : [Apply]
E/PHService(  128): SysfsAccess    : opening's messed up, /sys/devices/platform/galcore/gpu/gpu0/gpufreq/scaling_governor Permission denied
E/PHService(  128): GpuOperator    : int android::GpuOperator::setScalingPolicy(android::sp<android::GpuUnitParam>&), check failed!!!!
W/PHService(  128): GpuOperator    :     Couldn't set constraint for GPU0 (624000-624000-ondemand)
I/PHService(  128): GpuOperator    : 
I/PHService(  128): ShcmdOperator  : [WorkerTask]
I/PHService(  128): ShcmdOperator  :     Shcmd: Operation: echo disable > /sys/devices/platform/pxa27x-keypad/power/wakeup
I/PHService(  128): ShcmdOperator  : [Apply]
I/PHService(  128): ShcmdOperator  : "echo disable > /sys/devices/platform/pxa27x-keypad/power/wakeup" exited with status 1
I/PHService(  128): ShcmdOperator  : 
I/PHService(  128): VpuOperator    : [WorkerTask]
I/PHService(  128): VpuOperator    :     VPU0: Operation: 416000
I/PHService(  128): VpuOperator    : [Apply]
I/PHService(  128): VpuOperator    :     Operation setting for VPU0 successfully!
I/PHService(  128): VpuOperator    : 
I/PHService(  128): OperatorBase   : ========== Do Work [Done] ========
I/PHService(  128): HintBase       : handleMessage MSG_HANDLE_NORMAL
I/PHService(  128): HintManager    : ========== Hint Update ===============
I/PHService(  128): HintManager    : ========== Hint Update [Done] ========
I/PHService(  128): PolicyManager  : ========== Policy Evaluate [beginning] =====
I/PHService(  128): PowerPolicy    : Policy [InputEventMotion] hit status: [0->1]
I/PHService(  128): PolicyManager  : Policy [InputEventMotion] status changed. Need to vote.
I/PHService(  128): PolicyManager  : ========== Policy Evaluate [end] ===========
I/PHService(  128): PolicyManager  : ========== Vote Result [beginning] =========
I/PHService(  128): PolicyManager  : Hit policy: [BootComplete]
I/PHService(  128): PolicyManager  : Hit policy: [CallIdle]
I/PHService(  128): PolicyManager  : Hit policy: [InputEventDefault]
I/PHService(  128): PolicyManager  : Hit policy: [InputEventMotion]
I/PHService(  128): PolicyManager  : Hit policy: [VideoOff]
I/PHService(  128): PolicyManager  : ========== Vote Result [end] ===============
I/PHService(  128): OperatorManager: ========== Merge Result =================
I/PHService(  128): CpuOperator    :     [Dump Merged Operation]
I/PHService(  128): CpuOperator    :     CPU0: Operation (1205000-1205000-ondemand), online: ONLINE(1)
I/PHService(  128): CpuOperator    :     CPU0: Operation: sampling_rate(10000)
I/PHService(  128): CpuOperator    :     CPU1: No Operation. Online: AUTO(-1)
I/PHService(  128): CpuOperator    : 
I/PHService(  128): DdrOperator    :     [Dump Merged Operation]
I/PHService(  128): DdrOperator    :     DDR0: Operation: min: 533000, max: 533000, pollinInterval: 50
I/PHService(  128): DdrOperator    : 
I/PHService(  128): GpuOperator    :     [Dump Merged Operation]
I/PHService(  128): GpuOperator    :     GPU0: Operation (624000-624000-ondemand)
I/PHService(  128): GpuOperator    : 
I/PHService(  128): ShcmdOperator  :     [Dump Merged Operation]
I/PHService(  128): ShcmdOperator  :     Shcmd: Operation: echo disable > /sys/devices/platform/pxa27x-keypad/power/wakeup
I/PHService(  128): ShcmdOperator  : 
I/PHService(  128): VpuOperator    :     [Dump Merged Operation]
I/PHService(  128): VpuOperator    :     VPU0: Operation: 416000
I/PHService(  128): VpuOperator    : 
I/PHService(  128): OperatorManager: ========== Merge Result [Done] ==========
I/PHService(  128): OperatorBase   : Try to wake up Worker Operation-Worker_360 Done, Exit!!
I/PHService(  128): OperatorBase   : Worker Operation-Worker_360 wakes up and starts to do work!
I/PHService(  128): OperatorBase   : ========== Do Work ==============
I/PHService(  128): CpuOperator    : [WorkerTask]
I/PHService(  128): CpuOperator    :     CPU0: Operation (1205000-1205000-ondemand), online: ONLINE(1)
I/PHService(  128): CpuOperator    :     CPU0: Operation: sampling_rate(10000)
I/PHService(  128): CpuOperator    :     CPU1: No Operation. Online: AUTO(-1)
I/PHService(  128): CpuOperator    : [Apply]
I/PHService(  128): CpuOperator    :     Operation setting for CPU0 successfully!
E/PHService(  128): SysfsAccess    : writing's messed up: /sys/devices/system/cpu/cpu1/online, -1, Invalid argument
W/PHService(  128): CpuOperator    : failed to write data 4294967295 to /sys/devices/system/cpu/cpu1/online
E/PHService(  128): CpuOperator    : int android::CpuOperator::setCpuOnlineStatus(unsigned int, int*), check failed!!!!
W/PHService(  128): CpuOperator    :     NULL cpu frequency parameters---cpu unitId: 1
I/PHService(  128): CpuOperator    :     Operation setting for CPU1 successfully!
I/PHService(  128): CpuOperator    : 
I/PHService(  128): DdrOperator    : [WorkerTask]
I/PHService(  128): DdrOperator    :     DDR0: Operation: min: 533000, max: 533000, pollinInterval: 50
I/PHService(  128): DdrOperator    : [Apply]
I/PHService(  128): DdrOperator    :     Operation setting for DDR successfully!
I/PHService(  128): DdrOperator    : 
I/PHService(  128): GpuOperator    : [WorkerTask]
I/PHService(  128): GpuOperator    :     GPU0: Operation (624000-624000-ondemand)
I/PHService(  128): GpuOperator    : [Apply]
E/PHService(  128): SysfsAccess    : opening's messed up, /sys/devices/platform/galcore/gpu/gpu0/gpufreq/scaling_governor Permission denied
E/PHService(  128): GpuOperator    : int android::GpuOperator::setScalingPolicy(android::sp<android::GpuUnitParam>&), check failed!!!!
W/PHService(  128): GpuOperator    :     Couldn't set constraint for GPU0 (624000-624000-ondemand)
I/PHService(  128): GpuOperator    : 
I/PHService(  128): ShcmdOperator  : [WorkerTask]
I/PHService(  128): ShcmdOperator  :     Shcmd: Operation: echo disable > /sys/devices/platform/pxa27x-keypad/power/wakeup
I/PHService(  128): ShcmdOperator  : [Apply]
I/PHService(  128): ShcmdOperator  : "echo disable > /sys/devices/platform/pxa27x-keypad/power/wakeup" exited with status 1
I/PHService(  128): ShcmdOperator  : 
I/PHService(  128): VpuOperator    : [WorkerTask]
I/PHService(  128): VpuOperator    :     VPU0: Operation: 416000
I/PHService(  128): VpuOperator    : [Apply]
I/PHService(  128): VpuOperator    :     Operation setting for VPU0 successfully!
I/InputReader(  549): Touch event's action is 0x1 (deviceType=0) [pCnt=1, s=] when=544316908751000
I/InputDispatcher(  549): Delivering touch to: action: 0x1, toolType: 1
I/PHService(  128): VpuOperator    : 
I/PHService(  128): OperatorBase   : ========== Do Work [Done] ========
D/STATUSBAR-NetworkController(  647): refreshSignalCluster - setNWBoosterIndicators(false)
D/STATUSBAR-NetworkController(  647): refreshSignalCluster: data=-1 bt=false
D/STATUSBAR-IconMerger(  647): checkOverflow(420), More:false, Req:false Child:10
I/PHService(  128): HintBase       : handleMessage MSG_HANDLE_NORMAL
I/PHService(  128): HintManager    : ========== Hint Update ===============
I/PHService(  128): HintManager    : ========== Hint Update [Done] ========
I/PHService(  128): PolicyManager  : ========== Policy Evaluate [beginning] =====
I/PHService(  128): PowerPolicy    : Policy [InputEventMotion] hit status: [1->0]
I/PHService(  128): PolicyManager  : Policy [InputEventMotion] status changed. Need to vote.
I/PHService(  128): PolicyManager  : ========== Policy Evaluate [end] ===========
I/PHService(  128): PolicyManager  : ========== Vote Result [beginning] =========
I/PHService(  128): PolicyManager  : Hit policy: [BootComplete]
I/PHService(  128): PolicyManager  : Hit policy: [CallIdle]
I/PHService(  128): PolicyManager  : Hit policy: [InputEventDefault]
I/PHService(  128): PolicyManager  : Hit policy: [VideoOff]
I/PHService(  128): PolicyManager  : ========== Vote Result [end] ===============
I/PHService(  128): OperatorManager: ========== Merge Result =================
I/PHService(  128): CpuOperator    :     [Dump Merged Operation]
I/PHService(  128): CpuOperator    :     CPU0: Operation (1205000-1205000-ondemand), online: ONLINE(1)
I/PHService(  128): CpuOperator    :     CPU0: Operation: sampling_rate(10000)
I/PHService(  128): CpuOperator    :     CPU1: No Operation. Online: AUTO(-1)
I/PHService(  128): CpuOperator    : 
I/PHService(  128): DdrOperator    :     [Dump Merged Operation]
I/PHService(  128): DdrOperator    :     DDR0: Operation: min: 533000, max: 533000, pollinInterval: 50
I/PHService(  128): DdrOperator    : 
I/PHService(  128): GpuOperator    :     [Dump Merged Operation]
I/PHService(  128): GpuOperator    :     GPU0: Operation (624000-624000-ondemand)
I/PHService(  128): GpuOperator    : 
I/PHService(  128): ShcmdOperator  :     [Dump Merged Operation]
I/PHService(  128): ShcmdOperator  :     Shcmd: Operation: echo disable > /sys/devices/platform/pxa27x-keypad/power/wakeup
I/PHService(  128): ShcmdOperator  : 
I/PHService(  128): VpuOperator    :     [Dump Merged Operation]
I/PHService(  128): VpuOperator    :     VPU0: Operation: 416000
I/PHService(  128): VpuOperator    : 
I/PHService(  128): OperatorManager: ========== Merge Result [Done] ==========
I/PHService(  128): OperatorBase   : Try to wake up Worker Operation-Worker_360 Done, Exit!!
I/PHService(  128): OperatorBase   : Worker Operation-Worker_360 wakes up and starts to do work!
I/PHService(  128): OperatorBase   : ========== Do Work ==============
I/PHService(  128): CpuOperator    : [WorkerTask]
I/PHService(  128): CpuOperator    :     CPU0: Operation (1205000-1205000-ondemand), online: ONLINE(1)
I/PHService(  128): CpuOperator    :     CPU0: Operation: sampling_rate(10000)
I/PHService(  128): CpuOperator    :     CPU1: No Operation. Online: AUTO(-1)
I/PHService(  128): CpuOperator    : [Apply]
I/PHService(  128): CpuOperator    :     Operation setting for CPU0 successfully!
E/PHService(  128): SysfsAccess    : writing's messed up: /sys/devices/system/cpu/cpu1/online, -1, Invalid argument
W/PHService(  128): CpuOperator    : failed to write data 4294967295 to /sys/devices/system/cpu/cpu1/online
E/PHService(  128): CpuOperator    : int android::CpuOperator::setCpuOnlineStatus(unsigned int, int*), check failed!!!!
W/PHService(  128): CpuOperator    :     NULL cpu frequency parameters---cpu unitId: 1
I/PHService(  128): CpuOperator    :     Operation setting for CPU1 successfully!
I/PHService(  128): CpuOperator    : 
I/PHService(  128): DdrOperator    : [WorkerTask]
I/PHService(  128): DdrOperator    :     DDR0: Operation: min: 533000, max: 533000, pollinInterval: 50
I/PHService(  128): DdrOperator    : [Apply]
I/PHService(  128): DdrOperator    :     Operation setting for DDR successfully!
I/PHService(  128): DdrOperator    : 
I/PHService(  128): GpuOperator    : [WorkerTask]
I/PHService(  128): GpuOperator    :     GPU0: Operation (624000-624000-ondemand)
I/PHService(  128): GpuOperator    : [Apply]
E/PHService(  128): SysfsAccess    : opening's messed up, /sys/devices/platform/galcore/gpu/gpu0/gpufreq/scaling_governor Permission denied
E/PHService(  128): GpuOperator    : int android::GpuOperator::setScalingPolicy(android::sp<android::GpuUnitParam>&), check failed!!!!
W/PHService(  128): GpuOperator    :     Couldn't set constraint for GPU0 (624000-624000-ondemand)
I/PHService(  128): GpuOperator    : 
I/PHService(  128): ShcmdOperator  : [WorkerTask]
I/PHService(  128): ShcmdOperator  :     Shcmd: Operation: echo disable > /sys/devices/platform/pxa27x-keypad/power/wakeup
I/PHService(  128): ShcmdOperator  : [Apply]
I/PHService(  128): ShcmdOperator  : "echo disable > /sys/devices/platform/pxa27x-keypad/power/wakeup" exited with status 1
I/PHService(  128): ShcmdOperator  : 
I/PHService(  128): VpuOperator    : [WorkerTask]
I/PHService(  128): VpuOperator    :     VPU0: Operation: 416000
I/PHService(  128): VpuOperator    : [Apply]
I/PHService(  128): VpuOperator    :     Operation setting for VPU0 successfully!
I/PHService(  128): VpuOperator    : 
I/PHService(  128): OperatorBase   : ========== Do Work [Done] ========
I/PHService(  128): HintBase       : handleMessage MSG_HANDLE_NORMAL
I/PHService(  128): HintManager    : ========== Hint Update ===============
I/PHService(  128): HintManager    : ========== Hint Update [Done] ========
I/PHService(  128): PolicyManager  : ========== Policy Evaluate [beginning] =====
I/PHService(  128): PowerPolicy    : Policy [InputEventDefault] hit status: [1->0]
