V/AwesomePlayer(  120): cancelPlayerEvents (keepNotifications=0)
V/AwesomePlayer(  120): mAudioTrackVector clear
V/AwesomePlayer(  120): reset_l() mAudioPlayer successfully deleted
V/AwesomePlayer(  120): mSecMediaClock clear
V/MediaPlayer(30279): decode(57, 1074436, 7015)
V/MediaPlayerService(  120): decode(33, 1074436, 7015)
V/MediaPlayerService(  120): player type = 3
V/AwesomePlayer(  120): setDefault
V/AwesomePlayer(  120): constructor
V/AwesomePlayer(  120): setDefault
V/AwesomePlayer(  120): reset_l()
V/AwesomePlayer(  120): notifyListner_l() msg (8-MEDIA_STOPPED), ext1 (0), ext2 (0)
V/AwesomePlayer(  120): cancelPlayerEvents (keepNotifications=0)
V/AwesomePlayer(  120): mAudioTrackVector clear
V/AwesomePlayer(  120): reset_l() mAudioPlayer successfully deleted
V/AwesomePlayer(  120): mSecMediaClock clear
V/StagefrightPlayer(  120): StagefrightPlayer
V/AwesomePlayer(  120): setListener
V/StagefrightPlayer(  120): initCheck
V/AwesomePlayer(  120): setAudioSink
V/StagefrightPlayer(  120): setDataSource(33, 1074436, 7015)
V/AwesomePlayer(  120): reset_l()
V/AwesomePlayer(  120): notifyListner_l() msg (8-MEDIA_STOPPED), ext1 (0), ext2 (0)
V/AudioCache(  120): notify(0x446def68, 8, 0, 0)
V/AudioCache(  120): ignored
V/AwesomePlayer(  120): cancelPlayerEvents (keepNotifications=0)
V/AwesomePlayer(  120): mAudioTrackVector clear
V/AwesomePlayer(  120): reset_l() mAudioPlayer successfully deleted
V/AwesomePlayer(  120): mSecMediaClock clear
V/AwesomePlayer(  120): track of type 'audio/vorbis' does not publish bitrate
V/AwesomePlayer(  120): mBitrate = -1 bits/sec
I/OggExtractor(  120): OggSource::OggSource() mExtractor ref count = 4
V/AwesomePlayer(  120): current audio track index (0) is added to vector
V/AwesomePlayer(  120): setDataSource_l: Audio(1), Video(0)
I/AwesomePlayer(  120): AwesomePlayer::setDataSource_l():: This is not a DRM content
V/MediaPlayerService(  120): prepare
V/AwesomePlayer(  120): prepareAsync
V/MediaPlayerService(  120): wait for prepare
V/AwesomePlayer(  120): onPrepareAsyncEvent
I/SecMediaClock(  120): SecMediaClock constructor
I/SecMediaClock(  120): reset
V/AwesomePlayer(  120): initAudioDecoder
V/AwesomePlayer(  120): checkOffloadExceptions is true
I/OMXCodec(  120): Attempting to allocate OMX node 'OMX.google.vorbis.decoder'
I/OMXCodec(  120): Successfully allocated OMX node 'OMX.google.vorbis.decoder'
I/OMXCodec(  120): [OMX.google.vorbis.decoder] OMXCodec::start mState=1
I/OMXCodec(  120): [OMX.google.vorbis.decoder] allocating 4 buffers of size 32768 on input port
I/OMXCodec(  120): [OMX.google.vorbis.decoder] allocating 4 buffers of size 32768 on output port
I/OMXCodec(  120): [OMX.google.vorbis.decoder] Now Idle. Component sends idle done Event 
V/AwesomePlayer(  120): finishAsyncPrepare_l
V/AwesomePlayer(  120): notifyListner_l() msg (200-MEDIA_INFO), ext1 (973), ext2 (0)
V/AudioCache(  120): notify(0x446def68, 200, 973, 0)
V/AudioCache(  120): ignored
V/AwesomePlayer(  120): notifyListner_l() msg (5-MEDIA_SET_VIDEO_SIZE), ext1 (0), ext2 (0)
V/AudioCache(  120): notify(0x446def68, 5, 0, 0)
V/AudioCache(  120): ignored
V/AwesomePlayer(  120): notifyListner_l() msg (1-MEDIA_PREPARED), ext1 (0), ext2 (0)
V/AudioCache(  120): notify(0x446def68, 1, 0, 0)
V/AudioCache(  120): prepared
V/AudioCache(  120): wait - success
V/MediaPlayerService(  120): start
V/StagefrightPlayer(  120): start
V/AwesomePlayer(  120): play
V/AwesomePlayer(  120): AwesomePlayer::play_l():: This is not a DRM content
V/AwesomePlayer(  120): startAudioPlayer_l, sendErrorNotification (0)
I/OMXCodec(  120): [OMX.google.vorbis.decoder] 0onCmdComplete  mState =  7
I/OMXCodec(  120): [OMX.google.vorbis.decoder] PORT_DISABLED(1)
I/OMXCodec(  120): [OMX.google.vorbis.decoder] allocating 4 buffers of size 32768 on output port
I/AudioPlayer(  120):  Audioplayer kKeyAudioPCMFormat:1, 1, 0
I/AudioPlayer(  120):  Audioplayer kKeyAudioPCMFormat read fail(1, 1)
V/AudioCache(  120): open(44100, 1, 0x0, 1, 4)
V/AwesomePlayer(  120): notifyListner_l() msg (6-MEDIA_STARTED), ext1 (0), ext2 (0)
V/AudioCache(  120): notify(0x446def68, 6, 0, 0)
V/AudioCache(  120): ignored
V/AwesomePlayer(  120): addBatteryData
I/AudioPlayer(  120): First fillBuffer call!!
V/MediaPlayerService(  120): wait for playback complete
I/OMXCodec(  120): [OMX.google.vorbis.decoder] End Of Stream
V/AwesomePlayer(  120): postAudioEOS delayUs (0)
V/AwesomePlayer(  120): onCheckAudioStatus
V/AwesomePlayer(  120): onCheckAudioStatus() set AUDIO_AT_EOS flag
V/AwesomePlayer(  120): onStreamDone
V/AwesomePlayer(  120): MEDIA_PLAYBACK_COMPLETE
V/AwesomePlayer(  120): notifyListner_l() msg (2-MEDIA_PLAYBACK_COMPLETE), ext1 (0), ext2 (0)
V/AudioCache(  120): notify(0x446def68, 2, 0, 0)
V/AudioCache(  120): playback complete - thread will wake up later
V/AwesomePlayer(  120): notifyListner_l() msg (7-MEDIA_PAUSED), ext1 (0), ext2 (0)
V/AudioCache(  120): notify(0x446def68, 7, 0, 0)
V/AudioCache(  120): ignored
V/AwesomePlayer(  120): cancelPlayerEvents (keepNotifications=1)
V/AwesomePlayer(  120): addBatteryData
V/AudioCache(  120): wait - success
V/StagefrightPlayer(  120): reset
V/AwesomePlayer(  120): reset_l()
V/AwesomePlayer(  120): notifyListner_l() msg (8-MEDIA_STOPPED), ext1 (0), ext2 (0)
V/AudioCache(  120): notify(0x446def68, 8, 0, 0)
V/AudioCache(  120): ignored
V/AwesomePlayer(  120): cancelPlayerEvents (keepNotifications=0)
V/AwesomePlayer(  120): mAudioTrackVector clear
I/OMXCodec(  120): [OMX.google.vorbis.decoder] stop mState=4
I/OMXCodec(  120): [OMX.google.vorbis.decoder] stop() sendCommand(0x38b, OMX_CommandStateSet, OMX_StateIdle)
I/OMXCodec(  120): [OMX.google.vorbis.decoder] Now Idle. Component sends idle done Event 
I/OMXCodec(  120): [OMX.google.vorbis.decoder] stopOmxComponent_l() mstate = 1
I/OggExtractor(  120): OggSource::stop() mExtractor ref count = 1
I/OggExtractor(  120): OggSource::~OggSource() mExtractor !mStarted ref count = 1
I/OggExtractor(  120): ~OggSource --
I/OggExtractor(  120): ~OggExtractor ++
I/OggExtractor(  120): ~MyVorbisExtractor ++ 
I/OggExtractor(  120): ~MyVorbisExtractor --
I/OggExtractor(  120): ~OggExtractor --
I/AudioPlayer(  120): reset out
V/AwesomePlayer(  120): reset_l() mAudioPlayer successfully deleted
I/SecMediaClock(  120): SecMediaClock destructor
V/AwesomePlayer(  120): mSecMediaClock clear
V/StagefrightPlayer(  120): ~StagefrightPlayer
V/StagefrightPlayer(  120): reset
V/AwesomePlayer(  120): reset_l()
V/AwesomePlayer(  120): notifyListner_l() msg (8-MEDIA_STOPPED), ext1 (0), ext2 (0)
V/AwesomePlayer(  120): cancelPlayerEvents (keepNotifications=0)
V/AwesomePlayer(  120): mAudioTrackVector clear
V/AwesomePlayer(  120): reset_l() mAudioPlayer successfully deleted
V/AwesomePlayer(  120): mSecMediaClock clear
V/AwesomePlayer(  120): destructor
V/AwesomePlayer(  120): reset_l()
V/AwesomePlayer(  120): notifyListner_l() msg (8-MEDIA_STOPPED), ext1 (0), ext2 (0)
V/AwesomePlayer(  120): cancelPlayerEvents (keepNotifications=0)
V/AwesomePlayer(  120): mAudioTrackVector clear
V/AwesomePlayer(  120): reset_l() mAudioPlayer successfully deleted
V/AwesomePlayer(  120): mSecMediaClock clear
V/MediaPlayer(30279): decode(58, 1003540, 5632)
V/MediaPlayerService(  120): decode(33, 1003540, 5632)
V/MediaPlayerService(  120): player type = 3
V/AwesomePlayer(  120): setDefault
V/AwesomePlayer(  120): constructor
V/AwesomePlayer(  120): setDefault
V/AwesomePlayer(  120): reset_l()
V/AwesomePlayer(  120): notifyListner_l() msg (8-MEDIA_STOPPED), ext1 (0), ext2 (0)
V/AwesomePlayer(  120): cancelPlayerEvents (keepNotifications=0)
V/AwesomePlayer(  120): mAudioTrackVector clear
V/AwesomePlayer(  120): reset_l() mAudioPlayer successfully deleted
V/AwesomePlayer(  120): mSecMediaClock clear
V/StagefrightPlayer(  120): StagefrightPlayer
V/AwesomePlayer(  120): setListener
V/StagefrightPlayer(  120): initCheck
V/AwesomePlayer(  120): setAudioSink
V/StagefrightPlayer(  120): setDataSource(33, 1003540, 5632)
V/AwesomePlayer(  120): reset_l()
V/AwesomePlayer(  120): notifyListner_l() msg (8-MEDIA_STOPPED), ext1 (0), ext2 (0)
V/AudioCache(  120): notify(0x446def68, 8, 0, 0)
V/AudioCache(  120): ignored
V/AwesomePlayer(  120): cancelPlayerEvents (keepNotifications=0)
V/AwesomePlayer(  120): mAudioTrackVector clear
V/AwesomePlayer(  120): reset_l() mAudioPlayer successfully deleted
V/AwesomePlayer(  120): mSecMediaClock clear
V/AwesomePlayer(  120): track of type 'audio/vorbis' does not publish bitrate
V/AwesomePlayer(  120): mBitrate = -1 bits/sec
I/OggExtractor(  120): OggSource::OggSource() mExtractor ref count = 4
V/AwesomePlayer(  120): current audio track index (0) is added to vector
V/AwesomePlayer(  120): setDataSource_l: Audio(1), Video(0)
I/AwesomePlayer(  120): AwesomePlayer::setDataSource_l():: This is not a DRM content
V/MediaPlayerService(  120): prepare
V/AwesomePlayer(  120): prepareAsync
V/MediaPlayerService(  120): wait for prepare
V/AwesomePlayer(  120): onPrepareAsyncEvent
I/SecMediaClock(  120): SecMediaClock constructor
I/SecMediaClock(  120): reset
V/AwesomePlayer(  120): initAudioDecoder
V/AwesomePlayer(  120): checkOffloadExceptions is true
I/OMXCodec(  120): Attempting to allocate OMX node 'OMX.google.vorbis.decoder'
I/OMXCodec(  120): Successfully allocated OMX node 'OMX.google.vorbis.decoder'
I/OMXCodec(  120): [OMX.google.vorbis.decoder] OMXCodec::start mState=1
I/OMXCodec(  120): [OMX.google.vorbis.decoder] allocating 4 buffers of size 32768 on input port
I/OMXCodec(  120): [OMX.google.vorbis.decoder] allocating 4 buffers of size 32768 on output port
I/OMXCodec(  120): [OMX.google.vorbis.decoder] Now Idle. Component sends idle done Event 
V/AwesomePlayer(  120): finishAsyncPrepare_l
V/AwesomePlayer(  120): notifyListner_l() msg (200-MEDIA_INFO), ext1 (973), ext2 (0)
V/AudioCache(  120): notify(0x446def68, 200, 973, 0)
V/AudioCache(  120): ignored
V/AwesomePlayer(  120): notifyListner_l() msg (5-MEDIA_SET_VIDEO_SIZE), ext1 (0), ext2 (0)
V/AudioCache(  120): notify(0x446def68, 5, 0, 0)
V/AudioCache(  120): ignored
V/AwesomePlayer(  120): notifyListner_l() msg (1-MEDIA_PREPARED), ext1 (0), ext2 (0)
V/AudioCache(  120): notify(0x446def68, 1, 0, 0)
V/AudioCache(  120): prepared
V/AudioCache(  120): wait - success
V/MediaPlayerService(  120): start
V/StagefrightPlayer(  120): start
V/AwesomePlayer(  120): play
V/AwesomePlayer(  120): AwesomePlayer::play_l():: This is not a DRM content
V/AwesomePlayer(  120): startAudioPlayer_l, sendErrorNotification (0)
I/OMXCodec(  120): [OMX.google.vorbis.decoder] 0onCmdComplete  mState =  7
I/OMXCodec(  120): [OMX.google.vorbis.decoder] PORT_DISABLED(1)
I/OMXCodec(  120): [OMX.google.vorbis.decoder] allocating 4 buffers of size 32768 on output port
I/AudioPlayer(  120):  Audioplayer kKeyAudioPCMFormat:1, 1, 0
I/AudioPlayer(  120):  Audioplayer kKeyAudioPCMFormat read fail(1, 1)
V/AudioCache(  120): open(44100, 1, 0x0, 1, 4)
V/AwesomePlayer(  120): notifyListner_l() msg (6-MEDIA_STARTED), ext1 (0), ext2 (0)
V/AudioCache(  120): notify(0x446def68, 6, 0, 0)
V/AudioCache(  120): ignored
V/AwesomePlayer(  120): addBatteryData
V/MediaPlayerService(  120): wait for playback complete
I/OMXCodec(  120): [OMX.google.vorbis.decoder] End Of Stream
V/AwesomePlayer(  120): postAudioEOS delayUs (0)
V/AwesomePlayer(  120): onCheckAudioStatus
V/AwesomePlayer(  120): onCheckAudioStatus() set AUDIO_AT_EOS flag
V/AwesomePlayer(  120): onStreamDone
V/AwesomePlayer(  120): MEDIA_PLAYBACK_COMPLETE
V/AwesomePlayer(  120): notifyListner_l() msg (2-MEDIA_PLAYBACK_COMPLETE), ext1 (0), ext2 (0)
V/AudioCache(  120): notify(0x446def68, 2, 0, 0)
V/AudioCache(  120): playback complete - thread will wake up later
V/AwesomePlayer(  120): notifyListner_l() msg (7-MEDIA_PAUSED), ext1 (0), ext2 (0)
V/AudioCache(  120): notify(0x446def68, 7, 0, 0)
V/AudioCache(  120): ignored
V/AwesomePlayer(  120): cancelPlayerEvents (keepNotifications=1)
V/AwesomePlayer(  120): addBatteryData
V/AudioCache(  120): wait - success
V/StagefrightPlayer(  120): reset
V/AwesomePlayer(  120): reset_l()
V/AwesomePlayer(  120): notifyListner_l() msg (8-MEDIA_STOPPED), ext1 (0), ext2 (0)
V/AudioCache(  120): notify(0x446def68, 8, 0, 0)
V/AudioCache(  120): ignored
V/AwesomePlayer(  120): cancelPlayerEvents (keepNotifications=0)
V/AwesomePlayer(  120): mAudioTrackVector clear
I/OMXCodec(  120): [OMX.google.vorbis.decoder] stop mState=4
I/OMXCodec(  120): [OMX.google.vorbis.decoder] stop() sendCommand(0x38c, OMX_CommandStateSet, OMX_StateIdle)
I/OMXCodec(  120): [OMX.google.vorbis.decoder] Now Idle. Component sends idle done Event 
I/OMXCodec(  120): [OMX.google.vorbis.decoder] stopOmxComponent_l() mstate = 1
I/OggExtractor(  120): OggSource::stop() mExtractor ref count = 1
I/OggExtractor(  120): OggSource::~OggSource() mExtractor !mStarted ref count = 1
I/OggExtractor(  120): ~OggSource --
I/OggExtractor(  120): ~OggExtractor ++
I/OggExtractor(  120): ~MyVorbisExtractor ++ 
I/OggExtractor(  120): ~MyVorbisExtractor --
I/OggExtractor(  120): ~OggExtractor --
I/AudioPlayer(  120): reset out
V/AwesomePlayer(  120): reset_l() mAudioPlayer successfully deleted
I/SecMediaClock(  120): SecMediaClock destructor
V/AwesomePlayer(  120): mSecMediaClock clear
V/StagefrightPlayer(  120): ~StagefrightPlayer
V/StagefrightPlayer(  120): reset
V/AwesomePlayer(  120): reset_l()
V/AwesomePlayer(  120): notifyListner_l() msg (8-MEDIA_STOPPED), ext1 (0), ext2 (0)
V/AwesomePlayer(  120): cancelPlayerEvents (keepNotifications=0)
V/AwesomePlayer(  120): mAudioTrackVector clear
V/AwesomePlayer(  120): reset_l() mAudioPlayer successfully deleted
V/AwesomePlayer(  120): mSecMediaClock clear
V/AwesomePlayer(  120): destructor
V/AwesomePlayer(  120): reset_l()
V/AwesomePlayer(  120): notifyListner_l() msg (8-MEDIA_STOPPED), ext1 (0), ext2 (0)
V/AwesomePlayer(  120): cancelPlayerEvents (keepNotifications=0)
V/AwesomePlayer(  120): mAudioTrackVector clear
V/AwesomePlayer(  120): reset_l() mAudioPlayer successfully deleted
V/AwesomePlayer(  120): mSecMediaClock clear
V/MediaPlayer(30279): decode(59, 1019592, 15737)
V/Camera  (30279): mSoundPoolId[0] = 1
V/Camera  (30279): mSoundPoolId[1] = 2
V/Camera  (30279): mSoundPoolId[2] = 3
V/Camera  (30279): mSoundPoolId[3] = 4
V/Camera  (30279): mSoundPoolId[4] = 5
V/Camera  (30279): mSoundPoolId[5] = 6
V/Camera  (30279): mSoundPoolId[6] = 7
V/MediaPlayerService(  120): decode(33, 1019592, 15737)
V/Camera  (30279): mSoundPoolId[7] = 8
V/Camera  (30279): mSoundPoolId[8] = 9
V/Camera  (30279): mSoundPoolId[9] = 10
V/Camera  (30279): mSoundPoolId[10] = 11
V/Camera  (30279): mSoundPoolId[11] = 12
V/MediaPlayerService(  120): player type = 3
V/AwesomePlayer(  120): setDefault
V/AwesomePlayer(  120): constructor
V/AwesomePlayer(  120): setDefault
V/AwesomePlayer(  120): reset_l()
V/AwesomePlayer(  120): notifyListner_l() msg (8-MEDIA_STOPPED), ext1 (0), ext2 (0)
V/AwesomePlayer(  120): cancelPlayerEvents (keepNotifications=0)
V/AwesomePlayer(  120): mAudioTrackVector clear
V/AwesomePlayer(  120): reset_l() mAudioPlayer successfully deleted
V/AwesomePlayer(  120): mSecMediaClock clear
V/StagefrightPlayer(  120): StagefrightPlayer
V/AwesomePlayer(  120): setListener
V/StagefrightPlayer(  120): initCheck
V/AwesomePlayer(  120): setAudioSink
V/StagefrightPlayer(  120): setDataSource(33, 1019592, 15737)
V/AwesomePlayer(  120): reset_l()
V/AwesomePlayer(  120): notifyListner_l() msg (8-MEDIA_STOPPED), ext1 (0), ext2 (0)
V/AudioCache(  120): notify(0x446def68, 8, 0, 0)
V/AudioCache(  120): ignored
V/AwesomePlayer(  120): cancelPlayerEvents (keepNotifications=0)
V/AwesomePlayer(  120): mAudioTrackVector clear
V/AwesomePlayer(  120): reset_l() mAudioPlayer successfully deleted
V/AwesomePlayer(  120): mSecMediaClock clear
E/SoundPool(30279): error loading /system/media/audio/ui/camera_focus.ogg
W/System.err(30279): java.io.FileNotFoundException: /sys/class/power_supply/battery/camera: open failed: EACCES (Permission denied)
W/System.err(30279): 	at libcore.io.IoBridge.open(IoBridge.java:409)
W/System.err(30279): 	at java.io.FileOutputStream.<init>(FileOutputStream.java:88)
W/System.err(30279): 	at java.io.FileOutputStream.<init>(FileOutputStream.java:73)
W/System.err(30279): 	at com.sec.android.hardware.SecHardwareInterface.setBatteryADC(SecHardwareInterface.java:393)
W/System.err(30279): 	at com.sec.android.app.camera.Camera.onResume(Camera.java:1698)
W/System.err(30279): 	at android.app.Instrumentation.callActivityOnResume(Instrumentation.java:1198)
W/System.err(30279): 	at android.app.Activity.performResume(Activity.java:5538)
W/System.err(30279): 	at android.app.ActivityThread.performResumeActivity(ActivityThread.java:3053)
W/System.err(30279): 	at android.app.ActivityThread.handleResumeActivity(ActivityThread.java:3092)
W/System.err(30279): 	at android.app.ActivityThread.handleLaunchActivity(ActivityThread.java:2463)
V/AwesomePlayer(  120): track of type 'audio/vorbis' does not publish bitrate
V/AwesomePlayer(  120): mBitrate = -1 bits/sec
I/OggExtractor(  120): OggSource::OggSource() mExtractor ref count = 4
W/System.err(30279): 	at android.app.ActivityThread.access$900(ActivityThread.java:172)
V/AwesomePlayer(  120): current audio track index (0) is added to vector
V/AwesomePlayer(  120): setDataSource_l: Audio(1), Video(0)
I/AwesomePlayer(  120): AwesomePlayer::setDataSource_l():: This is not a DRM content
V/MediaPlayerService(  120): prepare
V/AwesomePlayer(  120): prepareAsync
W/System.err(30279): 	at android.app.ActivityThread$H.handleMessage(ActivityThread.java:1305)
W/System.err(30279): 	at android.os.Handler.dispatchMessage(Handler.java:102)
W/System.err(30279): 	at android.os.Looper.loop(Looper.java:146)
W/System.err(30279): 	at android.app.ActivityThread.main(ActivityThread.java:5598)
W/System.err(30279): 	at java.lang.reflect.Method.invokeNative(Native Method)
V/MediaPlayerService(  120): wait for prepare
W/System.err(30279): 	at java.lang.reflect.Method.invoke(Method.java:515)
W/System.err(30279): 	at com.android.internal.os.ZygoteInit$MethodAndArgsCaller.run(ZygoteInit.java:1283)
W/System.err(30279): 	at com.android.internal.os.ZygoteInit.main(ZygoteInit.java:1099)
W/System.err(30279): 	at dalvik.system.NativeStart.main(Native Method)
W/System.err(30279): Caused by: libcore.io.ErrnoException: open failed: EACCES (Permission denied)
V/AwesomePlayer(  120): onPrepareAsyncEvent
I/SecMediaClock(  120): SecMediaClock constructor
I/SecMediaClock(  120): reset
V/AwesomePlayer(  120): initAudioDecoder
V/AwesomePlayer(  120): checkOffloadExceptions is true
I/OMXCodec(  120): Attempting to allocate OMX node 'OMX.google.vorbis.decoder'
W/System.err(30279): 	at libcore.io.Posix.open(Native Method)
W/System.err(30279): 	at libcore.io.BlockGuardOs.open(BlockGuardOs.java:110)
W/System.err(30279): 	at libcore.io.IoBridge.open(IoBridge.java:393)
I/OMXCodec(  120): Successfully allocated OMX node 'OMX.google.vorbis.decoder'
W/System.err(30279): 	... 19 more
I/OMXCodec(  120): [OMX.google.vorbis.decoder] OMXCodec::start mState=1
V/AbstractCameraActivity(30279): onResume hasWindowFocus()=false
I/OMXCodec(  120): [OMX.google.vorbis.decoder] allocating 4 buffers of size 32768 on input port
I/OMXCodec(  120): [OMX.google.vorbis.decoder] allocating 4 buffers of size 32768 on output port
I/OMXCodec(  120): [OMX.google.vorbis.decoder] Now Idle. Component sends idle done Event 
V/AwesomePlayer(  120): finishAsyncPrepare_l
V/AwesomePlayer(  120): notifyListner_l() msg (200-MEDIA_INFO), ext1 (973), ext2 (0)
V/AudioCache(  120): notify(0x446def68, 200, 973, 0)
V/AudioCache(  120): ignored
V/AwesomePlayer(  120): notifyListner_l() msg (5-MEDIA_SET_VIDEO_SIZE), ext1 (0), ext2 (0)
V/AudioCache(  120): notify(0x446def68, 5, 0, 0)
V/AudioCache(  120): ignored
V/AwesomePlayer(  120): notifyListner_l() msg (1-MEDIA_PREPARED), ext1 (0), ext2 (0)
V/AudioCache(  120): notify(0x446def68, 1, 0, 0)
V/AudioCache(  120): prepared
V/AudioCache(  120): wait - success
V/MediaPlayerService(  120): start
V/StagefrightPlayer(  120): start
V/AwesomePlayer(  120): play
V/AwesomePlayer(  120): AwesomePlayer::play_l():: This is not a DRM content
V/AwesomePlayer(  120): startAudioPlayer_l, sendErrorNotification (0)
I/AbstractCameraActivity(30279): restarting inactivity timer...
D/PowerManagerService(  549): [api] acquire WakeLock flags=0x2000000a tag=AbstractCameraActivity uid=10075 pid=30279
I/AbstractCameraActivity(30279): onResume : SCREEN_BRIGHTNESS_MODE - mAutomatic:0 bTurnOnScrAB:false
I/OMXCodec(  120): [OMX.google.vorbis.decoder] 0onCmdComplete  mState =  7
I/OMXCodec(  120): [OMX.google.vorbis.decoder] PORT_DISABLED(1)
I/OMXCodec(  120): [OMX.google.vorbis.decoder] allocating 4 buffers of size 32768 on output port
I/AbstractCameraActivity(30279): mUsbMassStorageEnabled = false
I/AudioPlayer(  120):  Audioplayer kKeyAudioPCMFormat:1, 2, 0
I/AudioPlayer(  120):  Audioplayer kKeyAudioPCMFormat read fail(2, 1)
V/AudioCache(  120): open(44100, 2, 0x0, 1, 4)
V/AwesomePlayer(  120): notifyListner_l() msg (6-MEDIA_STARTED), ext1 (0), ext2 (0)
V/AudioCache(  120): notify(0x446def68, 6, 0, 0)
V/AudioCache(  120): ignored
V/AwesomePlayer(  120): addBatteryData
V/MediaPlayerService(  120): wait for playback complete
D/MountService(  549):  :::: isUsbMassStorageEnabled :: ret = false
D/SSRMv2:TSP:AirViewOnOff(  549): SettingsAirViewInfo:: 000000000
V/AbstractCameraActivity(30279): create showEditableShortcutHelpTextDialog - 1
D/PhoneStatusBar(  647): setSemiTransparentMode=false, mTransparentMode=false, mSemiTransparentMode=false, mMultiWindowMode=false
E/AXLOG   (30279): onResume-End**End[1419817846076]**[282]**[]**
D/StatusBarManagerService(  549): semi p:30279,o:f
I/ServiceManager(  120): Waiting for service com.marvell.FileMonitorService...
V/CameraEngine(30279): onCameraSettingsChanged menuid=5 modeid=0
V/CameraEngine(30279): scheduleChangeParameter key=5 value=0
V/CeRequestQueue(30279): addRequest
D/CeRequestQueue(30279): [0 2 10 7 3 7 ]
V/CameraEngine(30279): onCameraSettingsChanged menuid=36 modeid=1
V/Camera  (30279): onReceive [android.net.wifi.p2p.STATE_CHANGED]
V/Camera  (30279): onReceive [android.net.wifi.p2p.CONNECTION_STATE_CHANGE]
V/Camera  (30279): onLoadComplete: 1, 0
V/CameraEngine(30279): got message...{ when=-149ms what=0 target=com.sec.android.app.camera.CameraEngine$StateMessageHandler }
V/CeStateInitializing(30279): HandleMessage - 0
V/CameraEngine(30279): changeEngineState => 2(CeStateInitialized)
V/CeRequestQueue(30279): completeRequest
D/CeRequestQueue(30279): [2 10 7 3 7 ]
V/CeRequestQueue(30279): startFirstRequest
V/CeStateInitialized(30279): HandleRequest - 2
I/SecCamera-JNI-Java(30279): setOnMultiFrameShotEventListener
V/CeRequestQueue(30279): completeRequest
D/CeRequestQueue(30279): [10 7 3 7 ]
V/CeRequestQueue(30279): startFirstRequest
V/CeStateInitialized(30279): HandleRequest - 10
V/CameraEngine(30279): doSetAllParamsSync
V/CameraSettings(30279): getDefaultCameraQuality: 0
D/SecCameraCoreManager(  120): sendCommand : 1000 0 0 
D/SecCameraCoreManager(  120): changeToSingleShot
D/SecCameraCoreManager(  120): releaseCurrentShot
D/SecCameraCoreManager(  120): disableMsgType: 0xffff
D/CameraHardwareBase(  120): -disableMsgType:0xffff
V/ShotSingle(  120): setCallbacks(1)
D/CameraHardwareBase(  120): Enter setCallbacks( vendor/marvell/generic/camera-hal/samsung/camerahardware/CameraHardwareBase.cpp, 224 )
D/CameraMsg(  120): -setCallbacks
D/CameraHardwareBase(  120): Exit  setCallbacks( vendor/marvell/generic/camera-hal/samsung/camerahardware/CameraHardwareBase.cpp, 235 )
I/ShotSingle(  120): ShotSingle destroyed: pid=120
I/ShotSingle(  120): Wait for compressed image callback to be done.
I/ShotSingle(  120): Wait done. (0s. 0ms.) with [0, 9]
I/ShotCommon(  120): ShotCommon destroyed: pid=120
D/CameraHardwareBase(  120): Enter setCallbacks( vendor/marvell/generic/camera-hal/samsung/camerahardware/CameraHardwareBase.cpp, 224 )
D/CameraMsg(  120): -setCallbacks
D/CameraHardwareBase(  120): Exit  setCallbacks( vendor/marvell/generic/camera-hal/samsung/camerahardware/CameraHardwareBase.cpp, 235 )
I/ShotCommon(  120): ShotCommon created: pid=120
D/CameraHardwareBase(  120): Enter getParameters( vendor/marvell/generic/camera-hal/samsung/camerahardware/CameraHardwareBase.cpp, 2533 )
D/CameraHardwareBase(  120): Exit  getParameters( vendor/marvell/generic/camera-hal/samsung/camerahardware/CameraHardwareBase.cpp, 2548 )
I/ShotCommon(  120): Preview width(640), height(480)
I/ShotCommon(  120): Preview color format [yuv420sp]
I/ShotCommon(  120): Picture width(1280), height(960)
I/ShotCommon(  120): Picture color format [jpeg]
D/CameraHardwareBase(  120): -enableMsgType:0xc0d
I/ShotSingle(  120): ShotSingle created: pid=120
D/CameraHardwareBase(  120): Enter sendCommand( vendor/marvell/generic/camera-hal/samsung/camerahardware/CameraHardwareBase.cpp, 2565 )
D/CameraHardwareBase(  120): sendCommand: cmd(1515) arg1(0) arg2(0)
D/CameraHardwareBase(  120): Exit  sendCommand( vendor/marvell/generic/camera-hal/samsung/camerahardware/CameraHardwareBase.cpp, 2605 )
D/CameraHardwareBase(  120): -enableMsgType:0xc0d
V/ShotSingle(  120): setCallbacks(1)
D/CameraHardwareBase(  120): Enter setCallbacks( vendor/marvell/generic/camera-hal/samsung/camerahardware/CameraHardwareBase.cpp, 224 )
D/CameraMsg(  120): -setCallbacks
D/CameraHardwareBase(  120): Exit  setCallbacks( vendor/marvell/generic/camera-hal/samsung/camerahardware/CameraHardwareBase.cpp, 235 )
V/ShotSingle(  120): setParameters(1)
D/CameraHardwareBase(  120): Enter setParameters( vendor/marvell/generic/camera-hal/samsung/camerahardware/CameraHardwareBase.cpp, 2495 )
D/CameraSetting(  120): -setCameraSetting
D/CameraSetting(  120): setCameraSetting: rewrite the supported preview size(176x144,320x240,352x288,640x480)
D/CameraSetting(  120): setCameraSetting: mode-camera/preview format-NV21/picture format-jpeg/picture size-1280x960/video format-yuv420p-i420/thumb size-160x120
D/CameraSetting(  120): -setShotModeSetting
D/CameraSetting(  120): setShotModeSetting: focus 9->7(infinity)
D/CameraSetting(  120): Warning> antibanding: not supported value(60hz)
D/CameraHardwareBase(  120): Exit  setParameters( vendor/marvell/generic/camera-hal/samsung/camerahardware/CameraHardwareBase.cpp, 2527 )
D/SecCameraCoreManager(  120): sendCommand : 1507 0 0 
D/ShotSingle(  120): ShotSingle::sendCommand 1507, 0, 0
I/ShotSingle(  120): sendCommand end
D/CameraHardwareBase(  120): Enter sendCommand( vendor/marvell/generic/camera-hal/samsung/camerahardware/CameraHardwareBase.cpp, 2565 )
D/CameraHardwareBase(  120): sendCommand: cmd(1507) arg1(0) arg2(0)
D/CameraHardwareBase(  120): Exit  sendCommand( vendor/marvell/generic/camera-hal/samsung/camerahardware/CameraHardwareBase.cpp, 2605 )
V/CeRequestQueue(30279): completeRequest
D/CeRequestQueue(30279): [7 3 7 ]
V/CeRequestQueue(30279): startFirstRequest
V/CeStateInitialized(30279): HandleRequest - 7
V/CameraEngine(30279): doChangeParameterSync
I/CameraEngine(30279): Requsted fps range : 15000, 30000
I/CameraEngine(30279): find best fps range : 7000, 30000
E/CameraEngine(30279): parameter will set next operation coming
D/SecCameraCoreManager(  120): sendCommand : 1000 0 0 
D/SecCameraCoreManager(  120): changeToSingleShot
D/SecCameraCoreManager(  120): releaseCurrentShot
D/SecCameraCoreManager(  120): disableMsgType: 0xffff
D/CameraHardwareBase(  120): -disableMsgType:0xffff
V/ShotSingle(  120): setCallbacks(1)
D/CameraHardwareBase(  120): Enter setCallbacks( vendor/marvell/generic/camera-hal/samsung/camerahardware/CameraHardwareBase.cpp, 224 )
D/CameraMsg(  120): -setCallbacks
D/CameraHardwareBase(  120): Exit  setCallbacks( vendor/marvell/generic/camera-hal/samsung/camerahardware/CameraHardwareBase.cpp, 235 )
I/ShotSingle(  120): ShotSingle destroyed: pid=120
I/ShotSingle(  120): Wait for compressed image callback to be done.
I/ShotSingle(  120): Wait done. (0s. 0ms.) with [0, 9]
I/ShotCommon(  120): ShotCommon destroyed: pid=120
D/CameraHardwareBase(  120): Enter setCallbacks( vendor/marvell/generic/camera-hal/samsung/camerahardware/CameraHardwareBase.cpp, 224 )
D/CameraMsg(  120): -setCallbacks
D/CameraHardwareBase(  120): Exit  setCallbacks( vendor/marvell/generic/camera-hal/samsung/camerahardware/CameraHardwareBase.cpp, 235 )
I/ShotCommon(  120): ShotCommon created: pid=120
D/CameraHardwareBase(  120): Enter getParameters( vendor/marvell/generic/camera-hal/samsung/camerahardware/CameraHardwareBase.cpp, 2533 )
D/CameraHardwareBase(  120): Exit  getParameters( vendor/marvell/generic/camera-hal/samsung/camerahardware/CameraHardwareBase.cpp, 2548 )
I/ShotCommon(  120): Preview width(640), height(480)
I/ShotCommon(  120): Preview color format [yuv420sp]
I/ShotCommon(  120): Picture width(1280), height(960)
I/ShotCommon(  120): Picture color format [jpeg]
D/CameraHardwareBase(  120): -enableMsgType:0xc0d
I/ShotSingle(  120): ShotSingle created: pid=120
D/CameraHardwareBase(  120): Enter sendCommand( vendor/marvell/generic/camera-hal/samsung/camerahardware/CameraHardwareBase.cpp, 2565 )
D/CameraHardwareBase(  120): sendCommand: cmd(1515) arg1(0) arg2(0)
D/CameraHardwareBase(  120): Exit  sendCommand( vendor/marvell/generic/camera-hal/samsung/camerahardware/CameraHardwareBase.cpp, 2605 )
D/CameraHardwareBase(  120): -enableMsgType:0xc0d
V/ShotSingle(  120): setCallbacks(1)
D/CameraHardwareBase(  120): Enter setCallbacks( vendor/marvell/generic/camera-hal/samsung/camerahardware/CameraHardwareBase.cpp, 224 )
D/CameraMsg(  120): -setCallbacks
D/CameraHardwareBase(  120): Exit  setCallbacks( vendor/marvell/generic/camera-hal/samsung/camerahardware/CameraHardwareBase.cpp, 235 )
V/CeRequestQueue(30279): completeRequest
D/CeRequestQueue(30279): [3 7 ]
V/CeRequestQueue(30279): startFirstRequest
V/CeStateInitialized(30279): HandleRequest - 3
V/CameraEngine(30279): doStartPreviewAsync
I/CameraEngine(30279): return because mSurfaceHolder is null.
V/CeRequestQueue(30279): removeRequest - deleteFirst:3 deleteFirst:true
V/Camera  (30279): onLoadComplete: 2, 0
V/Camera  (30279): onLoadComplete: 3, 0
V/Camera  (30279): onLoadComplete: 4, 0
V/Camera  (30279): onLoadComplete: 5, 0
V/Camera  (30279): onLoadComplete: 6, 0
I/OMXCodec(  120): [OMX.google.vorbis.decoder] End Of Stream
I/SurfaceFlinger(  117): id=2830 createSurf (1x1),1 flag=4, Damera
I/SpenGestureManager(  549): setFocusWindow21015
V/AwesomePlayer(  120): postAudioEOS delayUs (0)
V/AwesomePlayer(  120): onCheckAudioStatus
V/AwesomePlayer(  120): onCheckAudioStatus() set AUDIO_AT_EOS flag
V/AwesomePlayer(  120): onStreamDone
V/AwesomePlayer(  120): MEDIA_PLAYBACK_COMPLETE
V/AwesomePlayer(  120): notifyListner_l() msg (2-MEDIA_PLAYBACK_COMPLETE), ext1 (0), ext2 (0)
V/AudioCache(  120): notify(0x446def68, 2, 0, 0)
V/AudioCache(  120): playback complete - thread will wake up later
V/AwesomePlayer(  120): notifyListner_l() msg (7-MEDIA_PAUSED), ext1 (0), ext2 (0)
V/AudioCache(  120): notify(0x446def68, 7, 0, 0)
V/AudioCache(  120): ignored
V/AwesomePlayer(  120): cancelPlayerEvents (keepNotifications=1)
V/AwesomePlayer(  120): addBatteryData
V/AudioCache(  120): wait - success
V/StagefrightPlayer(  120): reset
V/AwesomePlayer(  120): reset_l()
V/AwesomePlayer(  120): notifyListner_l() msg (8-MEDIA_STOPPED), ext1 (0), ext2 (0)
V/AudioCache(  120): notify(0x446def68, 8, 0, 0)
V/AudioCache(  120): ignored
V/AwesomePlayer(  120): cancelPlayerEvents (keepNotifications=0)
V/AwesomePlayer(  120): mAudioTrackVector clear
I/OMXCodec(  120): [OMX.google.vorbis.decoder] stop mState=4
I/OMXCodec(  120): [OMX.google.vorbis.decoder] stop() sendCommand(0x38d, OMX_CommandStateSet, OMX_StateIdle)
I/OMXCodec(  120): [OMX.google.vorbis.decoder] Now Idle. Component sends idle done Event 
I/OMXCodec(  120): [OMX.google.vorbis.decoder] stopOmxComponent_l() mstate = 1
I/OggExtractor(  120): OggSource::stop() mExtractor ref count = 1
I/OggExtractor(  120): OggSource::~OggSource() mExtractor !mStarted ref count = 1
I/OggExtractor(  120): ~OggSource --
I/OggExtractor(  120): ~OggExtractor ++
I/OggExtractor(  120): ~MyVorbisExtractor ++ 
I/OggExtractor(  120): ~MyVorbisExtractor --
I/OggExtractor(  120): ~OggExtractor --
I/AudioPlayer(  120): reset out
V/AwesomePlayer(  120): reset_l() mAudioPlayer successfully deleted
I/SecMediaClock(  120): SecMediaClock destructor
V/AwesomePlayer(  120): mSecMediaClock clear
V/StagefrightPlayer(  120): ~StagefrightPlayer
V/StagefrightPlayer(  120): reset
V/AwesomePlayer(  120): reset_l()
V/AwesomePlayer(  120): notifyListner_l() msg (8-MEDIA_STOPPED), ext1 (0), ext2 (0)
V/AwesomePlayer(  120): cancelPlayerEvents (keepNotifications=0)
V/AwesomePlayer(  120): mAudioTrackVector clear
V/AwesomePlayer(  120): reset_l() mAudioPlayer successfully deleted
V/AwesomePlayer(  120): mSecMediaClock clear
V/AwesomePlayer(  120): destructor
D/KeyguardUpdateMonitor(  647): sendKeyguardVisibilityChanged(true)
I/KeyguardUpdateMonitor(  647): visibility is same
V/AwesomePlayer(  120): reset_l()
V/AwesomePlayer(  120): notifyListner_l() msg (8-MEDIA_STOPPED), ext1 (0), ext2 (0)
V/AwesomePlayer(  120): cancelPlayerEvents (keepNotifications=0)
V/AwesomePlayer(  120): mAudioTrackVector clear
V/AwesomePlayer(  120): reset_l() mAudioPlayer successfully deleted
V/AwesomePlayer(  120): mSecMediaClock clear
V/MediaPlayer(30279): decode(60, 1056588, 8858)
V/MediaPlayerService(  120): decode(33, 1056588, 8858)
V/MediaPlayerService(  120): player type = 3
V/AwesomePlayer(  120): setDefault
V/AwesomePlayer(  120): constructor
V/AwesomePlayer(  120): setDefault
V/AwesomePlayer(  120): reset_l()
V/AwesomePlayer(  120): notifyListner_l() msg (8-MEDIA_STOPPED), ext1 (0), ext2 (0)
V/AwesomePlayer(  120): cancelPlayerEvents (keepNotifications=0)
V/AwesomePlayer(  120): mAudioTrackVector clear
V/AwesomePlayer(  120): reset_l() mAudioPlayer successfully deleted
V/AwesomePlayer(  120): mSecMediaClock clear
V/StagefrightPlayer(  120): StagefrightPlayer
V/AwesomePlayer(  120): setListener
V/StagefrightPlayer(  120): initCheck
V/AwesomePlayer(  120): setAudioSink
V/StagefrightPlayer(  120): setDataSource(33, 1056588, 8858)
V/AwesomePlayer(  120): reset_l()
V/AwesomePlayer(  120): notifyListner_l() msg (8-MEDIA_STOPPED), ext1 (0), ext2 (0)
V/AudioCache(  120): notify(0x446def68, 8, 0, 0)
V/AudioCache(  120): ignored
V/AwesomePlayer(  120): cancelPlayerEvents (keepNotifications=0)
V/AwesomePlayer(  120): mAudioTrackVector clear
V/AwesomePlayer(  120): reset_l() mAudioPlayer successfully deleted
V/AwesomePlayer(  120): mSecMediaClock clear
V/AwesomePlayer(  120): track of type 'audio/vorbis' does not publish bitrate
V/AwesomePlayer(  120): mBitrate = -1 bits/sec
I/OggExtractor(  120): OggSource::OggSource() mExtractor ref count = 4
V/AwesomePlayer(  120): current audio track index (0) is added to vector
V/AwesomePlayer(  120): setDataSource_l: Audio(1), Video(0)
I/AwesomePlayer(  120): AwesomePlayer::setDataSource_l():: This is not a DRM content
V/MediaPlayerService(  120): prepare
V/AwesomePlayer(  120): prepareAsync
V/MediaPlayerService(  120): wait for prepare
V/AwesomePlayer(  120): onPrepareAsyncEvent
I/SecMediaClock(  120): SecMediaClock constructor
I/SecMediaClock(  120): reset
V/AwesomePlayer(  120): initAudioDecoder
V/AwesomePlayer(  120): checkOffloadExceptions is true
I/OMXCodec(  120): Attempting to allocate OMX node 'OMX.google.vorbis.decoder'
I/OMXCodec(  120): Successfully allocated OMX node 'OMX.google.vorbis.decoder'
I/OMXCodec(  120): [OMX.google.vorbis.decoder] OMXCodec::start mState=1
I/OMXCodec(  120): [OMX.google.vorbis.decoder] allocating 4 buffers of size 32768 on input port
I/OMXCodec(  120): [OMX.google.vorbis.decoder] allocating 4 buffers of size 32768 on output port
I/OMXCodec(  120): [OMX.google.vorbis.decoder] Now Idle. Component sends idle done Event 
V/AwesomePlayer(  120): finishAsyncPrepare_l
V/AwesomePlayer(  120): notifyListner_l() msg (200-MEDIA_INFO), ext1 (973), ext2 (0)
V/AudioCache(  120): notify(0x446def68, 200, 973, 0)
V/AudioCache(  120): ignored
V/AwesomePlayer(  120): notifyListner_l() msg (5-MEDIA_SET_VIDEO_SIZE), ext1 (0), ext2 (0)
V/AudioCache(  120): notify(0x446def68, 5, 0, 0)
V/AudioCache(  120): ignored
V/AwesomePlayer(  120): notifyListner_l() msg (1-MEDIA_PREPARED), ext1 (0), ext2 (0)
V/AudioCache(  120): notify(0x446def68, 1, 0, 0)
V/AudioCache(  120): prepared
V/AudioCache(  120): wait - success
V/MediaPlayerService(  120): start
V/StagefrightPlayer(  120): start
D/KeyguardUpdateMonitor(  647): sendKeyguardVisibilityChanged(true)
I/KeyguardUpdateMonitor(  647): visibility is same
V/AwesomePlayer(  120): play
V/AwesomePlayer(  120): AwesomePlayer::play_l():: This is not a DRM content
V/AwesomePlayer(  120): startAudioPlayer_l, sendErrorNotification (0)
D/PointerIcon(  549): setMouseIconStyle1 pointerType: 1001iconType:101 flag:0
D/PointerIcon(  549): setMouseCustomIcon IconType is same.101
I/SurfaceFlinger(  117): id=2831 createSurf (800x600),4 flag=404, TurfaceView
I/OMXCodec(  120): [OMX.google.vorbis.decoder] 0onCmdComplete  mState =  7
I/OMXCodec(  120): [OMX.google.vorbis.decoder] PORT_DISABLED(1)
I/OMXCodec(  120): [OMX.google.vorbis.decoder] allocating 4 buffers of size 32768 on output port
D/KeyguardUpdateMonitor(  647): sendKeyguardVisibilityChanged(true)
I/KeyguardUpdateMonitor(  647): visibility is same
I/AudioPlayer(  120):  Audioplayer kKeyAudioPCMFormat:1, 1, 0
I/AudioPlayer(  120):  Audioplayer kKeyAudioPCMFormat read fail(1, 1)
V/AudioCache(  120): open(44100, 1, 0x0, 1, 4)
V/AwesomePlayer(  120): notifyListner_l() msg (6-MEDIA_STARTED), ext1 (0), ext2 (0)
V/AudioCache(  120): notify(0x446def68, 6, 0, 0)
V/AudioCache(  120): ignored
V/AwesomePlayer(  120): addBatteryData
V/MediaPlayerService(  120): wait for playback complete
V/CameraEngine(30279): surfaceCreated
V/CameraEngine(30279): surfaceChanged w=800 h=600
E/AXLOG   (30279): surfaceCreate**EndU[1419817846138]**
D/KeyguardUpdateMonitor(  647): sendKeyguardVisibilityChanged(true)
I/KeyguardUpdateMonitor(  647): visibility is same
D/KeyguardUpdateMonitor(  647): sendKeyguardVisibilityChanged(true)
I/KeyguardUpdateMonitor(  647): visibility is same
V/CameraEngine(30279): resetPreviewSize()- WH: 800 600
V/CameraEngine(30279): display.getHeight() = 600 display.getWidth() = 1024
V/CameraEngine(30279): setThumbnailSize: 160 120
V/ShotSingle(  120): setParameters(1)
D/KeyguardUpdateMonitor(  647): sendKeyguardVisibilityChanged(true)
I/KeyguardUpdateMonitor(  647): visibility is same
D/CameraHardwareBase(  120): Enter setParameters( vendor/marvell/generic/camera-hal/samsung/camerahardware/CameraHardwareBase.cpp, 2495 )
D/CameraSetting(  120): -setCameraSetting
D/CameraSetting(  120): setCameraSetting: mode-camera/preview format-NV21/picture format-jpeg/picture size-1280x960/video format-yuv420p-i420/thumb size-160x120
D/CameraSetting(  120): -setShotModeSetting
D/CameraSetting(  120): Warning> antibanding: not supported value(60hz)
D/CameraHardwareBase(  120): Exit  setParameters( vendor/marvell/generic/camera-hal/samsung/camerahardware/CameraHardwareBase.cpp, 2527 )
V/CameraEngine(30279): scheduleStartPreview
V/CeRequestQueue(30279): addRequest
D/CeRequestQueue(30279): [7 3 ]
I/OMXCodec(  120): [OMX.google.vorbis.decoder] End Of Stream
V/AwesomePlayer(  120): postAudioEOS delayUs (0)
V/AwesomePlayer(  120): onCheckAudioStatus
V/AwesomePlayer(  120): onCheckAudioStatus() set AUDIO_AT_EOS flag
V/AwesomePlayer(  120): onStreamDone
V/AwesomePlayer(  120): MEDIA_PLAYBACK_COMPLETE
V/AwesomePlayer(  120): notifyListner_l() msg (2-MEDIA_PLAYBACK_COMPLETE), ext1 (0), ext2 (0)
V/AudioCache(  120): notify(0x446def68, 2, 0, 0)
V/AudioCache(  120): playback complete - thread will wake up later
V/AwesomePlayer(  120): notifyListner_l() msg (7-MEDIA_PAUSED), ext1 (0), ext2 (0)
V/AudioCache(  120): notify(0x446def68, 7, 0, 0)
V/AudioCache(  120): ignored
V/AwesomePlayer(  120): cancelPlayerEvents (keepNotifications=1)
V/AwesomePlayer(  120): addBatteryData
V/AudioCache(  120): wait - success
V/StagefrightPlayer(  120): reset
V/AwesomePlayer(  120): reset_l()
V/AwesomePlayer(  120): notifyListner_l() msg (8-MEDIA_STOPPED), ext1 (0), ext2 (0)
V/AudioCache(  120): notify(0x446def68, 8, 0, 0)
V/AudioCache(  120): ignored
V/AwesomePlayer(  120): cancelPlayerEvents (keepNotifications=0)
V/AwesomePlayer(  120): mAudioTrackVector clear
I/OMXCodec(  120): [OMX.google.vorbis.decoder] stop mState=4
I/OMXCodec(  120): [OMX.google.vorbis.decoder] stop() sendCommand(0x38e, OMX_CommandStateSet, OMX_StateIdle)
I/OMXCodec(  120): [OMX.google.vorbis.decoder] Now Idle. Component sends idle done Event 
I/OMXCodec(  120): [OMX.google.vorbis.decoder] stopOmxComponent_l() mstate = 1
I/OggExtractor(  120): OggSource::stop() mExtractor ref count = 1
I/OggExtractor(  120): OggSource::~OggSource() mExtractor !mStarted ref count = 1
I/OggExtractor(  120): ~OggSource --
I/OggExtractor(  120): ~OggExtractor ++
I/OggExtractor(  120): ~MyVorbisExtractor ++ 
I/OggExtractor(  120): ~MyVorbisExtractor --
I/OggExtractor(  120): ~OggExtractor --
I/SurfaceFlinger(  117): id=2832 createSurf (1024x600),1 flag=4, TurfaceView
I/AudioPlayer(  120): reset out
V/AwesomePlayer(  120): reset_l() mAudioPlayer successfully deleted
I/SecMediaClock(  120): SecMediaClock destructor
V/AwesomePlayer(  120): mSecMediaClock clear
V/StagefrightPlayer(  120): ~StagefrightPlayer
V/StagefrightPlayer(  120): reset
V/AwesomePlayer(  120): reset_l()
V/AwesomePlayer(  120): notifyListner_l() msg (8-MEDIA_STOPPED), ext1 (0), ext2 (0)
V/AwesomePlayer(  120): cancelPlayerEvents (keepNotifications=0)
D/KeyguardUpdateMonitor(  647): sendKeyguardVisibilityChanged(true)
I/KeyguardUpdateMonitor(  647): visibility is same
V/AwesomePlayer(  120): mAudioTrackVector clear
V/AwesomePlayer(  120): reset_l() mAudioPlayer successfully deleted
V/AwesomePlayer(  120): mSecMediaClock clear
V/AwesomePlayer(  120): destructor
V/AwesomePlayer(  120): reset_l()
V/AwesomePlayer(  120): notifyListner_l() msg (8-MEDIA_STOPPED), ext1 (0), ext2 (0)
V/AwesomePlayer(  120): cancelPlayerEvents (keepNotifications=0)
V/AwesomePlayer(  120): mAudioTrackVector clear
V/AwesomePlayer(  120): reset_l() mAudioPlayer successfully deleted
V/AwesomePlayer(  120): mSecMediaClock clear
V/CameraEngine(30279): onCameraSettingsChanged menuid=19 modeid=0
V/CeRequestQueue(30279): startFirstRequest
V/CeStateInitialized(30279): HandleRequest - 7
V/CameraEngine(30279): doChangeParameterSync
V/ShotSingle(  120): setParameters(1)
D/CameraHardwareBase(  120): Enter setParameters( vendor/marvell/generic/camera-hal/samsung/camerahardware/CameraHardwareBase.cpp, 2495 )
D/CameraSetting(  120): -setCameraSetting
D/CameraSetting(  120): setCameraSetting: mode-camera/preview format-NV21/picture format-jpeg/picture size-1280x960/video format-yuv420p-i420/thumb size-160x120
D/CameraSetting(  120): -setShotModeSetting
D/CameraSetting(  120): Warning> antibanding: not supported value(60hz)
D/CameraHardwareBase(  120): Exit  setParameters( vendor/marvell/generic/camera-hal/samsung/camerahardware/CameraHardwareBase.cpp, 2527 )
V/CeRequestQueue(30279): completeRequest
D/CeRequestQueue(30279): [3 ]
V/CeRequestQueue(30279): startFirstRequest
V/CeStateInitialized(30279): HandleRequest - 3
V/CameraEngine(30279): doStartPreviewAsync
V/CameraEngine(30279): resetPreviewSize()- WH: 800 600
V/MediaPlayer(30279): decode(61, 1048344, 8183)
V/MediaPlayerService(  120): decode(33, 1048344, 8183)
V/CameraEngine(30279): display.getHeight() = 600 display.getWidth() = 1024
V/CameraEngine(30279): setThumbnailSize: 160 120
D/KeyguardUpdateMonitor(  647): sendKeyguardVisibilityChanged(true)
I/KeyguardUpdateMonitor(  647): visibility is same
V/ShotSingle(  120): setParameters(1)
D/CameraHardwareBase(  120): Enter setParameters( vendor/marvell/generic/camera-hal/samsung/camerahardware/CameraHardwareBase.cpp, 2495 )
D/CameraSetting(  120): -setCameraSetting
D/CameraSetting(  120): setCameraSetting: mode-camera/preview format-NV21/picture format-jpeg/picture size-1280x960/video format-yuv420p-i420/thumb size-160x120
D/CameraSetting(  120): -setShotModeSetting
D/CameraSetting(  120): Warning> antibanding: not supported value(60hz)
D/CameraHardwareBase(  120): Exit  setParameters( vendor/marvell/generic/camera-hal/samsung/camerahardware/CameraHardwareBase.cpp, 2527 )
V/MediaPlayerService(  120): player type = 3
V/AwesomePlayer(  120): setDefault
V/AwesomePlayer(  120): constructor
V/AwesomePlayer(  120): setDefault
V/AwesomePlayer(  120): reset_l()
V/AwesomePlayer(  120): notifyListner_l() msg (8-MEDIA_STOPPED), ext1 (0), ext2 (0)
V/AwesomePlayer(  120): cancelPlayerEvents (keepNotifications=0)
V/AwesomePlayer(  120): mAudioTrackVector clear
V/AwesomePlayer(  120): reset_l() mAudioPlayer successfully deleted
V/AwesomePlayer(  120): mSecMediaClock clear
V/StagefrightPlayer(  120): StagefrightPlayer
V/AwesomePlayer(  120): setListener
V/StagefrightPlayer(  120): initCheck
V/AwesomePlayer(  120): setAudioSink
V/StagefrightPlayer(  120): setDataSource(33, 1048344, 8183)
V/AwesomePlayer(  120): reset_l()
V/AwesomePlayer(  120): notifyListner_l() msg (8-MEDIA_STOPPED), ext1 (0), ext2 (0)
V/AudioCache(  120): notify(0x446def68, 8, 0, 0)
V/AudioCache(  120): ignored
V/AwesomePlayer(  120): cancelPlayerEvents (keepNotifications=0)
V/AwesomePlayer(  120): mAudioTrackVector clear
V/AwesomePlayer(  120): reset_l() mAudioPlayer successfully deleted
V/AwesomePlayer(  120): mSecMediaClock clear
D/SecCameraCoreManager(  120): previewEnabled
V/AwesomePlayer(  120): track of type 'audio/vorbis' does not publish bitrate
V/AwesomePlayer(  120): mBitrate = -1 bits/sec
I/OggExtractor(  120): OggSource::OggSource() mExtractor ref count = 4
V/AwesomePlayer(  120): current audio track index (0) is added to vector
V/AwesomePlayer(  120): setDataSource_l: Audio(1), Video(0)
I/AwesomePlayer(  120): AwesomePlayer::setDataSource_l():: This is not a DRM content
V/MediaPlayerService(  120): prepare
V/AwesomePlayer(  120): prepareAsync
V/MediaPlayerService(  120): wait for prepare
V/CameraEngine(30279): changeEngineState => 3(CeStateStartingPreview)
E/AXLOG   (30279): StartPreview**StartU[1419817846181]**
V/CameraEngine(30279): starting preview...
V/CameraEngine(30279): mCameraDevice.startPreview()
I/SensorManagerA(30279): getReportingMode :: sensor.mType = 1
D/SecCameraCoreManager(  120): previewEnabled
D/SecCameraCoreManager(  120): setPreviewWindow
D/CameraHardwareBase(  120): Enter setPreviewWindow( vendor/marvell/generic/camera-hal/samsung/camerahardware/CameraHardwareBase.cpp, 269 )
D/CameraHardwareBase(  120): setPreviewWindow:mANativeWindow=0x0, window=0x4a171a98
D/CameraHardwareBase(  120): addCommandWait e (0x40)
D/CameraHardwareBase(  120): addCommandWait: wait
D/CameraMrvl(  120): Sync(2) Enable: enabled
D/CameraMrvl(  120): Sync(2) Wait: start (10000 ms)
D/SensorHal(  549): setDelay, handle: 1598182229 delay: 66000000
I/SensorHal(  549): <BST> set delay of <BOSCH BMC150 Acceleration Sensor> to 66ms
D/SensorManager(30279): registerListener :: 1598182229, BOSCH BMC150 Acceleration Sensor, 200000, 0,  
E/AXLOG   (30279): PrepareStartPreview-End**End[1419817846183]**[14]**[]**
D/KeyguardUpdateMonitor(  647): sendKeyguardVisibilityChanged(true)
I/KeyguardUpdateMonitor(  647): visibility is same
V/AwesomePlayer(  120): onPrepareAsyncEvent
I/SecMediaClock(  120): SecMediaClock constructor
I/SecMediaClock(  120): reset
V/AwesomePlayer(  120): initAudioDecoder
V/AwesomePlayer(  120): checkOffloadExceptions is true
I/OMXCodec(  120): Attempting to allocate OMX node 'OMX.google.vorbis.decoder'
I/OMXCodec(  120): Successfully allocated OMX node 'OMX.google.vorbis.decoder'
I/OMXCodec(  120): [OMX.google.vorbis.decoder] OMXCodec::start mState=1
I/OMXCodec(  120): [OMX.google.vorbis.decoder] allocating 4 buffers of size 32768 on input port
I/OMXCodec(  120): [OMX.google.vorbis.decoder] allocating 4 buffers of size 32768 on output port
D/KeyguardUpdateMonitor(  647): sendKeyguardVisibilityChanged(true)
I/KeyguardUpdateMonitor(  647): visibility is same
V/Camera  (30279): onLoadComplete: 7, 0
V/Camera  (30279): onWindowFocusChanged : true
V/AbstractCameraActivity(30279): onWindowFocusChanged : true
I/AbstractCameraActivity(30279): restarting inactivity timer...
D/KeyguardUpdateMonitor(  647): sendKeyguardVisibilityChanged(true)
I/KeyguardUpdateMonitor(  647): visibility is same
V/CameraEngine(30279): got message...{ when=-91ms what=100 target=com.sec.android.app.camera.CameraEngine$StateMessageHandler }
V/CeStateStartingPreview(30279): HandleMessage - 100
V/Camera  (30279): onLoadComplete: 8, 0
W/IInputConnectionWrapper(29953): showStatusIcon on inactive InputConnection
W/ContextImpl(  549): Calling a method in the system process without a qualified user: android.app.ContextImpl.sendBroadcast:1496 com.android.server.InputMethodManagerService$4.run:2690 java.lang.Thread.run:841 <bottom of call stack> <bottom of call stack> 
D/KeyguardUpdateMonitor(  647): sendKeyguardVisibilityChanged(true)
I/KeyguardUpdateMonitor(  647): visibility is same
I/OMXCodec(  120): [OMX.google.vorbis.decoder] Now Idle. Component sends idle done Event 
V/AwesomePlayer(  120): finishAsyncPrepare_l
V/AwesomePlayer(  120): notifyListner_l() msg (200-MEDIA_INFO), ext1 (973), ext2 (0)
