V/AudioCache(  120): notify(0x446def68, 200, 973, 0)
V/AudioCache(  120): ignored
V/AwesomePlayer(  120): notifyListner_l() msg (5-MEDIA_SET_VIDEO_SIZE), ext1 (0), ext2 (0)
V/AudioCache(  120): notify(0x446def68, 5, 0, 0)
V/AudioCache(  120): ignored
V/AwesomePlayer(  120): notifyListner_l() msg (1-MEDIA_PREPARED), ext1 (0), ext2 (0)
V/AudioCache(  120): notify(0x446def68, 1, 0, 0)
V/AudioCache(  120): prepared
V/AudioCache(  120): wait - success
V/MediaPlayerService(  120): start
V/StagefrightPlayer(  120): start
V/AwesomePlayer(  120): play
V/AwesomePlayer(  120): AwesomePlayer::play_l():: This is not a DRM content
V/AwesomePlayer(  120): startAudioPlayer_l, sendErrorNotification (0)
W/ActivityManager(  549): mDVFSHelper.release()
I/SurfaceFlinger(  117): id=2828 Removed damera (11/15)
I/SurfaceFlinger(  117): id=2828 Removed damera (-2/15)
D/KeyguardUpdateMonitor(  647): sendKeyguardVisibilityChanged(true)
I/KeyguardUpdateMonitor(  647): visibility is same
I/OMXCodec(  120): [OMX.google.vorbis.decoder] 0onCmdComplete  mState =  7
I/OMXCodec(  120): [OMX.google.vorbis.decoder] PORT_DISABLED(1)
I/OMXCodec(  120): [OMX.google.vorbis.decoder] allocating 4 buffers of size 32768 on output port
I/AudioPlayer(  120):  Audioplayer kKeyAudioPCMFormat:1, 1, 0
I/AudioPlayer(  120):  Audioplayer kKeyAudioPCMFormat read fail(1, 1)
V/AudioCache(  120): open(44100, 1, 0x0, 1, 4)
V/AwesomePlayer(  120): notifyListner_l() msg (6-MEDIA_STARTED), ext1 (0), ext2 (0)
V/AudioCache(  120): notify(0x446def68, 6, 0, 0)
V/AudioCache(  120): ignored
V/AwesomePlayer(  120): addBatteryData
D/KeyguardUpdateMonitor(  647): sendKeyguardVisibilityChanged(true)
V/MediaPlayerService(  120): wait for playback complete
I/KeyguardUpdateMonitor(  647): visibility is same
I/WindowManager(  549): Screen frozen for +1s410ms due to Window{428834d8 u0 Starting com.sec.android.app.camera}
D/GC      (30279): <tid=30305> OES11 ===> GC Version   : GC Ver rls_pxa988_KK44_GC13.20 
D/GC      (30279): 
I/SurfaceFlinger(  117): id=2833 createSurf (1200x1024),-1 flag=20004, ClackSurfac
I/SurfaceFlinger(  117): id=2834 createSurf (600x2048),-1 flag=20004, ClackSurfac
I/SurfaceFlinger(  117): id=2835 createSurf (1200x1024),-1 flag=20004, ClackSurfac
I/SurfaceFlinger(  117): id=2836 createSurf (600x2048),-1 flag=20004, ClackSurfac
I/OMXCodec(  120): [OMX.google.vorbis.decoder] End Of Stream
D/InputDispatcher(  549): setInputDispatchMode: enabled=1, frozen=0
V/AwesomePlayer(  120): postAudioEOS delayUs (0)
V/AwesomePlayer(  120): onCheckAudioStatus
V/AwesomePlayer(  120): onCheckAudioStatus() set AUDIO_AT_EOS flag
V/AwesomePlayer(  120): onStreamDone
V/AwesomePlayer(  120): MEDIA_PLAYBACK_COMPLETE
V/AwesomePlayer(  120): notifyListner_l() msg (2-MEDIA_PLAYBACK_COMPLETE), ext1 (0), ext2 (0)
V/AudioCache(  120): notify(0x446def68, 2, 0, 0)
V/AudioCache(  120): playback complete - thread will wake up later
V/AwesomePlayer(  120): notifyListner_l() msg (7-MEDIA_PAUSED), ext1 (0), ext2 (0)
V/AudioCache(  120): notify(0x446def68, 7, 0, 0)
V/AudioCache(  120): ignored
V/AwesomePlayer(  120): cancelPlayerEvents (keepNotifications=1)
V/AwesomePlayer(  120): addBatteryData
V/AudioCache(  120): wait - success
V/StagefrightPlayer(  120): reset
V/AwesomePlayer(  120): reset_l()
V/AwesomePlayer(  120): notifyListner_l() msg (8-MEDIA_STOPPED), ext1 (0), ext2 (0)
V/AudioCache(  120): notify(0x446def68, 8, 0, 0)
V/AudioCache(  120): ignored
V/AwesomePlayer(  120): cancelPlayerEvents (keepNotifications=0)
V/AwesomePlayer(  120): mAudioTrackVector clear
I/OMXCodec(  120): [OMX.google.vorbis.decoder] stop mState=4
I/OMXCodec(  120): [OMX.google.vorbis.decoder] stop() sendCommand(0x38f, OMX_CommandStateSet, OMX_StateIdle)
I/OMXCodec(  120): [OMX.google.vorbis.decoder] Now Idle. Component sends idle done Event 
I/OMXCodec(  120): [OMX.google.vorbis.decoder] stopOmxComponent_l() mstate = 1
I/OggExtractor(  120): OggSource::stop() mExtractor ref count = 1
I/OggExtractor(  120): OggSource::~OggSource() mExtractor !mStarted ref count = 1
I/OggExtractor(  120): ~OggSource --
I/OggExtractor(  120): ~OggExtractor ++
I/OggExtractor(  120): ~MyVorbisExtractor ++ 
I/OggExtractor(  120): ~MyVorbisExtractor --
I/OggExtractor(  120): ~OggExtractor --
I/AudioPlayer(  120): reset out
V/AwesomePlayer(  120): reset_l() mAudioPlayer successfully deleted
I/SecMediaClock(  120): SecMediaClock destructor
V/AwesomePlayer(  120): mSecMediaClock clear
V/StagefrightPlayer(  120): ~StagefrightPlayer
V/StagefrightPlayer(  120): reset
V/AwesomePlayer(  120): reset_l()
V/AwesomePlayer(  120): notifyListner_l() msg (8-MEDIA_STOPPED), ext1 (0), ext2 (0)
V/AwesomePlayer(  120): cancelPlayerEvents (keepNotifications=0)
V/AwesomePlayer(  120): mAudioTrackVector clear
V/AwesomePlayer(  120): reset_l() mAudioPlayer successfully deleted
V/AwesomePlayer(  120): mSecMediaClock clear
V/AwesomePlayer(  120): destructor
V/AwesomePlayer(  120): reset_l()
V/AwesomePlayer(  120): notifyListner_l() msg (8-MEDIA_STOPPED), ext1 (0), ext2 (0)
V/AwesomePlayer(  120): cancelPlayerEvents (keepNotifications=0)
V/AwesomePlayer(  120): mAudioTrackVector clear
V/AwesomePlayer(  120): reset_l() mAudioPlayer successfully deleted
V/AwesomePlayer(  120): mSecMediaClock clear
V/MediaPlayer(30279): decode(62, 1035384, 8158)
V/MediaPlayerService(  120): decode(33, 1035384, 8158)
V/Camera  (30279): onLoadComplete: 9, 0
V/MediaPlayerService(  120): player type = 3
V/AwesomePlayer(  120): setDefault
V/AwesomePlayer(  120): constructor
V/AwesomePlayer(  120): setDefault
V/AwesomePlayer(  120): reset_l()
V/AwesomePlayer(  120): notifyListner_l() msg (8-MEDIA_STOPPED), ext1 (0), ext2 (0)
V/AwesomePlayer(  120): cancelPlayerEvents (keepNotifications=0)
V/AwesomePlayer(  120): mAudioTrackVector clear
V/AwesomePlayer(  120): reset_l() mAudioPlayer successfully deleted
V/AwesomePlayer(  120): mSecMediaClock clear
V/StagefrightPlayer(  120): StagefrightPlayer
V/AwesomePlayer(  120): setListener
V/StagefrightPlayer(  120): initCheck
V/AwesomePlayer(  120): setAudioSink
V/StagefrightPlayer(  120): setDataSource(33, 1035384, 8158)
V/AwesomePlayer(  120): reset_l()
V/AwesomePlayer(  120): notifyListner_l() msg (8-MEDIA_STOPPED), ext1 (0), ext2 (0)
V/AudioCache(  120): notify(0x446def68, 8, 0, 0)
V/AudioCache(  120): ignored
V/AwesomePlayer(  120): cancelPlayerEvents (keepNotifications=0)
V/AwesomePlayer(  120): mAudioTrackVector clear
V/AwesomePlayer(  120): reset_l() mAudioPlayer successfully deleted
V/AwesomePlayer(  120): mSecMediaClock clear
V/AwesomePlayer(  120): track of type 'audio/vorbis' does not publish bitrate
V/AwesomePlayer(  120): mBitrate = -1 bits/sec
I/OggExtractor(  120): OggSource::OggSource() mExtractor ref count = 4
V/AwesomePlayer(  120): current audio track index (0) is added to vector
V/AwesomePlayer(  120): setDataSource_l: Audio(1), Video(0)
I/AwesomePlayer(  120): AwesomePlayer::setDataSource_l():: This is not a DRM content
V/MediaPlayerService(  120): prepare
V/AwesomePlayer(  120): prepareAsync
V/MediaPlayerService(  120): wait for prepare
V/AwesomePlayer(  120): onPrepareAsyncEvent
I/SecMediaClock(  120): SecMediaClock constructor
I/SecMediaClock(  120): reset
V/AwesomePlayer(  120): initAudioDecoder
V/AwesomePlayer(  120): checkOffloadExceptions is true
I/OMXCodec(  120): Attempting to allocate OMX node 'OMX.google.vorbis.decoder'
I/OMXCodec(  120): Successfully allocated OMX node 'OMX.google.vorbis.decoder'
I/OMXCodec(  120): [OMX.google.vorbis.decoder] OMXCodec::start mState=1
I/OMXCodec(  120): [OMX.google.vorbis.decoder] allocating 4 buffers of size 32768 on input port
I/OMXCodec(  120): [OMX.google.vorbis.decoder] allocating 4 buffers of size 32768 on output port
I/OMXCodec(  120): [OMX.google.vorbis.decoder] Now Idle. Component sends idle done Event 
V/AwesomePlayer(  120): finishAsyncPrepare_l
V/AwesomePlayer(  120): notifyListner_l() msg (200-MEDIA_INFO), ext1 (973), ext2 (0)
V/AudioCache(  120): notify(0x446def68, 200, 973, 0)
V/AudioCache(  120): ignored
V/AwesomePlayer(  120): notifyListner_l() msg (5-MEDIA_SET_VIDEO_SIZE), ext1 (0), ext2 (0)
V/AudioCache(  120): notify(0x446def68, 5, 0, 0)
V/AudioCache(  120): ignored
V/AwesomePlayer(  120): notifyListner_l() msg (1-MEDIA_PREPARED), ext1 (0), ext2 (0)
V/AudioCache(  120): notify(0x446def68, 1, 0, 0)
V/AudioCache(  120): prepared
V/AudioCache(  120): wait - success
V/MediaPlayerService(  120): start
V/StagefrightPlayer(  120): start
V/AwesomePlayer(  120): play
V/AwesomePlayer(  120): AwesomePlayer::play_l():: This is not a DRM content
V/AwesomePlayer(  120): startAudioPlayer_l, sendErrorNotification (0)
I/OMXCodec(  120): [OMX.google.vorbis.decoder] 0onCmdComplete  mState =  7
I/OMXCodec(  120): [OMX.google.vorbis.decoder] PORT_DISABLED(1)
I/OMXCodec(  120): [OMX.google.vorbis.decoder] allocating 4 buffers of size 32768 on output port
I/AudioPlayer(  120):  Audioplayer kKeyAudioPCMFormat:1, 1, 0
I/AudioPlayer(  120):  Audioplayer kKeyAudioPCMFormat read fail(1, 1)
V/AudioCache(  120): open(44100, 1, 0x0, 1, 4)
V/AwesomePlayer(  120): notifyListner_l() msg (6-MEDIA_STARTED), ext1 (0), ext2 (0)
V/AudioCache(  120): notify(0x446def68, 6, 0, 0)
V/AudioCache(  120): ignored
V/AwesomePlayer(  120): addBatteryData
V/MediaPlayerService(  120): wait for playback complete
I/v_hwc   (  117): hwc prepare: 3D composition
I/OMXCodec(  120): [OMX.google.vorbis.decoder] End Of Stream
V/AwesomePlayer(  120): postAudioEOS delayUs (0)
V/AwesomePlayer(  120): onCheckAudioStatus
V/AwesomePlayer(  120): onCheckAudioStatus() set AUDIO_AT_EOS flag
V/AwesomePlayer(  120): onStreamDone
V/AwesomePlayer(  120): MEDIA_PLAYBACK_COMPLETE
V/AwesomePlayer(  120): notifyListner_l() msg (2-MEDIA_PLAYBACK_COMPLETE), ext1 (0), ext2 (0)
V/AudioCache(  120): notify(0x446def68, 2, 0, 0)
V/AudioCache(  120): playback complete - thread will wake up later
V/AwesomePlayer(  120): notifyListner_l() msg (7-MEDIA_PAUSED), ext1 (0), ext2 (0)
V/AudioCache(  120): notify(0x446def68, 7, 0, 0)
V/AudioCache(  120): ignored
V/AwesomePlayer(  120): cancelPlayerEvents (keepNotifications=1)
V/AwesomePlayer(  120): addBatteryData
V/AudioCache(  120): wait - success
V/StagefrightPlayer(  120): reset
V/AwesomePlayer(  120): reset_l()
V/AwesomePlayer(  120): notifyListner_l() msg (8-MEDIA_STOPPED), ext1 (0), ext2 (0)
V/AudioCache(  120): notify(0x446def68, 8, 0, 0)
V/AudioCache(  120): ignored
V/AwesomePlayer(  120): cancelPlayerEvents (keepNotifications=0)
V/AwesomePlayer(  120): mAudioTrackVector clear
I/OMXCodec(  120): [OMX.google.vorbis.decoder] stop mState=4
I/OMXCodec(  120): [OMX.google.vorbis.decoder] stop() sendCommand(0x390, OMX_CommandStateSet, OMX_StateIdle)
I/OMXCodec(  120): [OMX.google.vorbis.decoder] Now Idle. Component sends idle done Event 
I/OMXCodec(  120): [OMX.google.vorbis.decoder] stopOmxComponent_l() mstate = 1
I/OggExtractor(  120): OggSource::stop() mExtractor ref count = 1
I/OggExtractor(  120): OggSource::~OggSource() mExtractor !mStarted ref count = 1
I/OggExtractor(  120): ~OggSource --
I/OggExtractor(  120): ~OggExtractor ++
I/OggExtractor(  120): ~MyVorbisExtractor ++ 
I/OggExtractor(  120): ~MyVorbisExtractor --
I/OggExtractor(  120): ~OggExtractor --
I/AudioPlayer(  120): reset out
V/AwesomePlayer(  120): reset_l() mAudioPlayer successfully deleted
I/SecMediaClock(  120): SecMediaClock destructor
V/AwesomePlayer(  120): mSecMediaClock clear
V/StagefrightPlayer(  120): ~StagefrightPlayer
V/StagefrightPlayer(  120): reset
V/AwesomePlayer(  120): reset_l()
V/AwesomePlayer(  120): notifyListner_l() msg (8-MEDIA_STOPPED), ext1 (0), ext2 (0)
V/AwesomePlayer(  120): cancelPlayerEvents (keepNotifications=0)
V/AwesomePlayer(  120): mAudioTrackVector clear
V/AwesomePlayer(  120): reset_l() mAudioPlayer successfully deleted
V/AwesomePlayer(  120): mSecMediaClock clear
V/AwesomePlayer(  120): destructor
V/AwesomePlayer(  120): reset_l()
V/AwesomePlayer(  120): notifyListner_l() msg (8-MEDIA_STOPPED), ext1 (0), ext2 (0)
V/AwesomePlayer(  120): cancelPlayerEvents (keepNotifications=0)
V/AwesomePlayer(  120): mAudioTrackVector clear
V/AwesomePlayer(  120): reset_l() mAudioPlayer successfully deleted
V/AwesomePlayer(  120): mSecMediaClock clear
V/MediaPlayer(30279): decode(63, 1043604, 4682)
V/Camera  (30279): onLoadComplete: 10, 0
V/MediaPlayerService(  120): decode(33, 1043604, 4682)
V/MediaPlayerService(  120): player type = 3
V/AwesomePlayer(  120): setDefault
V/AwesomePlayer(  120): constructor
V/AwesomePlayer(  120): setDefault
V/AwesomePlayer(  120): reset_l()
V/AwesomePlayer(  120): notifyListner_l() msg (8-MEDIA_STOPPED), ext1 (0), ext2 (0)
V/AwesomePlayer(  120): cancelPlayerEvents (keepNotifications=0)
V/AwesomePlayer(  120): mAudioTrackVector clear
V/AwesomePlayer(  120): reset_l() mAudioPlayer successfully deleted
V/AwesomePlayer(  120): mSecMediaClock clear
V/StagefrightPlayer(  120): StagefrightPlayer
V/AwesomePlayer(  120): setListener
V/StagefrightPlayer(  120): initCheck
V/AwesomePlayer(  120): setAudioSink
V/StagefrightPlayer(  120): setDataSource(33, 1043604, 4682)
V/AwesomePlayer(  120): reset_l()
V/AwesomePlayer(  120): notifyListner_l() msg (8-MEDIA_STOPPED), ext1 (0), ext2 (0)
V/AudioCache(  120): notify(0x446def68, 8, 0, 0)
V/AudioCache(  120): ignored
V/AwesomePlayer(  120): cancelPlayerEvents (keepNotifications=0)
V/AwesomePlayer(  120): mAudioTrackVector clear
V/AwesomePlayer(  120): reset_l() mAudioPlayer successfully deleted
V/AwesomePlayer(  120): mSecMediaClock clear
V/AwesomePlayer(  120): track of type 'audio/vorbis' does not publish bitrate
V/AwesomePlayer(  120): mBitrate = -1 bits/sec
I/OggExtractor(  120): OggSource::OggSource() mExtractor ref count = 4
V/AwesomePlayer(  120): current audio track index (0) is added to vector
V/AwesomePlayer(  120): setDataSource_l: Audio(1), Video(0)
I/AwesomePlayer(  120): AwesomePlayer::setDataSource_l():: This is not a DRM content
V/MediaPlayerService(  120): prepare
V/AwesomePlayer(  120): prepareAsync
V/MediaPlayerService(  120): wait for prepare
I/v_hwc   (  117): hwc prepare: 3D composition
V/AwesomePlayer(  120): onPrepareAsyncEvent
I/SecMediaClock(  120): SecMediaClock constructor
I/SecMediaClock(  120): reset
V/AwesomePlayer(  120): initAudioDecoder
V/AwesomePlayer(  120): checkOffloadExceptions is true
I/OMXCodec(  120): Attempting to allocate OMX node 'OMX.google.vorbis.decoder'
I/OMXCodec(  120): Successfully allocated OMX node 'OMX.google.vorbis.decoder'
I/OMXCodec(  120): [OMX.google.vorbis.decoder] OMXCodec::start mState=1
I/OMXCodec(  120): [OMX.google.vorbis.decoder] allocating 4 buffers of size 32768 on input port
I/OMXCodec(  120): [OMX.google.vorbis.decoder] allocating 4 buffers of size 32768 on output port
I/OMXCodec(  120): [OMX.google.vorbis.decoder] Now Idle. Component sends idle done Event 
V/AwesomePlayer(  120): finishAsyncPrepare_l
V/AwesomePlayer(  120): notifyListner_l() msg (200-MEDIA_INFO), ext1 (973), ext2 (0)
V/AudioCache(  120): notify(0x446def68, 200, 973, 0)
V/AudioCache(  120): ignored
V/AwesomePlayer(  120): notifyListner_l() msg (5-MEDIA_SET_VIDEO_SIZE), ext1 (0), ext2 (0)
V/AudioCache(  120): notify(0x446def68, 5, 0, 0)
V/AudioCache(  120): ignored
V/AwesomePlayer(  120): notifyListner_l() msg (1-MEDIA_PREPARED), ext1 (0), ext2 (0)
V/AudioCache(  120): notify(0x446def68, 1, 0, 0)
V/AudioCache(  120): prepared
V/AudioCache(  120): wait - success
V/MediaPlayerService(  120): start
V/StagefrightPlayer(  120): start
V/AwesomePlayer(  120): play
V/AwesomePlayer(  120): AwesomePlayer::play_l():: This is not a DRM content
V/AwesomePlayer(  120): startAudioPlayer_l, sendErrorNotification (0)
I/v_hwc   (  117): hwc prepare: 3D composition
I/OMXCodec(  120): [OMX.google.vorbis.decoder] 0onCmdComplete  mState =  7
I/OMXCodec(  120): [OMX.google.vorbis.decoder] PORT_DISABLED(1)
I/OMXCodec(  120): [OMX.google.vorbis.decoder] allocating 4 buffers of size 32768 on output port
I/AudioPlayer(  120):  Audioplayer kKeyAudioPCMFormat:1, 1, 0
I/AudioPlayer(  120):  Audioplayer kKeyAudioPCMFormat read fail(1, 1)
V/AudioCache(  120): open(44100, 1, 0x0, 1, 4)
V/AwesomePlayer(  120): notifyListner_l() msg (6-MEDIA_STARTED), ext1 (0), ext2 (0)
V/AudioCache(  120): notify(0x446def68, 6, 0, 0)
V/AudioCache(  120): ignored
V/AwesomePlayer(  120): addBatteryData
V/MediaPlayerService(  120): wait for playback complete
I/AudioPlayer(  120): First fillBuffer call!!
I/v_hwc   (  117): hwc prepare: 3D composition
I/OMXCodec(  120): [OMX.google.vorbis.decoder] End Of Stream
V/AwesomePlayer(  120): postAudioEOS delayUs (0)
V/AwesomePlayer(  120): onCheckAudioStatus
V/AwesomePlayer(  120): onCheckAudioStatus() set AUDIO_AT_EOS flag
V/AwesomePlayer(  120): onStreamDone
V/AwesomePlayer(  120): MEDIA_PLAYBACK_COMPLETE
V/AwesomePlayer(  120): notifyListner_l() msg (2-MEDIA_PLAYBACK_COMPLETE), ext1 (0), ext2 (0)
V/AudioCache(  120): notify(0x446def68, 2, 0, 0)
V/AudioCache(  120): playback complete - thread will wake up later
V/AwesomePlayer(  120): notifyListner_l() msg (7-MEDIA_PAUSED), ext1 (0), ext2 (0)
V/AudioCache(  120): notify(0x446def68, 7, 0, 0)
V/AudioCache(  120): ignored
V/AwesomePlayer(  120): cancelPlayerEvents (keepNotifications=1)
V/AwesomePlayer(  120): addBatteryData
V/AudioCache(  120): wait - success
V/StagefrightPlayer(  120): reset
V/AwesomePlayer(  120): reset_l()
V/AwesomePlayer(  120): notifyListner_l() msg (8-MEDIA_STOPPED), ext1 (0), ext2 (0)
V/AudioCache(  120): notify(0x446def68, 8, 0, 0)
V/AudioCache(  120): ignored
V/AwesomePlayer(  120): cancelPlayerEvents (keepNotifications=0)
V/AwesomePlayer(  120): mAudioTrackVector clear
I/OMXCodec(  120): [OMX.google.vorbis.decoder] stop mState=4
I/OMXCodec(  120): [OMX.google.vorbis.decoder] stop() sendCommand(0x391, OMX_CommandStateSet, OMX_StateIdle)
I/OMXCodec(  120): [OMX.google.vorbis.decoder] Now Idle. Component sends idle done Event 
I/OMXCodec(  120): [OMX.google.vorbis.decoder] stopOmxComponent_l() mstate = 1
I/OggExtractor(  120): OggSource::stop() mExtractor ref count = 1
I/OggExtractor(  120): OggSource::~OggSource() mExtractor !mStarted ref count = 1
I/OggExtractor(  120): ~OggSource --
I/OggExtractor(  120): ~OggExtractor ++
I/OggExtractor(  120): ~MyVorbisExtractor ++ 
I/OggExtractor(  120): ~MyVorbisExtractor --
I/OggExtractor(  120): ~OggExtractor --
I/AudioPlayer(  120): reset out
V/AwesomePlayer(  120): reset_l() mAudioPlayer successfully deleted
I/SecMediaClock(  120): SecMediaClock destructor
V/AwesomePlayer(  120): mSecMediaClock clear
V/StagefrightPlayer(  120): ~StagefrightPlayer
V/StagefrightPlayer(  120): reset
V/AwesomePlayer(  120): reset_l()
V/AwesomePlayer(  120): notifyListner_l() msg (8-MEDIA_STOPPED), ext1 (0), ext2 (0)
V/AwesomePlayer(  120): cancelPlayerEvents (keepNotifications=0)
V/AwesomePlayer(  120): mAudioTrackVector clear
V/AwesomePlayer(  120): reset_l() mAudioPlayer successfully deleted
V/AwesomePlayer(  120): mSecMediaClock clear
V/AwesomePlayer(  120): destructor
V/AwesomePlayer(  120): reset_l()
V/AwesomePlayer(  120): notifyListner_l() msg (8-MEDIA_STOPPED), ext1 (0), ext2 (0)
V/AwesomePlayer(  120): cancelPlayerEvents (keepNotifications=0)
V/AwesomePlayer(  120): mAudioTrackVector clear
V/AwesomePlayer(  120): reset_l() mAudioPlayer successfully deleted
V/AwesomePlayer(  120): mSecMediaClock clear
V/MediaPlayer(30279): decode(64, 1065500, 8883)
V/MediaPlayerService(  120): decode(33, 1065500, 8883)
V/Camera  (30279): onLoadComplete: 11, 0
V/MediaPlayerService(  120): player type = 3
V/AwesomePlayer(  120): setDefault
V/AwesomePlayer(  120): constructor
V/AwesomePlayer(  120): setDefault
V/AwesomePlayer(  120): reset_l()
V/AwesomePlayer(  120): notifyListner_l() msg (8-MEDIA_STOPPED), ext1 (0), ext2 (0)
V/AwesomePlayer(  120): cancelPlayerEvents (keepNotifications=0)
V/AwesomePlayer(  120): mAudioTrackVector clear
V/AwesomePlayer(  120): reset_l() mAudioPlayer successfully deleted
V/AwesomePlayer(  120): mSecMediaClock clear
V/StagefrightPlayer(  120): StagefrightPlayer
V/AwesomePlayer(  120): setListener
V/StagefrightPlayer(  120): initCheck
V/AwesomePlayer(  120): setAudioSink
V/StagefrightPlayer(  120): setDataSource(33, 1065500, 8883)
V/AwesomePlayer(  120): reset_l()
V/AwesomePlayer(  120): notifyListner_l() msg (8-MEDIA_STOPPED), ext1 (0), ext2 (0)
V/AudioCache(  120): notify(0x446def68, 8, 0, 0)
V/AudioCache(  120): ignored
V/AwesomePlayer(  120): cancelPlayerEvents (keepNotifications=0)
V/AwesomePlayer(  120): mAudioTrackVector clear
V/AwesomePlayer(  120): reset_l() mAudioPlayer successfully deleted
V/AwesomePlayer(  120): mSecMediaClock clear
V/AwesomePlayer(  120): track of type 'audio/vorbis' does not publish bitrate
V/AwesomePlayer(  120): mBitrate = -1 bits/sec
I/OggExtractor(  120): OggSource::OggSource() mExtractor ref count = 4
V/AwesomePlayer(  120): current audio track index (0) is added to vector
V/AwesomePlayer(  120): setDataSource_l: Audio(1), Video(0)
I/AwesomePlayer(  120): AwesomePlayer::setDataSource_l():: This is not a DRM content
V/MediaPlayerService(  120): prepare
V/AwesomePlayer(  120): prepareAsync
I/v_hwc   (  117): hwc prepare: 3D composition
V/TwGLRenderer(30279): onSurfaceCreated
V/TwGLRenderer(30279): onSurfaceChanged width=1024 height=600
E/AXLOG   (30279): GLSurfaceChanged**EndU[1419817846411]**
I/v_hwc   (  117): hwc prepare: 3D composition
V/MediaPlayerService(  120): wait for prepare
V/AwesomePlayer(  120): onPrepareAsyncEvent
I/SecMediaClock(  120): SecMediaClock constructor
I/SecMediaClock(  120): reset
V/AwesomePlayer(  120): initAudioDecoder
V/AwesomePlayer(  120): checkOffloadExceptions is true
I/OMXCodec(  120): Attempting to allocate OMX node 'OMX.google.vorbis.decoder'
I/OMXCodec(  120): Successfully allocated OMX node 'OMX.google.vorbis.decoder'
I/OMXCodec(  120): [OMX.google.vorbis.decoder] OMXCodec::start mState=1
I/OMXCodec(  120): [OMX.google.vorbis.decoder] allocating 4 buffers of size 32768 on input port
I/OMXCodec(  120): [OMX.google.vorbis.decoder] allocating 4 buffers of size 32768 on output port
I/OMXCodec(  120): [OMX.google.vorbis.decoder] Now Idle. Component sends idle done Event 
V/AwesomePlayer(  120): finishAsyncPrepare_l
V/AwesomePlayer(  120): notifyListner_l() msg (200-MEDIA_INFO), ext1 (973), ext2 (0)
V/AudioCache(  120): notify(0x446def68, 200, 973, 0)
V/AudioCache(  120): ignored
V/AwesomePlayer(  120): notifyListner_l() msg (5-MEDIA_SET_VIDEO_SIZE), ext1 (0), ext2 (0)
V/AudioCache(  120): notify(0x446def68, 5, 0, 0)
V/AudioCache(  120): ignored
V/AwesomePlayer(  120): notifyListner_l() msg (1-MEDIA_PREPARED), ext1 (0), ext2 (0)
V/AudioCache(  120): notify(0x446def68, 1, 0, 0)
V/AudioCache(  120): prepared
V/AudioCache(  120): wait - success
V/MediaPlayerService(  120): start
V/StagefrightPlayer(  120): start
V/AwesomePlayer(  120): play
V/AwesomePlayer(  120): AwesomePlayer::play_l():: This is not a DRM content
V/AwesomePlayer(  120): startAudioPlayer_l, sendErrorNotification (0)
E/AXLOG   (30279): SideMenu-loading**StartU[1419817846424]**
I/OMXCodec(  120): [OMX.google.vorbis.decoder] 0onCmdComplete  mState =  7
I/OMXCodec(  120): [OMX.google.vorbis.decoder] PORT_DISABLED(1)
I/OMXCodec(  120): [OMX.google.vorbis.decoder] allocating 4 buffers of size 32768 on output port
I/v_hwc   (  117): hwc prepare: 3D composition
I/AudioPlayer(  120):  Audioplayer kKeyAudioPCMFormat:1, 2, 0
I/AudioPlayer(  120):  Audioplayer kKeyAudioPCMFormat read fail(2, 1)
V/AudioCache(  120): open(44100, 2, 0x0, 1, 4)
V/AwesomePlayer(  120): notifyListner_l() msg (6-MEDIA_STARTED), ext1 (0), ext2 (0)
V/AudioCache(  120): notify(0x446def68, 6, 0, 0)
V/AudioCache(  120): ignored
V/AwesomePlayer(  120): addBatteryData
V/MediaPlayerService(  120): wait for playback complete
I/v_hwc   (  117): hwc prepare: 3D composition
E/Qmage   (30279): onDecode : QmageDecodeFrame 20140421 Rev.6376 
E/Qmage   (30279): This is decoding
E/Qmage   (30279): decoding stream->hasLength()
E/Qmage   (30279): onDecode : QmageDecParseHeader call : QM
E/Qmage   (30279): Qmage parsing for decoding ok
E/Qmage   (30279): onDecode :  QmageHeader.NinePatched 0
E/Qmage   (30279): onDecode : QmageHeader Height() 34 Width() : 34 sampleSize : 1
E/Qmage   (30279): Qmage Make Color table
E/Qmage   (30279): SkBitmap::kIndex8_Config == config && 1 == sampleSize
E/Qmage   (30279): onDecode : return true QM
E/Qmage   (30279): onDecode : QmageDecodeFrame 20140421 Rev.6376 
E/Qmage   (30279): This is decoding
E/Qmage   (30279): decoding stream->hasLength()
E/Qmage   (30279): onDecode : QmageDecParseHeader call : QM
E/Qmage   (30279): Qmage parsing for decoding ok
E/Qmage   (30279): onDecode :  QmageHeader.NinePatched 0
E/Qmage   (30279): onDecode : QmageHeader Height() 78 Width() : 44 sampleSize : 1
E/Qmage   (30279): normal image decoding
E/Qmage   (30279): onDecode : QmageDecodeFrame call : QM
E/Qmage   (30279): onDecode : return true QM
I/v_hwc   (  117): hwc prepare: 3D composition
I/OMXCodec(  120): [OMX.google.vorbis.decoder] End Of Stream
V/AwesomePlayer(  120): postAudioEOS delayUs (0)
V/AwesomePlayer(  120): onCheckAudioStatus
V/AwesomePlayer(  120): onCheckAudioStatus() set AUDIO_AT_EOS flag
V/AwesomePlayer(  120): onStreamDone
V/AwesomePlayer(  120): MEDIA_PLAYBACK_COMPLETE
V/AwesomePlayer(  120): notifyListner_l() msg (2-MEDIA_PLAYBACK_COMPLETE), ext1 (0), ext2 (0)
V/AudioCache(  120): notify(0x446def68, 2, 0, 0)
V/AudioCache(  120): playback complete - thread will wake up later
V/AwesomePlayer(  120): notifyListner_l() msg (7-MEDIA_PAUSED), ext1 (0), ext2 (0)
V/AudioCache(  120): notify(0x446def68, 7, 0, 0)
V/AudioCache(  120): ignored
V/AwesomePlayer(  120): cancelPlayerEvents (keepNotifications=1)
E/Qmage   (30279): onDecode : QmageDecodeFrame 20140421 Rev.6376 
E/Qmage   (30279): This is decoding
E/Qmage   (30279): decoding stream->hasLength()
E/Qmage   (30279): onDecode : QmageDecParseHeader call : QM
E/Qmage   (30279): Qmage parsing for decoding ok
E/Qmage   (30279): onDecode :  QmageHeader.NinePatched 0
E/Qmage   (30279): onDecode : QmageHeader Height() 38 Width() : 38 sampleSize : 1
E/Qmage   (30279): normal image decoding
E/Qmage   (30279): onDecode : QmageDecodeFrame call : QM
E/Qmage   (30279): onDecode : return true QM
I/v_hwc   (  117): hwc prepare: 3D composition
V/AwesomePlayer(  120): addBatteryData
V/AudioCache(  120): wait - success
V/StagefrightPlayer(  120): reset
V/AwesomePlayer(  120): reset_l()
V/AwesomePlayer(  120): notifyListner_l() msg (8-MEDIA_STOPPED), ext1 (0), ext2 (0)
V/AudioCache(  120): notify(0x446def68, 8, 0, 0)
V/AudioCache(  120): ignored
V/AwesomePlayer(  120): cancelPlayerEvents (keepNotifications=0)
V/AwesomePlayer(  120): mAudioTrackVector clear
I/OMXCodec(  120): [OMX.google.vorbis.decoder] stop mState=4
I/OMXCodec(  120): [OMX.google.vorbis.decoder] stop() sendCommand(0x392, OMX_CommandStateSet, OMX_StateIdle)
I/OMXCodec(  120): [OMX.google.vorbis.decoder] Now Idle. Component sends idle done Event 
I/OMXCodec(  120): [OMX.google.vorbis.decoder] stopOmxComponent_l() mstate = 1
I/OggExtractor(  120): OggSource::stop() mExtractor ref count = 1
I/OggExtractor(  120): OggSource::~OggSource() mExtractor !mStarted ref count = 1
I/OggExtractor(  120): ~OggSource --
I/OggExtractor(  120): ~OggExtractor ++
I/OggExtractor(  120): ~MyVorbisExtractor ++ 
I/OggExtractor(  120): ~MyVorbisExtractor --
I/OggExtractor(  120): ~OggExtractor --
I/AudioPlayer(  120): reset out
V/AwesomePlayer(  120): reset_l() mAudioPlayer successfully deleted
I/SecMediaClock(  120): SecMediaClock destructor
V/AwesomePlayer(  120): mSecMediaClock clear
V/StagefrightPlayer(  120): ~StagefrightPlayer
V/StagefrightPlayer(  120): reset
V/AwesomePlayer(  120): reset_l()
V/AwesomePlayer(  120): notifyListner_l() msg (8-MEDIA_STOPPED), ext1 (0), ext2 (0)
V/AwesomePlayer(  120): cancelPlayerEvents (keepNotifications=0)
V/AwesomePlayer(  120): mAudioTrackVector clear
V/AwesomePlayer(  120): reset_l() mAudioPlayer successfully deleted
V/AwesomePlayer(  120): mSecMediaClock clear
V/AwesomePlayer(  120): destructor
V/AwesomePlayer(  120): reset_l()
V/AwesomePlayer(  120): notifyListner_l() msg (8-MEDIA_STOPPED), ext1 (0), ext2 (0)
V/AwesomePlayer(  120): cancelPlayerEvents (keepNotifications=0)
V/AwesomePlayer(  120): mAudioTrackVector clear
V/AwesomePlayer(  120): reset_l() mAudioPlayer successfully deleted
V/AwesomePlayer(  120): mSecMediaClock clear
V/Camera  (30279): onLoadComplete: 12, 0
E/Qmage   (30279): onDecode : QmageDecodeFrame 20140421 Rev.6376 
E/Qmage   (30279): This is decoding
E/Qmage   (30279): decoding stream->hasLength()
E/Qmage   (30279): onDecode : QmageDecParseHeader call : QM
E/Qmage   (30279): Qmage parsing for decoding ok
E/Qmage   (30279): onDecode :  QmageHeader.NinePatched 0
E/Qmage   (30279): onDecode : QmageHeader Height() 158 Width() : 75 sampleSize : 1
E/Qmage   (30279): normal image decoding
E/Qmage   (30279): onDecode : QmageDecodeFrame call : QM
E/Qmage   (30279): onDecode : return true QM
I/v_hwc   (  117): hwc prepare: 3D composition
E/Qmage   (30279): onDecode : QmageDecodeFrame 20140421 Rev.6376 
E/Qmage   (30279): This is decoding
E/Qmage   (30279): decoding stream->hasLength()
E/Qmage   (30279): onDecode : QmageDecParseHeader call : QM
E/Qmage   (30279): Qmage parsing for decoding ok
E/Qmage   (30279): onDecode :  QmageHeader.NinePatched 0
E/Qmage   (30279): onDecode : QmageHeader Height() 88 Width() : 88 sampleSize : 1
E/Qmage   (30279): Qmage Make Color table
E/Qmage   (30279): SkBitmap::kIndex8_Config == config && 1 == sampleSize
E/Qmage   (30279): onDecode : return true QM
I/v_hwc   (  117): hwc prepare: 3D composition
I/v_hwc   (  117): hwc prepare: 3D composition
E/Qmage   (30279): onDecode : QmageDecodeFrame 20140421 Rev.6376 
E/Qmage   (30279): This is decoding
E/Qmage   (30279): decoding stream->hasLength()
E/Qmage   (30279): onDecode : QmageDecParseHeader call : QM
E/Qmage   (30279): Qmage parsing for decoding ok
E/Qmage   (30279): onDecode :  QmageHeader.NinePatched 0
E/Qmage   (30279): onDecode : QmageHeader Height() 60 Width() : 60 sampleSize : 1
E/Qmage   (30279): normal image decoding
E/Qmage   (30279): onDecode : QmageDecodeFrame call : QM
E/Qmage   (30279): onDecode : return true QM
E/Qmage   (30279): onDecode : QmageDecodeFrame 20140421 Rev.6376 
E/Qmage   (30279): This is decoding
E/Qmage   (30279): decoding stream->hasLength()
E/Qmage   (30279): onDecode : QmageDecParseHeader call : QM
E/Qmage   (30279): Qmage parsing for decoding ok
E/Qmage   (30279): onDecode :  QmageHeader.NinePatched 0
E/Qmage   (30279): onDecode : QmageHeader Height() 60 Width() : 60 sampleSize : 1
E/Qmage   (30279): normal image decoding
E/Qmage   (30279): onDecode : QmageDecodeFrame call : QM
E/Qmage   (30279): onDecode : return true QM
E/Qmage   (30279): onDecode : QmageDecodeFrame 20140421 Rev.6376 
E/Qmage   (30279): This is decoding
E/Qmage   (30279): decoding stream->hasLength()
E/Qmage   (30279): onDecode : QmageDecParseHeader call : QM
E/Qmage   (30279): Qmage parsing for decoding ok
E/Qmage   (30279): onDecode :  QmageHeader.NinePatched 0
E/Qmage   (30279): onDecode : QmageHeader Height() 60 Width() : 60 sampleSize : 1
E/Qmage   (30279): Qmage Make Color table
E/Qmage   (30279): SkBitmap::kIndex8_Config == config && 1 == sampleSize
E/Qmage   (30279): onDecode : return true QM
I/v_hwc   (  117): hwc prepare: 3D composition
E/Qmage   (30279): onDecode : QmageDecodeFrame 20140421 Rev.6376 
E/Qmage   (30279): This is decoding
E/Qmage   (30279): decoding stream->hasLength()
E/Qmage   (30279): onDecode : QmageDecParseHeader call : QM
E/Qmage   (30279): Qmage parsing for decoding ok
E/Qmage   (30279): onDecode :  QmageHeader.NinePatched 0
E/Qmage   (30279): onDecode : QmageHeader Height() 60 Width() : 60 sampleSize : 1
E/Qmage   (30279): normal image decoding
E/Qmage   (30279): onDecode : QmageDecodeFrame call : QM
E/Qmage   (30279): onDecode : return true QM
I/v_hwc   (  117): hwc prepare: 3D composition
D/STATUSBAR-NetworkController(  647): onReceive() - RSSI_CHANGED_ACTION, WIFI_STATE, NETWORK_STATE
D/STATUSBAR-NetworkController(  647): refreshSignalCluster - setNWBoosterIndicators(false)
D/STATUSBAR-NetworkController(  647): refreshSignalCluster: data=-1 bt=false
I/v_hwc   (  117): hwc prepare: 3D composition
D/STATUSBAR-IconMerger(  647): checkOverflow(840), More:false, Req:false Child:10
I/v_hwc   (  117): hwc prepare: 3D composition
E/Qmage   (30279): onDecode : QmageDecodeFrame 20140421 Rev.6376 
E/Qmage   (30279): This is decoding
E/Qmage   (30279): decoding stream->hasLength()
E/Qmage   (30279): onDecode : QmageDecParseHeader call : QM
E/Qmage   (30279): Qmage parsing for decoding ok
E/Qmage   (30279): onDecode :  QmageHeader.NinePatched 0
E/Qmage   (30279): onDecode : QmageHeader Height() 60 Width() : 60 sampleSize : 1
E/Qmage   (30279): Qmage Make Color table
E/Qmage   (30279): SkBitmap::kIndex8_Config == config && 1 == sampleSize
E/Qmage   (30279): onDecode : return true QM
E/Qmage   (30279): onDecode : QmageDecodeFrame 20140421 Rev.6376 
E/Qmage   (30279): This is decoding
E/Qmage   (30279): decoding stream->hasLength()
E/Qmage   (30279): onDecode : QmageDecParseHeader call : QM
E/Qmage   (30279): Qmage parsing for decoding ok
E/Qmage   (30279): onDecode :  QmageHeader.NinePatched 0
E/Qmage   (30279): onDecode : QmageHeader Height() 60 Width() : 60 sampleSize : 1
E/Qmage   (30279): Qmage Make Color table
E/Qmage   (30279): SkBitmap::kIndex8_Config == config && 1 == sampleSize
E/Qmage   (30279): onDecode : return true QM
E/Qmage   (30279): onDecode : QmageDecodeFrame 20140421 Rev.6376 
E/Qmage   (30279): This is decoding
E/Qmage   (30279): decoding stream->hasLength()
E/Qmage   (30279): onDecode : QmageDecParseHeader call : QM
E/Qmage   (30279): Qmage parsing for decoding ok
E/Qmage   (30279): onDecode :  QmageHeader.NinePatched 0
E/Qmage   (30279): onDecode : QmageHeader Height() 60 Width() : 60 sampleSize : 1
E/Qmage   (30279): Qmage Make Color table
E/Qmage   (30279): SkBitmap::kIndex8_Config == config && 1 == sampleSize
E/Qmage   (30279): onDecode : return true QM
E/Qmage   (30279): onDecode : QmageDecodeFrame 20140421 Rev.6376 
E/Qmage   (30279): This is decoding
E/Qmage   (30279): decoding stream->hasLength()
E/Qmage   (30279): onDecode : QmageDecParseHeader call : QM
E/Qmage   (30279): Qmage parsing for decoding ok
E/Qmage   (30279): onDecode :  QmageHeader.NinePatched 0
E/Qmage   (30279): onDecode : QmageHeader Height() 60 Width() : 60 sampleSize : 1
E/Qmage   (30279): Qmage Make Color table
E/Qmage   (30279): SkBitmap::kIndex8_Config == config && 1 == sampleSize
E/Qmage   (30279): onDecode : return true QM
I/v_hwc   (  117): hwc prepare: 3D composition
E/Qmage   (30279): onDecode : QmageDecodeFrame 20140421 Rev.6376 
E/Qmage   (30279): This is decoding
E/Qmage   (30279): decoding stream->hasLength()
E/Qmage   (30279): onDecode : QmageDecParseHeader call : QM
E/Qmage   (30279): Qmage parsing for decoding ok
E/Qmage   (30279): onDecode :  QmageHeader.NinePatched 0
E/Qmage   (30279): onDecode : QmageHeader Height() 60 Width() : 60 sampleSize : 1
E/Qmage   (30279): normal image decoding
E/Qmage   (30279): onDecode : QmageDecodeFrame call : QM
E/Qmage   (30279): onDecode : return true QM
E/Qmage   (30279): onDecode : QmageDecodeFrame 20140421 Rev.6376 
E/Qmage   (30279): This is decoding
E/Qmage   (30279): decoding stream->hasLength()
E/Qmage   (30279): onDecode : QmageDecParseHeader call : QM
E/Qmage   (30279): Qmage parsing for decoding ok
E/Qmage   (30279): onDecode :  QmageHeader.NinePatched 0
E/Qmage   (30279): onDecode : QmageHeader Height() 60 Width() : 60 sampleSize : 1
D/STATUSBAR-NetworkController(  647): refreshSignalCluster - setNWBoosterIndicators(false)
D/STATUSBAR-NetworkController(  647): refreshSignalCluster: data=-1 bt=false
E/Qmage   (30279): normal image decoding
E/Qmage   (30279): onDecode : QmageDecodeFrame call : QM
E/Qmage   (30279): onDecode : return true QM
I/v_hwc   (  117): hwc prepare: 3D composition
E/Qmage   (30279): onDecode : QmageDecodeFrame 20140421 Rev.6376 
E/Qmage   (30279): This is decoding
E/Qmage   (30279): decoding stream->hasLength()
E/Qmage   (30279): onDecode : QmageDecParseHeader call : QM
E/Qmage   (30279): Qmage parsing for decoding ok
E/Qmage   (30279): onDecode :  QmageHeader.NinePatched 0
E/Qmage   (30279): onDecode : QmageHeader Height() 60 Width() : 60 sampleSize : 1
E/Qmage   (30279): normal image decoding
E/Qmage   (30279): onDecode : QmageDecodeFrame call : QM
E/Qmage   (30279): onDecode : return true QM
E/Qmage   (30279): onDecode : QmageDecodeFrame 20140421 Rev.6376 
E/Qmage   (30279): This is decoding
E/Qmage   (30279): decoding stream->hasLength()
E/Qmage   (30279): onDecode : QmageDecParseHeader call : QM
E/Qmage   (30279): Qmage parsing for decoding ok
E/Qmage   (30279): onDecode :  QmageHeader.NinePatched 0
E/Qmage   (30279): onDecode : QmageHeader Height() 60 Width() : 60 sampleSize : 1
D/STATUSBAR-IconMerger(  647): checkOverflow(840), More:false, Req:false Child:10
E/Qmage   (30279): normal image decoding
E/Qmage   (30279): onDecode : QmageDecodeFrame call : QM
E/Qmage   (30279): onDecode : return true QM
E/BufferQueue(  117): [SurfaceView] dequeueBuffer: min undequeued buffer count (1) exceeded (dequeued=2 undequeudCount=0)
E/Qmage   (30279): onDecode : QmageDecodeFrame 20140421 Rev.6376 
E/Qmage   (30279): This is decoding
E/Qmage   (30279): decoding stream->hasLength()
E/Qmage   (30279): onDecode : QmageDecParseHeader call : QM
E/Qmage   (30279): Qmage parsing for decoding ok
E/Qmage   (30279): onDecode :  QmageHeader.NinePatched 0
E/Qmage   (30279): onDecode : QmageHeader Height() 60 Width() : 60 sampleSize : 1
E/Qmage   (30279): Qmage Make Color table
E/Qmage   (30279): SkBitmap::kIndex8_Config == config && 1 == sampleSize
E/Qmage   (30279): onDecode : return true QM
E/Qmage   (30279): onDecode : QmageDecodeFrame 20140421 Rev.6376 
E/Qmage   (30279): This is decoding
E/Qmage   (30279): decoding stream->hasLength()
E/Qmage   (30279): onDecode : QmageDecParseHeader call : QM
E/Qmage   (30279): Qmage parsing for decoding ok
E/Qmage   (30279): onDecode :  QmageHeader.NinePatched 0
E/Qmage   (30279): onDecode : QmageHeader Height() 60 Width() : 60 sampleSize : 1
E/Qmage   (30279): Qmage Make Color table
E/Qmage   (30279): SkBitmap::kIndex8_Config == config && 1 == sampleSize
E/Qmage   (30279): onDecode : return true QM
E/Qmage   (30279): onDecode : QmageDecodeFrame 20140421 Rev.6376 
E/Qmage   (30279): This is decoding
E/Qmage   (30279): decoding stream->hasLength()
E/Qmage   (30279): onDecode : QmageDecParseHeader call : QM
E/Qmage   (30279): Qmage parsing for decoding ok
E/Qmage   (30279): onDecode :  QmageHeader.NinePatched 0
E/Qmage   (30279): onDecode : QmageHeader Height() 60 Width() : 60 sampleSize : 1
E/Qmage   (30279): Qmage Make Color table
E/Qmage   (30279): SkBitmap::kIndex8_Config == config && 1 == sampleSize
E/Qmage   (30279): onDecode : return true QM
E/Qmage   (30279): onDecode : QmageDecodeFrame 20140421 Rev.6376 
E/Qmage   (30279): This is decoding
E/Qmage   (30279): decoding stream->hasLength()
E/Qmage   (30279): onDecode : QmageDecParseHeader call : QM
E/Qmage   (30279): Qmage parsing for decoding ok
E/Qmage   (30279): onDecode :  QmageHeader.NinePatched 0
E/Qmage   (30279): onDecode : QmageHeader Height() 60 Width() : 60 sampleSize : 1
E/Qmage   (30279): Qmage Make Color table
E/Qmage   (30279): SkBitmap::kIndex8_Config == config && 1 == sampleSize
E/Qmage   (30279): onDecode : return true QM
E/Qmage   (30279): onDecode : QmageDecodeFrame 20140421 Rev.6376 
E/Qmage   (30279): This is decoding
E/Qmage   (30279): decoding stream->hasLength()
E/Qmage   (30279): onDecode : QmageDecParseHeader call : QM
E/Qmage   (30279): Qmage parsing for decoding ok
E/Qmage   (30279): onDecode :  QmageHeader.NinePatched 0
E/Qmage   (30279): onDecode : QmageHeader Height() 60 Width() : 60 sampleSize : 1
E/Qmage   (30279): Qmage Make Color table
E/Qmage   (30279): SkBitmap::kIndex8_Config == config && 1 == sampleSize
E/Qmage   (30279): onDecode : return true QM
E/Qmage   (30279): onDecode : QmageDecodeFrame 20140421 Rev.6376 
E/Qmage   (30279): This is decoding
E/Qmage   (30279): decoding stream->hasLength()
E/Qmage   (30279): onDecode : QmageDecParseHeader call : QM
E/Qmage   (30279): Qmage parsing for decoding ok
E/Qmage   (30279): onDecode :  QmageHeader.NinePatched 0
E/Qmage   (30279): onDecode : QmageHeader Height() 60 Width() : 60 sampleSize : 1
E/Qmage   (30279): Qmage Make Color table
E/Qmage   (30279): SkBitmap::kIndex8_Config == config && 1 == sampleSize
E/Qmage   (30279): onDecode : return true QM
E/Qmage   (30279): onDecode : QmageDecodeFrame 20140421 Rev.6376 
E/Qmage   (30279): This is decoding
E/Qmage   (30279): decoding stream->hasLength()
E/Qmage   (30279): onDecode : QmageDecParseHeader call : QM
E/Qmage   (30279): Qmage parsing for decoding ok
E/Qmage   (30279): onDecode :  QmageHeader.NinePatched 0
E/Qmage   (30279): onDecode : QmageHeader Height() 60 Width() : 60 sampleSize : 1
E/Qmage   (30279): Qmage Make Color table
E/Qmage   (30279): SkBitmap::kIndex8_Config == config && 1 == sampleSize
E/Qmage   (30279): onDecode : return true QM
E/Qmage   (30279): onDecode : QmageDecodeFrame 20140421 Rev.6376 
E/Qmage   (30279): This is decoding
E/Qmage   (30279): decoding stream->hasLength()
E/Qmage   (30279): onDecode : QmageDecParseHeader call : QM
E/Qmage   (30279): Qmage parsing for decoding ok
E/Qmage   (30279): onDecode :  QmageHeader.NinePatched 0
E/Qmage   (30279): onDecode : QmageHeader Height() 60 Width() : 60 sampleSize : 1
E/Qmage   (30279): normal image decoding
E/Qmage   (30279): onDecode : QmageDecodeFrame call : QM
E/Qmage   (30279): onDecode : return true QM
E/BargeInRecognizer(30279): make new BargeInRecognizer
E/BargeInRecognizer(30279): Error : Could not find libsasr-jni.so
E/BargeInRecognizer(30279): stringLanguage : en
E/BargeInRecognizer(30279): stringCountry : US
E/BargeInRecognizer(30279): sVoiceLanguage : en-US
E/BargeInRecognizer(30279): isEnableBargeIn : false
E/BargeInRecognizer(30279): uselanguage : 1
E/BargeInRecognizer(30279): isEnableChineseBargeIn : false
E/BargeInRecognizer(30279): isEnableJapaneseBargeIn : true
E/BargeInRecognizer(30279): isEnableRussianBargeIn : true
E/Qmage   (30279): onDecode : QmageDecodeFrame 20140421 Rev.6376 
E/Qmage   (30279): This is decoding
E/Qmage   (30279): decoding stream->hasLength()
E/Qmage   (30279): onDecode : QmageDecParseHeader call : QM
E/Qmage   (30279): Qmage parsing for decoding ok
E/Qmage   (30279): onDecode :  QmageHeader.NinePatched 0
E/Qmage   (30279): onDecode : QmageHeader Height() 60 Width() : 60 sampleSize : 1
E/Qmage   (30279): Qmage Make Color table
E/Qmage   (30279): SkBitmap::kIndex8_Config == config && 1 == sampleSize
E/Qmage   (30279): onDecode : return true QM
E/Qmage   (30279): onDecode : QmageDecodeFrame 20140421 Rev.6376 
E/Qmage   (30279): This is decoding
E/Qmage   (30279): decoding stream->hasLength()
E/Qmage   (30279): onDecode : QmageDecParseHeader call : QM
E/Qmage   (30279): Qmage parsing for decoding ok
E/Qmage   (30279): onDecode :  QmageHeader.NinePatched 0
E/Qmage   (30279): onDecode : QmageHeader Height() 60 Width() : 60 sampleSize : 1
E/Qmage   (30279): Qmage Make Color table
E/Qmage   (30279): SkBitmap::kIndex8_Config == config && 1 == sampleSize
E/Qmage   (30279): onDecode : return true QM
E/Qmage   (30279): onDecode : QmageDecodeFrame 20140421 Rev.6376 
E/Qmage   (30279): This is decoding
E/Qmage   (30279): decoding stream->hasLength()
E/Qmage   (30279): onDecode : QmageDecParseHeader call : QM
E/Qmage   (30279): Qmage parsing for decoding ok
E/Qmage   (30279): onDecode :  QmageHeader.NinePatched 0
E/Qmage   (30279): onDecode : QmageHeader Height() 60 Width() : 60 sampleSize : 1
E/Qmage   (30279): Qmage Make Color table
E/Qmage   (30279): SkBitmap::kIndex8_Config == config && 1 == sampleSize
E/Qmage   (30279): onDecode : return true QM
E/Qmage   (30279): onDecode : QmageDecodeFrame 20140421 Rev.6376 
E/Qmage   (30279): This is decoding
E/Qmage   (30279): decoding stream->hasLength()
E/Qmage   (30279): onDecode : QmageDecParseHeader call : QM
E/Qmage   (30279): Qmage parsing for decoding ok
E/Qmage   (30279): onDecode :  QmageHeader.NinePatched 0
E/Qmage   (30279): onDecode : QmageHeader Height() 60 Width() : 60 sampleSize : 1
E/Qmage   (30279): Qmage Make Color table
E/Qmage   (30279): SkBitmap::kIndex8_Config == config && 1 == sampleSize
E/Qmage   (30279): onDecode : return true QM
I/SurfaceFlinger(  117): id=2829 Removed TcreenshotS (14/18)
I/SurfaceFlinger(  117): id=2833 Removed ClackSurfac (14/17)
I/SurfaceFlinger(  117): id=2829 Removed TcreenshotS (-2/17)
I/SurfaceFlinger(  117): id=2834 Removed ClackSurfac (14/16)
I/SurfaceFlinger(  117): id=2833 Removed ClackSurfac (-2/16)
I/SurfaceFlinger(  117): id=2835 Removed ClackSurfac (14/15)
I/SurfaceFlinger(  117): id=2834 Removed ClackSurfac (-2/15)
I/SurfaceFlinger(  117): id=2836 Removed ClackSurfac (14/14)
I/SurfaceFlinger(  117): id=2835 Removed ClackSurfac (-2/14)
E/Qmage   (30279): onDecode : QmageDecodeFrame 20140421 Rev.6376 
E/Qmage   (30279): This is decoding
E/Qmage   (30279): decoding stream->hasLength()
E/Qmage   (30279): onDecode : QmageDecParseHeader call : QM
E/Qmage   (30279): Qmage parsing for decoding ok
E/Qmage   (30279): onDecode :  QmageHeader.NinePatched 0
E/Qmage   (30279): onDecode : QmageHeader Height() 600 Width() : 112 sampleSize : 1
E/Qmage   (30279): Qmage Make Color table
E/Qmage   (30279): SkBitmap::kIndex8_Config == config && 1 == sampleSize
E/Qmage   (30279): onDecode : return true QM
I/SurfaceFlinger(  117): id=2836 Removed ClackSurfac (-2/14)
D/KeyguardUpdateMonitor(  647): sendKeyguardVisibilityChanged(true)
I/KeyguardUpdateMonitor(  647): visibility is same
V/WindowOrientationListener(  549): ScreenOrientationEventListenerImpl.getProposedRotationLocked, Rotation: -1
V/WindowOrientationListener(  549): ScreenOrientationEventListenerImpl.getProposedRotationLocked, Rotation: -1
V/WindowManager(  549): rotationForOrientationLw(orient=0, last=1); user=1  sensorRotation=-1 mLidState=-1 mDockMode=0 mHdmiPlugged=false mAccelerometerDefault=false gripRotationLock=false
E/Qmage   (30279): onDecode : QmageDecodeFrame 20140421 Rev.6376 
E/Qmage   (30279): This is decoding
E/Qmage   (30279): decoding stream->hasLength()
E/Qmage   (30279): onDecode : QmageDecParseHeader call : QM
E/Qmage   (30279): Qmage parsing for decoding ok
E/Qmage   (30279): onDecode :  QmageHeader.NinePatched 0
E/Qmage   (30279): onDecode : QmageHeader Height() 60 Width() : 60 sampleSize : 1
E/Qmage   (30279): Qmage Make Color table
E/Qmage   (30279): SkBitmap::kIndex8_Config == config && 1 == sampleSize
E/Qmage   (30279): onDecode : return true QM
E/Qmage   (30279): onDecode : QmageDecodeFrame 20140421 Rev.6376 
E/Qmage   (30279): This is decoding
E/Qmage   (30279): decoding stream->hasLength()
E/Qmage   (30279): onDecode : QmageDecParseHeader call : QM
E/Qmage   (30279): Qmage parsing for decoding ok
E/Qmage   (30279): onDecode :  QmageHeader.NinePatched 0
E/Qmage   (30279): onDecode : QmageHeader Height() 60 Width() : 60 sampleSize : 1
E/Qmage   (30279): Qmage Make Color table
E/Qmage   (30279): SkBitmap::kIndex8_Config == config && 1 == sampleSize
E/Qmage   (30279): onDecode : return true QM
V/CameraSettings(30279): getDefaultCameraQuality: 0
V/CameraSettings(30279): getDefaultCameraQuality: 0
E/Qmage   (30279): onDecode : QmageDecodeFrame 20140421 Rev.6376 
E/Qmage   (30279): This is decoding
E/Qmage   (30279): decoding stream->hasLength()
E/Qmage   (30279): onDecode : QmageDecParseHeader call : QM
E/Qmage   (30279): Qmage parsing for decoding ok
E/Qmage   (30279): onDecode :  QmageHeader.NinePatched 0
E/Qmage   (30279): onDecode : QmageHeader Height() 60 Width() : 60 sampleSize : 1
E/Qmage   (30279): Qmage Make Color table
E/Qmage   (30279): SkBitmap::kIndex8_Config == config && 1 == sampleSize
E/Qmage   (30279): onDecode : return true QM
E/Qmage   (30279): onDecode : QmageDecodeFrame 20140421 Rev.6376 
E/Qmage   (30279): This is decoding
E/Qmage   (30279): decoding stream->hasLength()
E/Qmage   (30279): onDecode : QmageDecParseHeader call : QM
E/Qmage   (30279): Qmage parsing for decoding ok
E/Qmage   (30279): onDecode :  QmageHeader.NinePatched 0
E/Qmage   (30279): onDecode : QmageHeader Height() 60 Width() : 60 sampleSize : 1
E/Qmage   (30279): Qmage Make Color table
E/Qmage   (30279): SkBitmap::kIndex8_Config == config && 1 == sampleSize
E/Qmage   (30279): onDecode : return true QM
E/Qmage   (30279): onDecode : QmageDecodeFrame 20140421 Rev.6376 
E/Qmage   (30279): This is decoding
E/Qmage   (30279): decoding stream->hasLength()
E/Qmage   (30279): onDecode : QmageDecParseHeader call : QM
E/Qmage   (30279): Qmage parsing for decoding ok
E/Qmage   (30279): onDecode :  QmageHeader.NinePatched 0
E/Qmage   (30279): onDecode : QmageHeader Height() 32 Width() : 32 sampleSize : 1
E/Qmage   (30279): Qmage Make Color table
E/Qmage   (30279): SkBitmap::kIndex8_Config == config && 1 == sampleSize
E/Qmage   (30279): onDecode : return true QM
E/Qmage   (30279): onDecode : QmageDecodeFrame 20140421 Rev.6376 
E/Qmage   (30279): This is decoding
